Archive member included to satisfy reference by file (symbol)

app/libapp.a(stdlib.c.obj)    (--whole-archive)
app/libapp.a(activity.c.obj)  (--whole-archive)
app/libapp.a(behavior.c.obj)  (--whole-archive)
app/libapp.a(matrix_transform.c.obj)
                              (--whole-archive)
app/libapp.a(physical_layouts.c.obj)
                              (--whole-archive)
app/libapp.a(sensors.c.obj)   (--whole-archive)
app/libapp.a(event_manager.c.obj)
                              (--whole-archive)
app/libapp.a(ext_power_generic.c.obj)
                              (--whole-archive)
app/libapp.a(activity_state_changed.c.obj)
                              (--whole-archive)
app/libapp.a(position_state_changed.c.obj)
                              (--whole-archive)
app/libapp.a(sensor_event.c.obj)
                              (--whole-archive)
app/libapp.a(usb_conn_state_changed.c.obj)
                              (--whole-archive)
app/libapp.a(behavior_reset.c.obj)
                              (--whole-archive)
app/libapp.a(behavior_ext_power.c.obj)
                              (--whole-archive)
app/libapp.a(battery_state_changed.c.obj)
                              (--whole-archive)
app/libapp.a(battery.c.obj)   (--whole-archive)
app/libapp.a(split_peripheral_status_changed.c.obj)
                              (--whole-archive)
app/libapp.a(service.c.obj)   (--whole-archive)
app/libapp.a(peripheral.c.obj)
                              (--whole-archive)
app/libapp.a(peripheral.c.obj)
                              (--whole-archive)
app/libapp.a(usb.c.obj)       (--whole-archive)
app/libapp.a(workqueue.c.obj)
                              (--whole-archive)
app/libapp.a(main.c.obj)      (--whole-archive)
app/libapp.a(reset_settings_nvs.c.obj)
                              (--whole-archive)
zephyr/libzephyr.a(crc32c_sw.c.obj)
                              (--whole-archive)
zephyr/libzephyr.a(crc32_sw.c.obj)
                              (--whole-archive)
zephyr/libzephyr.a(crc16_sw.c.obj)
                              (--whole-archive)
zephyr/libzephyr.a(crc8_sw.c.obj)
                              (--whole-archive)
zephyr/libzephyr.a(crc7_sw.c.obj)
                              (--whole-archive)
zephyr/libzephyr.a(crc4_sw.c.obj)
                              (--whole-archive)
zephyr/libzephyr.a(cbprintf_packaged.c.obj)
                              (--whole-archive)
zephyr/libzephyr.a(dec.c.obj)
                              (--whole-archive)
zephyr/libzephyr.a(hex.c.obj)
                              (--whole-archive)
zephyr/libzephyr.a(printk.c.obj)
                              (--whole-archive)
zephyr/libzephyr.a(rb.c.obj)  (--whole-archive)
zephyr/libzephyr.a(sem.c.obj)
                              (--whole-archive)
zephyr/libzephyr.a(thread_entry.c.obj)
                              (--whole-archive)
zephyr/libzephyr.a(timeutil.c.obj)
                              (--whole-archive)
zephyr/libzephyr.a(heap.c.obj)
                              (--whole-archive)
zephyr/libzephyr.a(heap-validate.c.obj)
                              (--whole-archive)
zephyr/libzephyr.a(bitarray.c.obj)
                              (--whole-archive)
zephyr/libzephyr.a(multi_heap.c.obj)
                              (--whole-archive)
zephyr/libzephyr.a(onoff.c.obj)
                              (--whole-archive)
zephyr/libzephyr.a(notify.c.obj)
                              (--whole-archive)
zephyr/libzephyr.a(cbprintf_nano.c.obj)
                              (--whole-archive)
zephyr/libzephyr.a(assert.c.obj)
                              (--whole-archive)
zephyr/libzephyr.a(reboot.c.obj)
                              (--whole-archive)
zephyr/libzephyr.a(configs.c.obj)
                              (--whole-archive)
zephyr/libzephyr.a(soc_nrf_common.S.obj)
                              (--whole-archive)
zephyr/libzephyr.a(validate_base_addresses.c.obj)
                              (--whole-archive)
zephyr/libzephyr.a(validate_enabled_instances.c.obj)
                              (--whole-archive)
zephyr/libzephyr.a(nvs.c.obj)
                              (--whole-archive)
zephyr/libzephyr.a(mem_attr.c.obj)
                              (--whole-archive)
zephyr/libzephyr.a(flash_map.c.obj)
                              (--whole-archive)
zephyr/libzephyr.a(flash_map_default.c.obj)
                              (--whole-archive)
zephyr/libzephyr.a(flash_map_layout.c.obj)
                              (--whole-archive)
zephyr/libzephyr.a(tracing_none.c.obj)
                              (--whole-archive)
zephyr/libzephyr.a(usb_device.c.obj)
                              (--whole-archive)
zephyr/libzephyr.a(usb_descriptor.c.obj)
                              (--whole-archive)
zephyr/libzephyr.a(usb_transfer.c.obj)
                              (--whole-archive)
zephyr/libzephyr.a(dis.c.obj)
                              (--whole-archive)
zephyr/libzephyr.a(bas.c.obj)
                              (--whole-archive)
[...]
Memory Configuration

Name             Origin             Length             Attributes
FLASH            0x0000000000026000 0x00000000000c6000 xr
RAM              0x0000000020000000 0x0000000000040000 xw
IDT_LIST         0x00000000fffff7ff 0x0000000000000800 xw
*default*        0x0000000000000000 0xffffffffffffffff

Linker script and memory map

                0x0000000000044c44                vfprintf = __i_vfprintf
                0x0000000000000000                vfscanf = __i_vfscanf
LOAD zephyr/CMakeFiles/zephyr_pre0.dir/misc/empty_file.c.obj
LOAD zephyr/CMakeFiles/offsets.dir/./arch/arm/core/offsets/offsets.c.obj
LOAD app/libapp.a
LOAD zephyr/libzephyr.a
LOAD zephyr/arch/common/libarch__common.a
LOAD zephyr/arch/arch/arm/core/libarch__arm__core.a
LOAD zephyr/arch/arch/arm/core/cortex_m/libarch__arm__core__cortex_m.a
LOAD zephyr/arch/arch/arm/core/mpu/libarch__arm__core__mpu.a
LOAD zephyr/lib/libc/picolibc/liblib__libc__picolibc.a
LOAD zephyr/lib/libc/common/liblib__libc__common.a
LOAD zephyr/soc/soc/arm/common/cortex_m/libsoc__arm__common__cortex_m.a
LOAD zephyr/soc/soc/arm/nordic_nrf/nrf52/libsoc__arm__nordic_nrf__nrf52.a
LOAD zephyr/subsys/random/libsubsys__random.a
LOAD zephyr/subsys/bluetooth/common/libsubsys__bluetooth__common.a
LOAD zephyr/subsys/bluetooth/host/libsubsys__bluetooth__host.a
LOAD zephyr/subsys/bluetooth/crypto/libsubsys__bluetooth__crypto.a
LOAD zephyr/subsys/bluetooth/controller/libsubsys__bluetooth__controller.a
LOAD zephyr/subsys/net/libsubsys__net.a
LOAD zephyr/drivers/usb/device/libdrivers__usb__device.a
LOAD zephyr/drivers/adc/libdrivers__adc.a
LOAD zephyr/drivers/clock_control/libdrivers__clock_control.a
LOAD zephyr/drivers/entropy/libdrivers__entropy.a
LOAD zephyr/drivers/flash/libdrivers__flash.a
LOAD zephyr/drivers/gpio/libdrivers__gpio.a
LOAD zephyr/drivers/hwinfo/libdrivers__hwinfo.a
LOAD zephyr/drivers/kscan/libdrivers__kscan.a
LOAD zephyr/drivers/pinctrl/libdrivers__pinctrl.a
LOAD zephyr/drivers/sensor/nrf5/libdrivers__sensor__nrf5.a
LOAD zephyr/drivers/timer/libdrivers__timer.a
LOAD modules/hal_nordic/nrfx/libmodules__hal_nordic__nrfx.a
LOAD modules/module/drivers/sensor/battery/lib..__app__module__drivers__sensor__battery.a
LOAD modules/module/drivers/sensor/ec11/lib..__app__module__drivers__sensor__ec11.a
LOAD modules/module/lib/zmk_debounce/lib..__app__module__lib__zmk_debounce.a
LOAD zephyr/kernel/libkernel.a
LOAD /opt/zephyr-sdk-0.16.9/arm-zephyr-eabi/bin/../lib/gcc/arm-zephyr-eabi/12.2.0/thumb/v7e-m+fp/hard/libgcc.a
LOAD zephyr/arch/common/libisr_tables.a
LOAD /opt/zephyr-sdk-0.16.9/arm-zephyr-eabi/bin/../lib/gcc/../../picolibc/arm-zephyr-eabi/lib/thumb/v7e-m+fp/hard/libc.a
LOAD /opt/zephyr-sdk-0.16.9/arm-zephyr-eabi/bin/../lib/gcc/arm-zephyr-eabi/12.2.0/thumb/v7e-m+fp/hard/libgcc.a
                0x0000000000000020                _region_min_align = 0x20

.rel.plt        0x0000000000026000        0x0
 *(SORT_BY_ALIGNMENT(.rel.plt))
                [!provide]                        PROVIDE (__rel_iplt_start = .)
 *(SORT_BY_ALIGNMENT(.rel.iplt))
 .rel.iplt      0x0000000000026000        0x0 app/libapp.a(stdlib.c.obj)
                [!provide]                        PROVIDE (__rel_iplt_end = .)

.rela.plt       0x0000000000000000        0x0
 *(SORT_BY_ALIGNMENT(.rela.plt))
                [!provide]                        PROVIDE (__rela_iplt_start = .)
 *(SORT_BY_ALIGNMENT(.rela.iplt))
                [!provide]                        PROVIDE (__rela_iplt_end = .)

.rel.dyn
 *(SORT_BY_ALIGNMENT(.rel.*))

.rela.dyn
 *(SORT_BY_ALIGNMENT(.rela.*))

/DISCARD/
 *(SORT_BY_ALIGNMENT(.plt))

/DISCARD/
 *(SORT_BY_ALIGNMENT(.iplt))
                0x0000000000026000                __rom_region_start = 0x26000

rom_start       0x0000000000026000      0x100
                0x0000000000026000                __rom_start_address = .
 FILL mask 0x00
                0x0000000000026000                . = (. + (0x0 - (. - __rom_start_address)))
                0x0000000000026000                . = ALIGN (0x4)
                0x0000000000026000                . = ALIGN (0x80)
                0x0000000000026000                . = ALIGN (0x100)
                0x0000000000026000                _vector_start = .
 *(SORT_BY_ALIGNMENT(.exc_vector_table))
 *(SORT_BY_ALIGNMENT(.exc_vector_table.*))
 .exc_vector_table._vector_table_section
                0x0000000000026000       0x40 zephyr/arch/arch/arm/core/cortex_m/libarch__arm__core__cortex_m.a(vector_table.S.obj)
                0x0000000000026000                _vector_table
 *(SORT_BY_ALIGNMENT(.vectors))
                0x0000000000026100                _vector_end = .
                0x0000000000026040                . = ALIGN (0x4)
 *(SORT_BY_ALIGNMENT(.gnu.linkonce.irq_vector_table*))
 .gnu.linkonce.irq_vector_table
                0x0000000000026040       0xc0 zephyr/arch/common/libisr_tables.a(isr_tables.c.obj)
                0x0000000000026040                _irq_vector_table
                0x0000000000026100                _vector_end = .

text            0x0000000000026100    0x264f4
                0x0000000000026100                __text_region_start = .
 *(SORT_BY_ALIGNMENT(.text))
 .text          0x0000000000026100       0x30 /opt/zephyr-sdk-0.16.9/arm-zephyr-eabi/bin/../lib/gcc/arm-zephyr-eabi/12.2.0/thumb/v7e-m+fp/hard/libgcc.a(_aeabi_uldivmod.o)
                0x0000000000026100                __aeabi_uldivmod
 .text          0x0000000000026130        0x4 /opt/zephyr-sdk-0.16.9/arm-zephyr-eabi/bin/../lib/gcc/arm-zephyr-eabi/12.2.0/thumb/v7e-m+fp/hard/libgcc.a(_dvmd_tls.o)
                0x0000000000026130                __aeabi_ldiv0
                0x0000000000026130                __aeabi_idiv0
 .text          0x0000000000026134      0x2a0 /opt/zephyr-sdk-0.16.9/arm-zephyr-eabi/bin/../lib/gcc/arm-zephyr-eabi/12.2.0/thumb/v7e-m+fp/hard/libgcc.a(_udivmoddi4.o)
                0x0000000000026134                __udivmoddi4
 .text          0x00000000000263d4       0x14 /opt/zephyr-sdk-0.16.9/arm-zephyr-eabi/bin/../lib/gcc/../../picolibc/arm-zephyr-eabi/lib/thumb/v7e-m+fp/hard/libc.a(strcmp.S.o)
                0x00000000000263d4                strcmp
 .text          0x00000000000263e8       0x10 /opt/zephyr-sdk-0.16.9/arm-zephyr-eabi/bin/../lib/gcc/../../picolibc/arm-zephyr-eabi/lib/thumb/v7e-m+fp/hard/libc.a(strcpy.S.o)
                0x00000000000263e8                strcpy
 .text          0x00000000000263f8       0x10 /opt/zephyr-sdk-0.16.9/arm-zephyr-eabi/bin/../lib/gcc/../../picolibc/arm-zephyr-eabi/lib/thumb/v7e-m+fp/hard/libc.a(strlen.S.o)
                0x00000000000263f8                strlen
 *(SORT_BY_ALIGNMENT(.text.*))
 .text.bt_init  0x0000000000026408      0x408 zephyr/subsys/bluetooth/host/libsubsys__bluetooth__host.a(hci_core.c.obj)
 .text.ull_drift_ticks_get
                0x0000000000026810       0x94 zephyr/subsys/bluetooth/controller/libsubsys__bluetooth__controller.a(ull.c.obj)
                0x0000000000026810                ull_drift_ticks_get
 *fill*         0x00000000000268a4        0x4 
 .text.hci_init
                0x00000000000268a8       0x50 zephyr/subsys/bluetooth/controller/libsubsys__bluetooth__controller.a(hci.c.obj)
                0x00000000000268a8                hci_init
 .text.ll_adv_enable
                0x00000000000268f8      0x368 zephyr/subsys/bluetooth/controller/libsubsys__bluetooth__controller.a(ull_adv.c.obj)
                0x00000000000268f8                ll_adv_enable
 .text.ull_adv_time_update
                0x0000000000026c60       0xbc zephyr/subsys/bluetooth/controller/libsubsys__bluetooth__controller.a(ull_adv.c.obj)
                0x0000000000026c60                ull_adv_time_update
 *fill*         0x0000000000026d1c        0x4 
 .text.ull_conn_update_ticker.constprop.0
                0x0000000000026d20      0x12c zephyr/subsys/bluetooth/controller/libsubsys__bluetooth__controller.a(ull_conn.c.obj)
 *fill*         0x0000000000026e4c        0x4 
 .text.ull_conn_done
                0x0000000000026e50      0x3a0 zephyr/subsys/bluetooth/controller/libsubsys__bluetooth__controller.a(ull_conn.c.obj)
                0x0000000000026e50                ull_conn_done
 .text.ull_conn_update_parameters
                0x00000000000271f0      0x214 zephyr/subsys/bluetooth/controller/libsubsys__bluetooth__controller.a(ull_conn.c.obj)
                0x00000000000271f0                ull_conn_update_parameters
 *fill*         0x0000000000027404        0x4 
 .text.ull_periph_setup
                0x0000000000027408      0x450 zephyr/subsys/bluetooth/controller/libsubsys__bluetooth__controller.a(ull_peripheral.c.obj)
                0x0000000000027408                ull_periph_setup
 .text.ull_filter_reset
                0x0000000000027858       0xf4 zephyr/subsys/bluetooth/controller/libsubsys__bluetooth__controller.a(ull_filter.c.obj)
                0x0000000000027858                ull_filter_reset
 *fill*         0x000000000002794c        0x4 
 .text.nrf_flash_sync_exe
                0x0000000000027950       0xf8 zephyr/subsys/bluetooth/controller/libsubsys__bluetooth__controller.a(soc_flash_nrf_ticker.c.obj)
                0x0000000000027950                nrf_flash_sync_exe
 .text.nrf_flash_sync_check_time_limit
                0x0000000000027a48       0x48 zephyr/subsys/bluetooth/controller/libsubsys__bluetooth__controller.a(soc_flash_nrf_ticker.c.obj)
                0x0000000000027a48                nrf_flash_sync_check_time_limit
 .text.prepare_cb
                0x0000000000027a90      0x16c zephyr/subsys/bluetooth/controller/libsubsys__bluetooth__controller.a(lll_adv.c.obj)
 *fill*         0x0000000000027bfc        0x4 
 .text.prepare_cb
                0x0000000000027c00      0x230 zephyr/subsys/bluetooth/controller/libsubsys__bluetooth__controller.a(lll_peripheral.c.obj)
 .text.work_queue_main
                0x0000000000027e30      0x140 zephyr/kernel/libkernel.a(work.c.obj)
 .text.activity_expiry_function
                0x0000000000027f70        0xc app/libapp.a(activity.c.obj)
                0x0000000000027f70                activity_expiry_function
 .text.activity_init
                0x0000000000027f7c       0x3c app/libapp.a(activity.c.obj)
 .text.raise_event
                0x0000000000027fb8        0xc app/libapp.a(activity.c.obj)
                0x0000000000027fb8                raise_event
 .text.set_state
                0x0000000000027fc4       0x18 app/libapp.a(activity.c.obj)
                0x0000000000027fc4                set_state
 .text.activity_work_handler
                0x0000000000027fdc       0x38 app/libapp.a(activity.c.obj)
                0x0000000000027fdc                activity_work_handler
 .text.activity_event_listener
                0x0000000000028014       0x2c app/libapp.a(activity.c.obj)
 .text.zmk_activity_get_state
                0x0000000000028040        0xc app/libapp.a(activity.c.obj)
                0x0000000000028040                zmk_activity_get_state
 .text.z_impl_behavior_get_binding
                0x000000000002804c       0x58 app/libapp.a(behavior.c.obj)
                0x000000000002804c                z_impl_behavior_get_binding
 .text.zmk_physical_layouts_kscan_process_msgq
                0x00000000000280a4       0x70 app/libapp.a(physical_layouts.c.obj)
 .text.zmk_physical_layout_kscan_callback
                0x0000000000028114       0x38 app/libapp.a(physical_layouts.c.obj)
 .text.raise_zmk_physical_layout_selection_changed
                0x000000000002814c       0x20 app/libapp.a(physical_layouts.c.obj)
                0x000000000002814c                raise_zmk_physical_layout_selection_changed
 .text.zmk_physical_layouts_get_selected
                0x000000000002816c       0x28 app/libapp.a(physical_layouts.c.obj)
                0x000000000002816c                zmk_physical_layouts_get_selected
 .text.zmk_physical_layouts_get_position_map
                0x0000000000028194      0x118 app/libapp.a(physical_layouts.c.obj)
                0x0000000000028194                zmk_physical_layouts_get_position_map
 .text.zmk_physical_layouts_select_layout
                0x00000000000282ac       0x80 app/libapp.a(physical_layouts.c.obj)
                0x00000000000282ac                zmk_physical_layouts_select_layout
 .text.zmk_physical_layouts_select
                0x000000000002832c       0x2c app/libapp.a(physical_layouts.c.obj)
                0x000000000002832c                zmk_physical_layouts_select
 .text.physical_layouts_handle_set
                0x0000000000028358       0x44 app/libapp.a(physical_layouts.c.obj)
 .text.zmk_physical_layouts_select_initial
                0x000000000002839c        0xc app/libapp.a(physical_layouts.c.obj)
                0x000000000002839c                zmk_physical_layouts_select_initial
 .text.zmk_physical_layouts_init
                0x00000000000283a8       0x2c app/libapp.a(physical_layouts.c.obj)
 .text.trigger_sensor_data_for_position
                0x00000000000283d4       0x78 app/libapp.a(sensors.c.obj)
 .text.run_sensors_data_trigger
                0x000000000002844c       0x54 app/libapp.a(sensors.c.obj)
 .text.zmk_sensors_init_item
                0x00000000000284a0       0x24 app/libapp.a(sensors.c.obj)
 .text.zmk_sensors_trigger_handler
                0x00000000000284c4       0x50 app/libapp.a(sensors.c.obj)
 .text.zmk_event_manager_handle_from
                0x0000000000028514       0x48 app/libapp.a(event_manager.c.obj)
                0x0000000000028514                zmk_event_manager_handle_from
 .text.ext_power_save_state_work
                0x000000000002855c       0x2c app/libapp.a(ext_power_generic.c.obj)
 .text.ext_power_generic_init
                0x0000000000028588       0xa4 app/libapp.a(ext_power_generic.c.obj)
 .text.ext_power_settings_commit
                0x000000000002862c       0x2c app/libapp.a(ext_power_generic.c.obj)
 .text.ext_power_save_state
                0x0000000000028658       0x18 app/libapp.a(ext_power_generic.c.obj)
                0x0000000000028658                ext_power_save_state
 .text.ext_power_settings_set
                0x0000000000028670       0x58 app/libapp.a(ext_power_generic.c.obj)
 .text.raise_zmk_activity_state_changed
                0x00000000000286c8       0x20 app/libapp.a(activity_state_changed.c.obj)
                0x00000000000286c8                raise_zmk_activity_state_changed
 .text.as_zmk_activity_state_changed
                0x00000000000286e8       0x14 app/libapp.a(activity_state_changed.c.obj)
                0x00000000000286e8                as_zmk_activity_state_changed
 .text.raise_zmk_position_state_changed
                0x00000000000286fc       0x38 app/libapp.a(position_state_changed.c.obj)
                0x00000000000286fc                raise_zmk_position_state_changed
 .text.as_zmk_position_state_changed
                0x0000000000028734       0x14 app/libapp.a(position_state_changed.c.obj)
                0x0000000000028734                as_zmk_position_state_changed
 .text.raise_zmk_sensor_event
                0x0000000000028748       0x38 app/libapp.a(sensor_event.c.obj)
                0x0000000000028748                raise_zmk_sensor_event
 .text.as_zmk_sensor_event
                0x0000000000028780       0x14 app/libapp.a(sensor_event.c.obj)
                0x0000000000028780                as_zmk_sensor_event
 .text.raise_zmk_usb_conn_state_changed
                0x0000000000028794       0x20 app/libapp.a(usb_conn_state_changed.c.obj)
                0x0000000000028794                raise_zmk_usb_conn_state_changed
 .text.on_keymap_binding_pressed
                0x00000000000287b4       0x58 app/libapp.a(behavior_ext_power.c.obj)
 .text.on_keymap_binding_convert_central_state_dependent_params
                0x000000000002880c       0x40 app/libapp.a(behavior_ext_power.c.obj)
 .text.raise_zmk_battery_state_changed
                0x000000000002884c       0x20 app/libapp.a(battery_state_changed.c.obj)
                0x000000000002884c                raise_zmk_battery_state_changed
 .text.as_zmk_battery_state_changed
                0x000000000002886c       0x14 app/libapp.a(battery_state_changed.c.obj)
                0x000000000002886c                as_zmk_battery_state_changed
 .text.zmk_battery_timer
                0x0000000000028880       0x14 app/libapp.a(battery.c.obj)
 .text.zmk_battery_start_reporting
                0x0000000000028894       0x2c app/libapp.a(battery.c.obj)
 .text.battery_event_listener
                0x00000000000288c0       0x30 app/libapp.a(battery.c.obj)
 .text.zmk_battery_work
                0x00000000000288f0       0x4c app/libapp.a(battery.c.obj)
 .text.zmk_battery_init
                0x000000000002893c       0x1c app/libapp.a(battery.c.obj)
 .text.raise_zmk_split_peripheral_status_changed
                0x0000000000028958       0x20 app/libapp.a(split_peripheral_status_changed.c.obj)
                0x0000000000028958                raise_zmk_split_peripheral_status_changed
 .text.split_svc_select_phys_layout
                0x0000000000028978       0x2c app/libapp.a(service.c.obj)
 .text.split_svc_select_phys_layout_callback
                0x00000000000289a4        0xc app/libapp.a(service.c.obj)
 .text.split_svc_sensor_state
                0x00000000000289b0       0x1c app/libapp.a(service.c.obj)
 .text.split_svc_pos_state
                0x00000000000289cc       0x1c app/libapp.a(service.c.obj)
 .text.service_init
                0x00000000000289e8       0x28 app/libapp.a(service.c.obj)
 .text.send_position_state_callback
                0x0000000000028a10       0x48 app/libapp.a(service.c.obj)
                0x0000000000028a10                send_position_state_callback
 .text.send_sensor_state_callback
                0x0000000000028a58       0x48 app/libapp.a(service.c.obj)
                0x0000000000028a58                send_sensor_state_callback
 .text.send_position_state
                0x0000000000028aa0       0x4c app/libapp.a(service.c.obj)
                0x0000000000028aa0                send_position_state
 .text.send_sensor_state
                0x0000000000028aec       0x54 app/libapp.a(service.c.obj)
                0x0000000000028aec                send_sensor_state
 .text.zmk_split_transport_peripheral_bt_report_event
                0x0000000000028b40       0x74 app/libapp.a(service.c.obj)
                0x0000000000028b40                zmk_split_transport_peripheral_bt_report_event
 .text.auth_pairing_complete
                0x0000000000028bb4        0xc app/libapp.a(peripheral.c.obj)
 .text.split_peripheral_bt_set_status_callback
                0x0000000000028bc0        0xc app/libapp.a(peripheral.c.obj)
 .text.split_peripheral_bt_get_status
                0x0000000000028bcc       0x30 app/libapp.a(peripheral.c.obj)
 .text.notify_status_work_cb
                0x0000000000028bfc       0x3c app/libapp.a(peripheral.c.obj)
 .text.zmk_peripheral_ble_init
                0x0000000000028c38       0x1c app/libapp.a(peripheral.c.obj)
 .text.zmk_peripheral_ble_complete_startup
                0x0000000000028c54       0x38 app/libapp.a(peripheral.c.obj)
 .text.split_peripheral_bt_set_enabled
                0x0000000000028c8c       0x40 app/libapp.a(peripheral.c.obj)
 .text.connected
                0x0000000000028ccc       0x40 app/libapp.a(peripheral.c.obj)
 .text.bt_addr_le_to_str.constprop.0.isra.0
                0x0000000000028d0c       0x78 app/libapp.a(peripheral.c.obj)
 .text.disconnected
                0x0000000000028d84       0x40 app/libapp.a(peripheral.c.obj)
 .text.advertising_cb
                0x0000000000028dc4       0x9c app/libapp.a(peripheral.c.obj)
 .text.each_bond
                0x0000000000028e60       0x24 app/libapp.a(peripheral.c.obj)
 .text.zmk_split_transport_peripheral_bt
                0x0000000000028e84        0x8 app/libapp.a(peripheral.c.obj)
                0x0000000000028e84                zmk_split_transport_peripheral_bt
 .text.select_first_available_transport
                0x0000000000028e8c       0x74 app/libapp.a(peripheral.c.obj)
 .text.transport_status_changed_cb
                0x0000000000028f00       0x2c app/libapp.a(peripheral.c.obj)
 .text.peripheral_init
                0x0000000000028f2c       0x34 app/libapp.a(peripheral.c.obj)
 .text.zmk_split_peripheral_report_event
                0x0000000000028f60       0x1c app/libapp.a(peripheral.c.obj)
                0x0000000000028f60                zmk_split_peripheral_report_event
 .text.zmk_usb_init
                0x0000000000028f7c       0x18 app/libapp.a(usb.c.obj)
 .text.zmk_usb_get_conn_state
                0x0000000000028f94       0x28 app/libapp.a(usb.c.obj)
                0x0000000000028f94                zmk_usb_get_conn_state
 .text.usb_status_cb
                0x0000000000028fbc       0x40 app/libapp.a(usb.c.obj)
                0x0000000000028fbc                usb_status_cb
 .text.workqueue_init
                0x0000000000028ffc       0x28 app/libapp.a(workqueue.c.obj)
 .text.zmk_workqueue_lowprio_work_q
                0x0000000000029024        0x8 app/libapp.a(workqueue.c.obj)
                0x0000000000029024                zmk_workqueue_lowprio_work_q
 .text.crc8_ccitt
                0x000000000002902c       0x2c zephyr/libzephyr.a(crc8_sw.c.obj)
                0x000000000002902c                crc8_ccitt
 .text.char_out
                0x0000000000029058        0xc zephyr/libzephyr.a(printk.c.obj)
 .text.vprintk  0x0000000000029064       0x30 zephyr/libzephyr.a(printk.c.obj)
                0x0000000000029064                vprintk
 .text.z_thread_entry
                0x0000000000029094       0x34 zephyr/libzephyr.a(thread_entry.c.obj)
                0x0000000000029094                z_thread_entry
 .text.process_event
                0x00000000000290c8      0x21c zephyr/libzephyr.a(onoff.c.obj)
 .text.sys_reboot
                0x00000000000292e4       0x30 zephyr/libzephyr.a(reboot.c.obj)
                0x00000000000292e4                sys_reboot
 .text.z_arm_platform_init
                0x0000000000029314        0x4 zephyr/libzephyr.a(soc_nrf_common.S.obj)
                0x0000000000029314                z_arm_platform_init
 .text.nvs_recover_last_ate
                0x0000000000029318       0x64 zephyr/libzephyr.a(nvs.c.obj)
 .text.nvs_mount
                0x000000000002937c      0x2c0 zephyr/libzephyr.a(nvs.c.obj)
                0x000000000002937c                nvs_mount
 .text.nvs_write
                0x000000000002963c      0x1a4 zephyr/libzephyr.a(nvs.c.obj)
                0x000000000002963c                nvs_write
 .text.mem_attr_get_regions
                0x00000000000297e0        0xc zephyr/libzephyr.a(mem_attr.c.obj)
                0x00000000000297e0                mem_attr_get_regions
 .text.flash_area_open
                0x00000000000297ec       0x50 zephyr/libzephyr.a(flash_map.c.obj)
                0x00000000000297ec                flash_area_open
 .text.flash_area_get_sectors
                0x000000000002983c       0x60 zephyr/libzephyr.a(flash_map_layout.c.obj)
                0x000000000002983c                flash_area_get_sectors
 .text.class_handler
                0x000000000002989c       0x40 zephyr/libzephyr.a(usb_device.c.obj)
 .text.custom_handler
                0x00000000000298dc       0x60 zephyr/libzephyr.a(usb_device.c.obj)
 .text.vendor_handler
                0x000000000002993c       0x3c zephyr/libzephyr.a(usb_device.c.obj)
 .text.disable_endpoint
                0x0000000000029978       0x2c zephyr/libzephyr.a(usb_device.c.obj)
 .text.usb_reset_alt_setting
                0x00000000000299a4       0x10 zephyr/libzephyr.a(usb_device.c.obj)
 .text.is_ep_valid.part.0
                0x00000000000299b4       0x38 zephyr/libzephyr.a(usb_device.c.obj)
 .text.usb_handle_request.constprop.0
                0x00000000000299ec       0x2c zephyr/libzephyr.a(usb_device.c.obj)
 .text.forward_status_cb
                0x0000000000029a18       0xac zephyr/libzephyr.a(usb_device.c.obj)
 .text.usb_halt_endpoint_req.isra.0
                0x0000000000029ac4       0x50 zephyr/libzephyr.a(usb_device.c.obj)
 .text.set_endpoint
                0x0000000000029b14       0x84 zephyr/libzephyr.a(usb_device.c.obj)
 .text.usb_handle_standard_request
                0x0000000000029b98      0x2ec zephyr/libzephyr.a(usb_device.c.obj)
 .text.usb_data_to_host
                0x0000000000029e84       0x60 zephyr/libzephyr.a(usb_device.c.obj)
 .text.usb_handle_control_transfer
                0x0000000000029ee4       0xdc zephyr/libzephyr.a(usb_device.c.obj)
 .text.usb_set_config
                0x0000000000029fc0       0x2c zephyr/libzephyr.a(usb_device.c.obj)
                0x0000000000029fc0                usb_set_config
 .text.usb_device_init
                0x0000000000029fec       0x28 zephyr/libzephyr.a(usb_device.c.obj)
 .text.usb_enable
                0x000000000002a014      0x124 zephyr/libzephyr.a(usb_device.c.obj)
                0x000000000002a014                usb_enable
 .text.usb_update_sn_string_descriptor
                0x000000000002a138       0x88 zephyr/libzephyr.a(usb_descriptor.c.obj)
                0x000000000002a138                usb_update_sn_string_descriptor
 .text.usb_get_device_descriptor
                0x000000000002a1c0      0x1d8 zephyr/libzephyr.a(usb_descriptor.c.obj)
                0x000000000002a1c0                usb_get_device_descriptor
 .text.usb_ep_get_transfer
                0x000000000002a398       0x2c zephyr/libzephyr.a(usb_transfer.c.obj)
 .text.usb_transfer_work
                0x000000000002a3c4      0x104 zephyr/libzephyr.a(usb_transfer.c.obj)
 .text.usb_cancel_transfer
                0x000000000002a4c8       0x3c zephyr/libzephyr.a(usb_transfer.c.obj)
                0x000000000002a4c8                usb_cancel_transfer
 .text.usb_cancel_transfers
                0x000000000002a504       0x48 zephyr/libzephyr.a(usb_transfer.c.obj)
                0x000000000002a504                usb_cancel_transfers
 .text.usb_transfer_init
                0x000000000002a54c       0x34 zephyr/libzephyr.a(usb_transfer.c.obj)
                0x000000000002a54c                usb_transfer_init
 .text.read_pnp_id
                0x000000000002a580       0x1c zephyr/libzephyr.a(dis.c.obj)
 .text.read_blvl
                0x000000000002a59c       0x28 zephyr/libzephyr.a(bas.c.obj)
 .text.bt_bas_get_battery_level
                0x000000000002a5c4        0xc zephyr/libzephyr.a(bas.c.obj)
                0x000000000002a5c4                bt_bas_get_battery_level
 .text.bt_bas_set_battery_level
                0x000000000002a5d0       0x50 zephyr/libzephyr.a(bas.c.obj)
                0x000000000002a5d0                bt_bas_set_battery_level
 .text.settings_save_one
                0x000000000002a620       0x4c zephyr/libzephyr.a(settings_store.c.obj)
                0x000000000002a620                settings_save_one
 .text.settings_src_register
                0x000000000002a66c       0x1c zephyr/libzephyr.a(settings_store.c.obj)
                0x000000000002a66c                settings_src_register
 .text.settings_dst_register
                0x000000000002a688        0xc zephyr/libzephyr.a(settings_store.c.obj)
                0x000000000002a688                settings_dst_register
 .text.settings_load_subtree
                0x000000000002a694       0x4c zephyr/libzephyr.a(settings_store.c.obj)
                0x000000000002a694                settings_load_subtree
 .text.settings_load_subtree_direct
                0x000000000002a6e0       0x40 zephyr/libzephyr.a(settings_store.c.obj)
                0x000000000002a6e0                settings_load_subtree_direct
 .text.settings_store_init
                0x000000000002a720       0x10 zephyr/libzephyr.a(settings_store.c.obj)
                0x000000000002a720                settings_store_init
 .text.settings_init
                0x000000000002a730       0x10 zephyr/libzephyr.a(settings.c.obj)
                0x000000000002a730                settings_init
 .text.settings_register
                0x000000000002a740       0x80 zephyr/libzephyr.a(settings.c.obj)
                0x000000000002a740                settings_register
 .text.settings_parse_and_lookup
                0x000000000002a7c0       0x98 zephyr/libzephyr.a(settings.c.obj)
                0x000000000002a7c0                settings_parse_and_lookup
 .text.settings_commit_subtree
                0x000000000002a858       0x70 zephyr/libzephyr.a(settings.c.obj)
                0x000000000002a858                settings_commit_subtree
 .text.settings_subsys_init
                0x000000000002a8c8       0x3c zephyr/libzephyr.a(settings_init.c.obj)
                0x000000000002a8c8                settings_subsys_init
 .text.settings_nvs_load
                0x000000000002a904       0xbc zephyr/libzephyr.a(settings_nvs.c.obj)
 .text.settings_backend_init
                0x000000000002a9c0       0x84 zephyr/libzephyr.a(settings_nvs.c.obj)
                0x000000000002a9c0                settings_backend_init
 .text.uECC_get_rng
                0x000000000002aa44        0xc zephyr/libzephyr.a(ecc.c.obj)
                0x000000000002aa44                uECC_get_rng
 .text.vli_mmod_fast_secp256r1
                0x000000000002aa50      0x180 zephyr/libzephyr.a(ecc.c.obj)
                0x000000000002aa50                vli_mmod_fast_secp256r1
 .text.sub_bytes
                0x000000000002abd0       0x18 zephyr/libzephyr.a(aes_encrypt.c.obj)
 .text.tc_aes128_set_encrypt_key
                0x000000000002abe8       0xa4 zephyr/libzephyr.a(aes_encrypt.c.obj)
                0x000000000002abe8                tc_aes128_set_encrypt_key
 .text.z_SysNmiOnReset
                0x000000000002ac8c        0x8 zephyr/arch/arch/arm/core/libarch__arm__core.a(nmi_on_reset.S.obj)
                0x000000000002ac8c                z_SysNmiOnReset
 .text.arch_tls_stack_setup
                0x000000000002ac94       0x5c zephyr/arch/arch/arm/core/libarch__arm__core.a(tls.c.obj)
                0x000000000002ac94                arch_tls_stack_setup
 .text._HandlerModeExit
                0x000000000002acf0       0x1c zephyr/arch/arch/arm/core/cortex_m/libarch__arm__core__cortex_m.a(exc_exit.S.obj)
                0x000000000002acf0                z_arm_exc_exit
                0x000000000002acf0                z_arm_int_exit
 .text.usage_fault.constprop.0
                0x000000000002ad0c       0x54 zephyr/arch/arch/arm/core/cortex_m/libarch__arm__core__cortex_m.a(fault.c.obj)
 .text.bus_fault.constprop.0
                0x000000000002ad60       0x6c zephyr/arch/arch/arm/core/cortex_m/libarch__arm__core__cortex_m.a(fault.c.obj)
 .text.mem_manage_fault.constprop.0
                0x000000000002adcc       0x78 zephyr/arch/arch/arm/core/cortex_m/libarch__arm__core__cortex_m.a(fault.c.obj)
 .text.z_arm_fault
                0x000000000002ae44      0x118 zephyr/arch/arch/arm/core/cortex_m/libarch__arm__core__cortex_m.a(fault.c.obj)
                0x000000000002ae44                z_arm_fault
 .text.z_arm_fault_init
                0x000000000002af5c       0x10 zephyr/arch/arch/arm/core/cortex_m/libarch__arm__core__cortex_m.a(fault.c.obj)
                0x000000000002af5c                z_arm_fault_init
 .text.__fault  0x000000000002af6c       0x14 zephyr/arch/arch/arm/core/cortex_m/libarch__arm__core__cortex_m.a(fault_s.S.obj)
                0x000000000002af6c                z_arm_bus_fault
                0x000000000002af6c                z_arm_usage_fault
                0x000000000002af6c                z_arm_mpu_fault
                0x000000000002af6c                z_arm_exc_spurious
                0x000000000002af6c                z_arm_debug_monitor
                0x000000000002af6c                z_arm_hard_fault
 .text.z_arm_interrupt_init
                0x000000000002af80       0x18 zephyr/arch/arch/arm/core/cortex_m/libarch__arm__core__cortex_m.a(irq_init.c.obj)
                0x000000000002af80                z_arm_interrupt_init
 .text._reset_section
                0x000000000002af98       0x30 zephyr/arch/arch/arm/core/cortex_m/libarch__arm__core__cortex_m.a(reset.S.obj)
                0x000000000002af98                z_arm_reset
                0x000000000002af98                __start
 .text.z_impl_k_thread_abort
                0x000000000002afc8       0x2c zephyr/arch/arch/arm/core/cortex_m/libarch__arm__core__cortex_m.a(thread_abort.c.obj)
                0x000000000002afc8                z_impl_k_thread_abort
 .text.arch_swap
                0x000000000002aff4       0x34 zephyr/arch/arch/arm/core/cortex_m/libarch__arm__core__cortex_m.a(swap.c.obj)
                0x000000000002aff4                arch_swap
 .text.z_arm_pendsv
                0x000000000002b028       0x94 zephyr/arch/arch/arm/core/cortex_m/libarch__arm__core__cortex_m.a(swap_helper.S.obj)
                0x000000000002b028                z_arm_pendsv
 .text.z_arm_svc
                0x000000000002b0bc       0x20 zephyr/arch/arch/arm/core/cortex_m/libarch__arm__core__cortex_m.a(swap_helper.S.obj)
                0x000000000002b0bc                z_arm_svc
 .text.arch_irq_enable
                0x000000000002b0dc       0x1c zephyr/arch/arch/arm/core/cortex_m/libarch__arm__core__cortex_m.a(irq_manage.c.obj)
                0x000000000002b0dc                arch_irq_enable
 .text.arch_irq_disable
                0x000000000002b0f8       0x28 zephyr/arch/arch/arm/core/cortex_m/libarch__arm__core__cortex_m.a(irq_manage.c.obj)
                0x000000000002b0f8                arch_irq_disable
 .text.arch_irq_is_enabled
                0x000000000002b120       0x1c zephyr/arch/arch/arm/core/cortex_m/libarch__arm__core__cortex_m.a(irq_manage.c.obj)
                0x000000000002b120                arch_irq_is_enabled
 .text.z_arm_irq_priority_set
                0x000000000002b13c       0x30 zephyr/arch/arch/arm/core/cortex_m/libarch__arm__core__cortex_m.a(irq_manage.c.obj)
                0x000000000002b13c                z_arm_irq_priority_set
 .text.z_arm_prep_c
                0x000000000002b16c       0x5c zephyr/arch/arch/arm/core/cortex_m/libarch__arm__core__cortex_m.a(prep_c.c.obj)
                0x000000000002b16c                z_arm_prep_c
 .text.arch_new_thread
                0x000000000002b1c8       0x40 zephyr/arch/arch/arm/core/cortex_m/libarch__arm__core__cortex_m.a(thread.c.obj)
                0x000000000002b1c8                arch_new_thread
 .text.arch_float_disable
                0x000000000002b208       0x4c zephyr/arch/arch/arm/core/cortex_m/libarch__arm__core__cortex_m.a(thread.c.obj)
                0x000000000002b208                arch_float_disable
 .text.arch_switch_to_main_thread
                0x000000000002b254       0x48 zephyr/arch/arch/arm/core/cortex_m/libarch__arm__core__cortex_m.a(thread.c.obj)
                0x000000000002b254                arch_switch_to_main_thread
 .text.z_arm_cpu_idle_init
                0x000000000002b29c        0xc zephyr/arch/arch/arm/core/cortex_m/libarch__arm__core__cortex_m.a(cpu_idle.S.obj)
                0x000000000002b29c                z_arm_cpu_idle_init
 .text.arch_cpu_idle
                0x000000000002b2a8       0x1c zephyr/arch/arch/arm/core/cortex_m/libarch__arm__core__cortex_m.a(cpu_idle.S.obj)
                0x000000000002b2a8                arch_cpu_idle
 .text.arch_cpu_atomic_idle
                0x000000000002b2c4       0x18 zephyr/arch/arch/arm/core/cortex_m/libarch__arm__core__cortex_m.a(cpu_idle.S.obj)
                0x000000000002b2c4                arch_cpu_atomic_idle
 .text._isr_wrapper
                0x000000000002b2dc       0x28 zephyr/arch/arch/arm/core/cortex_m/libarch__arm__core__cortex_m.a(isr_wrapper.S.obj)
                0x000000000002b2dc                _isr_wrapper
 .text.z_arm_configure_static_mpu_regions
                0x000000000002b304       0x18 zephyr/arch/arch/arm/core/mpu/libarch__arm__core__mpu.a(arm_core_mpu.c.obj)
                0x000000000002b304                z_arm_configure_static_mpu_regions
 .text.region_init
                0x000000000002b31c       0x28 zephyr/arch/arch/arm/core/mpu/libarch__arm__core__mpu.a(arm_mpu.c.obj)
 .text.arm_core_mpu_enable
                0x000000000002b344       0x18 zephyr/arch/arch/arm/core/mpu/libarch__arm__core__mpu.a(arm_mpu.c.obj)
                0x000000000002b344                arm_core_mpu_enable
 .text.arm_core_mpu_disable
                0x000000000002b35c       0x14 zephyr/arch/arch/arm/core/mpu/libarch__arm__core__mpu.a(arm_mpu.c.obj)
                0x000000000002b35c                arm_core_mpu_disable
 .text.arm_core_mpu_configure_static_mpu_regions
                0x000000000002b370       0x14 zephyr/arch/arch/arm/core/mpu/libarch__arm__core__mpu.a(arm_mpu.c.obj)
                0x000000000002b370                arm_core_mpu_configure_static_mpu_regions
 .text.z_arm_mpu_init
                0x000000000002b384      0x124 zephyr/arch/arch/arm/core/mpu/libarch__arm__core__mpu.a(arm_mpu.c.obj)
                0x000000000002b384                z_arm_mpu_init
 .text.__chk_fail
                0x000000000002b4a8       0x18 zephyr/lib/libc/picolibc/liblib__libc__picolibc.a(libc-hooks.c.obj)
                0x000000000002b4a8                __chk_fail
 .text.malloc_prepare
                0x000000000002b4c0       0x24 zephyr/lib/libc/common/liblib__libc__common.a(malloc.c.obj)
 .text.nordicsemi_nrf52_init
                0x000000000002b4e4       0x18 zephyr/soc/soc/arm/nordic_nrf/nrf52/libsoc__arm__nordic_nrf__nrf52.a(soc.c.obj)
 .text.sys_arch_reboot
                0x000000000002b4fc       0x2c zephyr/soc/soc/arm/nordic_nrf/nrf52/libsoc__arm__nordic_nrf__nrf52.a(soc.c.obj)
                0x000000000002b4fc                sys_arch_reboot
 .text.arch_busy_wait
                0x000000000002b528       0x14 zephyr/soc/soc/arm/nordic_nrf/nrf52/libsoc__arm__nordic_nrf__nrf52.a(soc.c.obj)
                0x000000000002b528                arch_busy_wait
 .text.xoshiro128_initialize
                0x000000000002b53c       0x18 zephyr/subsys/random/libsubsys__random.a(rand32_xoshiro128.c.obj)
 .text.ecc_process
                0x000000000002b554      0x17c zephyr/subsys/bluetooth/host/libsubsys__bluetooth__host.a(hci_ecc.c.obj)
 .text.le_gen_dhkey
                0x000000000002b6d0       0x98 zephyr/subsys/bluetooth/host/libsubsys__bluetooth__host.a(hci_ecc.c.obj)
 .text.bt_hci_ecc_send
                0x000000000002b768       0xdc zephyr/subsys/bluetooth/host/libsubsys__bluetooth__host.a(hci_ecc.c.obj)
                0x000000000002b768                bt_hci_ecc_send
 .text.set_setting
                0x000000000002b844       0xa8 zephyr/subsys/bluetooth/host/libsubsys__bluetooth__host.a(settings.c.obj)
 .text.bt_settings_encode_key
                0x000000000002b8ec       0x60 zephyr/subsys/bluetooth/host/libsubsys__bluetooth__host.a(settings.c.obj)
                0x000000000002b8ec                bt_settings_encode_key
 .text.bt_settings_store
                0x000000000002b94c       0x50 zephyr/subsys/bluetooth/host/libsubsys__bluetooth__host.a(settings.c.obj)
                0x000000000002b94c                bt_settings_store
 .text.do_store_id
                0x000000000002b99c       0x24 zephyr/subsys/bluetooth/host/libsubsys__bluetooth__host.a(settings.c.obj)
 .text.bt_settings_delete
                0x000000000002b9c0       0x4c zephyr/subsys/bluetooth/host/libsubsys__bluetooth__host.a(settings.c.obj)
                0x000000000002b9c0                bt_settings_delete
 .text.bt_settings_store_sc
                0x000000000002ba0c       0x1c zephyr/subsys/bluetooth/host/libsubsys__bluetooth__host.a(settings.c.obj)
                0x000000000002ba0c                bt_settings_store_sc
 .text.bt_settings_delete_sc
                0x000000000002ba28       0x10 zephyr/subsys/bluetooth/host/libsubsys__bluetooth__host.a(settings.c.obj)
                0x000000000002ba28                bt_settings_delete_sc
 .text.bt_settings_store_cf
                0x000000000002ba38       0x1c zephyr/subsys/bluetooth/host/libsubsys__bluetooth__host.a(settings.c.obj)
                0x000000000002ba38                bt_settings_store_cf
 .text.bt_settings_store_ccc
                0x000000000002ba54       0x1c zephyr/subsys/bluetooth/host/libsubsys__bluetooth__host.a(settings.c.obj)
                0x000000000002ba54                bt_settings_store_ccc
 .text.bt_settings_store_hash
                0x000000000002ba70       0x1c zephyr/subsys/bluetooth/host/libsubsys__bluetooth__host.a(settings.c.obj)
                0x000000000002ba70                bt_settings_store_hash
 .text.bt_settings_store_name
                0x000000000002ba8c       0x1c zephyr/subsys/bluetooth/host/libsubsys__bluetooth__host.a(settings.c.obj)
                0x000000000002ba8c                bt_settings_store_name
 .text.bt_settings_store_id
                0x000000000002baa8       0x10 zephyr/subsys/bluetooth/host/libsubsys__bluetooth__host.a(settings.c.obj)
                0x000000000002baa8                bt_settings_store_id
 .text.commit_settings
                0x000000000002bab8       0x80 zephyr/subsys/bluetooth/host/libsubsys__bluetooth__host.a(settings.c.obj)
 .text.bt_settings_store_keys
                0x000000000002bb38       0x1c zephyr/subsys/bluetooth/host/libsubsys__bluetooth__host.a(settings.c.obj)
                0x000000000002bb38                bt_settings_store_keys
 .text.bt_settings_delete_keys
                0x000000000002bb54       0x10 zephyr/subsys/bluetooth/host/libsubsys__bluetooth__host.a(settings.c.obj)
                0x000000000002bb54                bt_settings_delete_keys
 .text.long_wq_init
                0x000000000002bb64       0x38 zephyr/subsys/bluetooth/host/libsubsys__bluetooth__host.a(long_wq.c.obj)
 .text.bt_long_wq_schedule
                0x000000000002bb9c        0xc zephyr/subsys/bluetooth/host/libsubsys__bluetooth__host.a(long_wq.c.obj)
                0x000000000002bb9c                bt_long_wq_schedule
 .text.bt_long_wq_submit
                0x000000000002bba8        0xc zephyr/subsys/bluetooth/host/libsubsys__bluetooth__host.a(long_wq.c.obj)
                0x000000000002bba8                bt_long_wq_submit
 .text.uuid_to_uuid128
                0x000000000002bbb4       0x78 zephyr/subsys/bluetooth/host/libsubsys__bluetooth__host.a(uuid.c.obj)
 .text.bt_buf_get_rx
                0x000000000002bc2c       0x20 zephyr/subsys/bluetooth/host/libsubsys__bluetooth__host.a(buf.c.obj)
                0x000000000002bc2c                bt_buf_get_rx
 .text.bt_buf_get_cmd_complete
                0x000000000002bc4c       0x40 zephyr/subsys/bluetooth/host/libsubsys__bluetooth__host.a(buf.c.obj)
                0x000000000002bc4c                bt_buf_get_cmd_complete
 .text.bt_buf_get_evt
                0x000000000002bc8c       0x58 zephyr/subsys/bluetooth/host/libsubsys__bluetooth__host.a(buf.c.obj)
                0x000000000002bc8c                bt_buf_get_evt
 .text.hci_disconn_complete_prio
                0x000000000002bce4       0x40 zephyr/subsys/bluetooth/host/libsubsys__bluetooth__host.a(hci_core.c.obj)
 .text.find_pending_connect.part.0
                0x000000000002bd24       0x2c zephyr/subsys/bluetooth/host/libsubsys__bluetooth__host.a(hci_core.c.obj)
 .text.hci_le_meta_event
                0x000000000002bd50       0x20 zephyr/subsys/bluetooth/host/libsubsys__bluetooth__host.a(hci_core.c.obj)
 .text.hci_cmd_done
                0x000000000002bd70       0xbc zephyr/subsys/bluetooth/host/libsubsys__bluetooth__host.a(hci_core.c.obj)
 .text.hci_cmd_status
                0x000000000002be2c       0x2c zephyr/subsys/bluetooth/host/libsubsys__bluetooth__host.a(hci_core.c.obj)
 .text.hci_cmd_complete
                0x000000000002be58       0x30 zephyr/subsys/bluetooth/host/libsubsys__bluetooth__host.a(hci_core.c.obj)
 .text.hci_tx_thread
                0x000000000002be88      0x11c zephyr/subsys/bluetooth/host/libsubsys__bluetooth__host.a(hci_core.c.obj)
 .text.bt_hci_cmd_state_set_init
                0x000000000002bfa4       0x24 zephyr/subsys/bluetooth/host/libsubsys__bluetooth__host.a(hci_core.c.obj)
                0x000000000002bfa4                bt_hci_cmd_state_set_init
 .text.bt_hci_cmd_create
                0x000000000002bfc8       0x74 zephyr/subsys/bluetooth/host/libsubsys__bluetooth__host.a(hci_core.c.obj)
                0x000000000002bfc8                bt_hci_cmd_create
 .text.bt_hci_cmd_send
                0x000000000002c03c       0x44 zephyr/subsys/bluetooth/host/libsubsys__bluetooth__host.a(hci_core.c.obj)
                0x000000000002c03c                bt_hci_cmd_send
 .text.bt_hci_cmd_send_sync
                0x000000000002c080       0xd8 zephyr/subsys/bluetooth/host/libsubsys__bluetooth__host.a(hci_core.c.obj)
                0x000000000002c080                bt_hci_cmd_send_sync
 .text.bt_hci_le_rand
                0x000000000002c158       0x58 zephyr/subsys/bluetooth/host/libsubsys__bluetooth__host.a(hci_core.c.obj)
                0x000000000002c158                bt_hci_le_rand
 .text.bt_get_phy
                0x000000000002c1b0       0x14 zephyr/subsys/bluetooth/host/libsubsys__bluetooth__host.a(hci_core.c.obj)
                0x000000000002c1b0                bt_get_phy
 .text.bt_hci_le_enh_conn_complete
                0x000000000002c1c4      0x1fc zephyr/subsys/bluetooth/host/libsubsys__bluetooth__host.a(hci_core.c.obj)
                0x000000000002c1c4                bt_hci_le_enh_conn_complete
 .text.le_legacy_conn_complete
                0x000000000002c3c0       0x64 zephyr/subsys/bluetooth/host/libsubsys__bluetooth__host.a(hci_core.c.obj)
 .text.bt_security_err_get
                0x000000000002c424       0x10 zephyr/subsys/bluetooth/host/libsubsys__bluetooth__host.a(hci_core.c.obj)
                0x000000000002c424                bt_security_err_get
 .text.hci_event_prio
                0x000000000002c434       0x88 zephyr/subsys/bluetooth/host/libsubsys__bluetooth__host.a(hci_core.c.obj)
                0x000000000002c434                hci_event_prio
 .text.bt_recv  0x000000000002c4bc       0xc8 zephyr/subsys/bluetooth/host/libsubsys__bluetooth__host.a(hci_core.c.obj)
                0x000000000002c4bc                bt_recv
 .text.bt_recv_prio
                0x000000000002c584       0x3c zephyr/subsys/bluetooth/host/libsubsys__bluetooth__host.a(hci_core.c.obj)
                0x000000000002c584                bt_recv_prio
 .text.bt_hci_driver_register
                0x000000000002c5c0       0x28 zephyr/subsys/bluetooth/host/libsubsys__bluetooth__host.a(hci_core.c.obj)
                0x000000000002c5c0                bt_hci_driver_register
 .text.bt_finalize_init
                0x000000000002c5e8        0xc zephyr/subsys/bluetooth/host/libsubsys__bluetooth__host.a(hci_core.c.obj)
                0x000000000002c5e8                bt_finalize_init
 .text.init_work
                0x000000000002c5f4       0x18 zephyr/subsys/bluetooth/host/libsubsys__bluetooth__host.a(hci_core.c.obj)
 .text.bt_enable
                0x000000000002c60c       0xbc zephyr/subsys/bluetooth/host/libsubsys__bluetooth__host.a(hci_core.c.obj)
                0x000000000002c60c                bt_enable
 .text.bt_is_ready
                0x000000000002c6c8       0x18 zephyr/subsys/bluetooth/host/libsubsys__bluetooth__host.a(hci_core.c.obj)
                0x000000000002c6c8                bt_is_ready
 .text.bt_set_name
                0x000000000002c6e0       0x48 zephyr/subsys/bluetooth/host/libsubsys__bluetooth__host.a(hci_core.c.obj)
                0x000000000002c6e0                bt_set_name
 .text.bt_get_name
                0x000000000002c728        0x8 zephyr/subsys/bluetooth/host/libsubsys__bluetooth__host.a(hci_core.c.obj)
                0x000000000002c728                bt_get_name
 .text.id_find  0x000000000002c730       0x30 zephyr/subsys/bluetooth/host/libsubsys__bluetooth__host.a(id.c.obj)
 .text.id_create.constprop.0
                0x000000000002c760       0x70 zephyr/subsys/bluetooth/host/libsubsys__bluetooth__host.a(id.c.obj)
 .text.set_random_address
                0x000000000002c7d0       0x50 zephyr/subsys/bluetooth/host/libsubsys__bluetooth__host.a(id.c.obj)
 .text.bt_id_pending_keys_update
                0x000000000002c820       0x34 zephyr/subsys/bluetooth/host/libsubsys__bluetooth__host.a(id.c.obj)
                0x000000000002c820                bt_id_pending_keys_update
 .text.bt_id_find_conflict
                0x000000000002c854       0x20 zephyr/subsys/bluetooth/host/libsubsys__bluetooth__host.a(id.c.obj)
                0x000000000002c854                bt_id_find_conflict
 .text.bt_id_add
                0x000000000002c874      0x12c zephyr/subsys/bluetooth/host/libsubsys__bluetooth__host.a(id.c.obj)
                0x000000000002c874                bt_id_add
 .text.bt_id_del
                0x000000000002c9a0      0x10c zephyr/subsys/bluetooth/host/libsubsys__bluetooth__host.a(id.c.obj)
                0x000000000002c9a0                bt_id_del
 .text.bt_id_create
                0x000000000002caac       0x88 zephyr/subsys/bluetooth/host/libsubsys__bluetooth__host.a(id.c.obj)
                0x000000000002caac                bt_id_create
 .text.bt_id_read_public_addr
                0x000000000002cb34       0x5c zephyr/subsys/bluetooth/host/libsubsys__bluetooth__host.a(id.c.obj)
                0x000000000002cb34                bt_id_read_public_addr
 .text.bt_setup_public_id_addr
                0x000000000002cb90       0x20 zephyr/subsys/bluetooth/host/libsubsys__bluetooth__host.a(id.c.obj)
                0x000000000002cb90                bt_setup_public_id_addr
 .text.bt_read_static_addr
                0x000000000002cbb0       0x68 zephyr/subsys/bluetooth/host/libsubsys__bluetooth__host.a(id.c.obj)
                0x000000000002cbb0                bt_read_static_addr
 .text.bt_setup_random_id_addr
                0x000000000002cc18       0x5c zephyr/subsys/bluetooth/host/libsubsys__bluetooth__host.a(id.c.obj)
                0x000000000002cc18                bt_setup_random_id_addr
 .text.bt_id_set_adv_own_addr
                0x000000000002cc74       0xc0 zephyr/subsys/bluetooth/host/libsubsys__bluetooth__host.a(id.c.obj)
                0x000000000002cc74                bt_id_set_adv_own_addr
 .text.valid_adv_param
                0x000000000002cd34       0x84 zephyr/subsys/bluetooth/host/libsubsys__bluetooth__host.a(adv.c.obj)
 .text.adv_is_directed
                0x000000000002cdb8       0x18 zephyr/subsys/bluetooth/host/libsubsys__bluetooth__host.a(adv.c.obj)
 .text.le_adv_start_add_conn
                0x000000000002cdd0       0x60 zephyr/subsys/bluetooth/host/libsubsys__bluetooth__host.a(adv.c.obj)
 .text.bt_le_ext_adv_foreach
                0x000000000002ce30        0xc zephyr/subsys/bluetooth/host/libsubsys__bluetooth__host.a(adv.c.obj)
                0x000000000002ce30                bt_le_ext_adv_foreach
 .text.bt_le_adv_lookup_legacy
                0x000000000002ce3c        0x8 zephyr/subsys/bluetooth/host/libsubsys__bluetooth__host.a(adv.c.obj)
                0x000000000002ce3c                bt_le_adv_lookup_legacy
 .text.bt_le_adv_start_legacy
                0x000000000002ce44      0x248 zephyr/subsys/bluetooth/host/libsubsys__bluetooth__host.a(adv.c.obj)
                0x000000000002ce44                bt_le_adv_start_legacy
 .text.bt_le_adv_start
                0x000000000002d08c       0x64 zephyr/subsys/bluetooth/host/libsubsys__bluetooth__host.a(adv.c.obj)
                0x000000000002d08c                bt_le_adv_start
 .text.bt_le_adv_stop
                0x000000000002d0f0       0x78 zephyr/subsys/bluetooth/host/libsubsys__bluetooth__host.a(adv.c.obj)
                0x000000000002d0f0                bt_le_adv_stop
 .text.bt_le_adv_resume
                0x000000000002d168       0xd4 zephyr/subsys/bluetooth/host/libsubsys__bluetooth__host.a(adv.c.obj)
                0x000000000002d168                bt_le_adv_resume
 .text.bt_pub_key_is_debug
                0x000000000002d23c       0x18 zephyr/subsys/bluetooth/host/libsubsys__bluetooth__host.a(ecc.c.obj)
                0x000000000002d23c                bt_pub_key_is_debug
 .text.bt_pub_key_gen
                0x000000000002d254       0xd4 zephyr/subsys/bluetooth/host/libsubsys__bluetooth__host.a(ecc.c.obj)
                0x000000000002d254                bt_pub_key_gen
 .text.bt_pub_key_get
                0x000000000002d328       0x20 zephyr/subsys/bluetooth/host/libsubsys__bluetooth__host.a(ecc.c.obj)
                0x000000000002d328                bt_pub_key_get
 .text.bt_dh_key_gen
                0x000000000002d348       0x8c zephyr/subsys/bluetooth/host/libsubsys__bluetooth__host.a(ecc.c.obj)
                0x000000000002d348                bt_dh_key_gen
 .text.bt_hci_evt_le_pkey_complete
                0x000000000002d3d4       0x84 zephyr/subsys/bluetooth/host/libsubsys__bluetooth__host.a(ecc.c.obj)
                0x000000000002d3d4                bt_hci_evt_le_pkey_complete
 .text.bt_hci_evt_le_dhkey_complete
                0x000000000002d458       0x1c zephyr/subsys/bluetooth/host/libsubsys__bluetooth__host.a(ecc.c.obj)
                0x000000000002d458                bt_hci_evt_le_dhkey_complete
 .text.notify_connected
                0x000000000002d474       0x3c zephyr/subsys/bluetooth/host/libsubsys__bluetooth__host.a(conn.c.obj)
 .text.tx_notify
                0x000000000002d4b0       0x60 zephyr/subsys/bluetooth/host/libsubsys__bluetooth__host.a(conn.c.obj)
 .text.conn_tx_destroy
                0x000000000002d510       0x2c zephyr/subsys/bluetooth/host/libsubsys__bluetooth__host.a(conn.c.obj)
 .text.send_frag
                0x000000000002d53c      0x164 zephyr/subsys/bluetooth/host/libsubsys__bluetooth__host.a(conn.c.obj)
 .text.bt_conn_get_pkts
                0x000000000002d6a0       0x18 zephyr/subsys/bluetooth/host/libsubsys__bluetooth__host.a(conn.c.obj)
                0x000000000002d6a0                bt_conn_get_pkts
 .text.bt_conn_new
                0x000000000002d6b8       0x64 zephyr/subsys/bluetooth/host/libsubsys__bluetooth__host.a(conn.c.obj)
                0x000000000002d6b8                bt_conn_new
 .text.bt_conn_send_cb
                0x000000000002d71c       0x90 zephyr/subsys/bluetooth/host/libsubsys__bluetooth__host.a(conn.c.obj)
                0x000000000002d71c                bt_conn_send_cb
 .text.bt_conn_prepare_events
                0x000000000002d7ac       0x94 zephyr/subsys/bluetooth/host/libsubsys__bluetooth__host.a(conn.c.obj)
                0x000000000002d7ac                bt_conn_prepare_events
 .text.bt_conn_set_state
                0x000000000002d840      0x178 zephyr/subsys/bluetooth/host/libsubsys__bluetooth__host.a(conn.c.obj)
                0x000000000002d840                bt_conn_set_state
 .text.bt_conn_lookup_handle
                0x000000000002d9b8       0x28 zephyr/subsys/bluetooth/host/libsubsys__bluetooth__host.a(conn.c.obj)
                0x000000000002d9b8                bt_conn_lookup_handle
 .text.bt_conn_foreach
                0x000000000002d9e0       0x30 zephyr/subsys/bluetooth/host/libsubsys__bluetooth__host.a(conn.c.obj)
                0x000000000002d9e0                bt_conn_foreach
 .text.bt_conn_index
                0x000000000002da10       0x18 zephyr/subsys/bluetooth/host/libsubsys__bluetooth__host.a(conn.c.obj)
                0x000000000002da10                bt_conn_index
 .text.bt_conn_create_pdu_timeout
                0x000000000002da28       0x24 zephyr/subsys/bluetooth/host/libsubsys__bluetooth__host.a(conn.c.obj)
                0x000000000002da28                bt_conn_create_pdu_timeout
 .text.notify_le_param_updated
                0x000000000002da4c       0x88 zephyr/subsys/bluetooth/host/libsubsys__bluetooth__host.a(conn.c.obj)
                0x000000000002da4c                notify_le_param_updated
 .text.notify_le_phy_updated
                0x000000000002dad4       0x44 zephyr/subsys/bluetooth/host/libsubsys__bluetooth__host.a(conn.c.obj)
                0x000000000002dad4                notify_le_phy_updated
 .text.le_param_req
                0x000000000002db18       0x74 zephyr/subsys/bluetooth/host/libsubsys__bluetooth__host.a(conn.c.obj)
                0x000000000002db18                le_param_req
 .text.bt_conn_identity_resolved
                0x000000000002db8c       0x5c zephyr/subsys/bluetooth/host/libsubsys__bluetooth__host.a(conn.c.obj)
                0x000000000002db8c                bt_conn_identity_resolved
 .text.bt_conn_security_changed
                0x000000000002dbe8       0x4c zephyr/subsys/bluetooth/host/libsubsys__bluetooth__host.a(conn.c.obj)
                0x000000000002dbe8                bt_conn_security_changed
 .text.bt_conn_cb_register
                0x000000000002dc34       0x10 zephyr/subsys/bluetooth/host/libsubsys__bluetooth__host.a(conn.c.obj)
                0x000000000002dc34                bt_conn_cb_register
 .text.bt_conn_add_le
                0x000000000002dc44       0x3c zephyr/subsys/bluetooth/host/libsubsys__bluetooth__host.a(conn.c.obj)
                0x000000000002dc44                bt_conn_add_le
 .text.bt_conn_lookup_addr_le
                0x000000000002dc80       0x34 zephyr/subsys/bluetooth/host/libsubsys__bluetooth__host.a(conn.c.obj)
                0x000000000002dc80                bt_conn_lookup_addr_le
 .text.bt_conn_lookup_state_le
                0x000000000002dcb4       0x44 zephyr/subsys/bluetooth/host/libsubsys__bluetooth__host.a(conn.c.obj)
                0x000000000002dcb4                bt_conn_lookup_state_le
 .text.send_conn_le_param_update
                0x000000000002dcf8       0x6c zephyr/subsys/bluetooth/host/libsubsys__bluetooth__host.a(conn.c.obj)
 .text.deferred_work
                0x000000000002dd64       0xac zephyr/subsys/bluetooth/host/libsubsys__bluetooth__host.a(conn.c.obj)
 .text.bt_conn_create_frag_timeout
                0x000000000002de10        0xc zephyr/subsys/bluetooth/host/libsubsys__bluetooth__host.a(conn.c.obj)
                0x000000000002de10                bt_conn_create_frag_timeout
 .text.bt_conn_process_tx
                0x000000000002de1c      0x114 zephyr/subsys/bluetooth/host/libsubsys__bluetooth__host.a(conn.c.obj)
                0x000000000002de1c                bt_conn_process_tx
 .text.bt_conn_auth_info_cb_register
                0x000000000002df30       0x28 zephyr/subsys/bluetooth/host/libsubsys__bluetooth__host.a(conn.c.obj)
                0x000000000002df30                bt_conn_auth_info_cb_register
 .text.bt_conn_init
                0x000000000002df58       0x44 zephyr/subsys/bluetooth/host/libsubsys__bluetooth__host.a(conn.c.obj)
                0x000000000002df58                bt_conn_init
 .text.l2cap_accept
                0x000000000002df9c       0x1c zephyr/subsys/bluetooth/host/libsubsys__bluetooth__host.a(l2cap.c.obj)
 .text.bt_l2cap_connected
                0x000000000002dfb8       0x9c zephyr/subsys/bluetooth/host/libsubsys__bluetooth__host.a(l2cap.c.obj)
                0x000000000002dfb8                bt_l2cap_connected
 .text.bt_l2cap_update_conn_param
                0x000000000002e054       0x64 zephyr/subsys/bluetooth/host/libsubsys__bluetooth__host.a(l2cap.c.obj)
                0x000000000002e054                bt_l2cap_update_conn_param
 .text.att_op_get_type
                0x000000000002e0b8       0x74 zephyr/subsys/bluetooth/host/libsubsys__bluetooth__host.a(att.c.obj)
 .text.bt_att_released
                0x000000000002e12c        0xc zephyr/subsys/bluetooth/host/libsubsys__bluetooth__host.a(att.c.obj)
 .text.tx_meta_data_free
                0x000000000002e138       0x3c zephyr/subsys/bluetooth/host/libsubsys__bluetooth__host.a(att.c.obj)
 .text.bt_att_connected
                0x000000000002e174       0x40 zephyr/subsys/bluetooth/host/libsubsys__bluetooth__host.a(att.c.obj)
 .text.read_group_cb
                0x000000000002e1b4       0xb8 zephyr/subsys/bluetooth/host/libsubsys__bluetooth__host.a(att.c.obj)
 .text.bt_att_chan_create_pdu
                0x000000000002e26c       0xc0 zephyr/subsys/bluetooth/host/libsubsys__bluetooth__host.a(att.c.obj)
 .text.read_type_cb
                0x000000000002e32c       0xac zephyr/subsys/bluetooth/host/libsubsys__bluetooth__host.a(att.c.obj)
 .text.bt_att_accept
                0x000000000002e3d8       0xcc zephyr/subsys/bluetooth/host/libsubsys__bluetooth__host.a(att.c.obj)
 .text.chan_send
                0x000000000002e4a4       0xa4 zephyr/subsys/bluetooth/host/libsubsys__bluetooth__host.a(att.c.obj)
 .text.bt_att_recv
                0x000000000002e548       0xfc zephyr/subsys/bluetooth/host/libsubsys__bluetooth__host.a(att.c.obj)
 .text.att_write_rsp.constprop.0
                0x000000000002e644       0xc8 zephyr/subsys/bluetooth/host/libsubsys__bluetooth__host.a(att.c.obj)
 .text.att_read_group_req
                0x000000000002e70c       0xfc zephyr/subsys/bluetooth/host/libsubsys__bluetooth__host.a(att.c.obj)
 .text.att_read_mult_vl_req
                0x000000000002e808       0xa8 zephyr/subsys/bluetooth/host/libsubsys__bluetooth__host.a(att.c.obj)
 .text.att_read_mult_req
                0x000000000002e8b0       0xa8 zephyr/subsys/bluetooth/host/libsubsys__bluetooth__host.a(att.c.obj)
 .text.att_read_rsp
                0x000000000002e958       0x9c zephyr/subsys/bluetooth/host/libsubsys__bluetooth__host.a(att.c.obj)
 .text.att_read_type_req
                0x000000000002e9f4       0xc8 zephyr/subsys/bluetooth/host/libsubsys__bluetooth__host.a(att.c.obj)
 .text.att_find_type_req
                0x000000000002eabc       0xcc zephyr/subsys/bluetooth/host/libsubsys__bluetooth__host.a(att.c.obj)
 .text.att_find_info_req
                0x000000000002eb88       0x74 zephyr/subsys/bluetooth/host/libsubsys__bluetooth__host.a(att.c.obj)
 .text.bt_att_init
                0x000000000002ebfc       0x38 zephyr/subsys/bluetooth/host/libsubsys__bluetooth__host.a(att.c.obj)
                0x000000000002ebfc                bt_att_init
 .text.bt_att_req_alloc
                0x000000000002ec34       0x50 zephyr/subsys/bluetooth/host/libsubsys__bluetooth__host.a(att.c.obj)
                0x000000000002ec34                bt_att_req_alloc
 .text.bt_att_req_free
                0x000000000002ec84       0x28 zephyr/subsys/bluetooth/host/libsubsys__bluetooth__host.a(att.c.obj)
                0x000000000002ec84                bt_att_req_free
 .text.att_handle_rsp
                0x000000000002ecac       0x6c zephyr/subsys/bluetooth/host/libsubsys__bluetooth__host.a(att.c.obj)
 .text.bt_att_disconnected
                0x000000000002ed18       0xcc zephyr/subsys/bluetooth/host/libsubsys__bluetooth__host.a(att.c.obj)
 .text.att_timeout
                0x000000000002ede4       0x88 zephyr/subsys/bluetooth/host/libsubsys__bluetooth__host.a(att.c.obj)
 .text.db_hash_set
                0x000000000002ee6c       0x18 zephyr/subsys/bluetooth/host/libsubsys__bluetooth__host.a(gatt.c.obj)
 .text.find_cf_cfg_by_addr
                0x000000000002ee84       0x40 zephyr/subsys/bluetooth/host/libsubsys__bluetooth__host.a(gatt.c.obj)
 .text.gatt_delayed_store_find
                0x000000000002eec4       0x44 zephyr/subsys/bluetooth/host/libsubsys__bluetooth__host.a(gatt.c.obj)
 .text.find_sc_cfg
                0x000000000002ef08       0x40 zephyr/subsys/bluetooth/host/libsubsys__bluetooth__host.a(gatt.c.obj)
 .text.find_cf_cfg
                0x000000000002ef48       0x5c zephyr/subsys/bluetooth/host/libsubsys__bluetooth__host.a(gatt.c.obj)
 .text.find_ccc_cfg
                0x000000000002efa4       0x28 zephyr/subsys/bluetooth/host/libsubsys__bluetooth__host.a(gatt.c.obj)
 .text.gatt_delayed_store_enqueue
                0x000000000002efcc       0x80 zephyr/subsys/bluetooth/host/libsubsys__bluetooth__host.a(gatt.c.obj)
 .text.ccc_load
                0x000000000002f04c       0x8c zephyr/subsys/bluetooth/host/libsubsys__bluetooth__host.a(gatt.c.obj)
 .text.sc_save  0x000000000002f0d8       0x6c zephyr/subsys/bluetooth/host/libsubsys__bluetooth__host.a(gatt.c.obj)
 .text.sc_set   0x000000000002f144       0x8c zephyr/subsys/bluetooth/host/libsubsys__bluetooth__host.a(gatt.c.obj)
 .text.read_ppcp
                0x000000000002f1d0       0x2c zephyr/subsys/bluetooth/host/libsubsys__bluetooth__host.a(gatt.c.obj)
 .text.remove_peer_from_attr
                0x000000000002f1fc       0x28 zephyr/subsys/bluetooth/host/libsubsys__bluetooth__host.a(gatt.c.obj)
 .text.convert_to_id_on_match
                0x000000000002f224       0x2c zephyr/subsys/bluetooth/host/libsubsys__bluetooth__host.a(gatt.c.obj)
 .text.ccc_save
                0x000000000002f250       0x38 zephyr/subsys/bluetooth/host/libsubsys__bluetooth__host.a(gatt.c.obj)
 .text.sc_indicate.part.0
                0x000000000002f288       0x10 zephyr/subsys/bluetooth/host/libsubsys__bluetooth__host.a(gatt.c.obj)
 .text.sc_commit
                0x000000000002f298       0x2c zephyr/subsys/bluetooth/host/libsubsys__bluetooth__host.a(gatt.c.obj)
 .text.clear_cf_cfg
                0x000000000002f2c4       0x2c zephyr/subsys/bluetooth/host/libsubsys__bluetooth__host.a(gatt.c.obj)
 .text.disconnected_cb
                0x000000000002f2f0       0xa0 zephyr/subsys/bluetooth/host/libsubsys__bluetooth__host.a(gatt.c.obj)
 .text.bt_gatt_attr_write_ccc
                0x000000000002f390       0xbc zephyr/subsys/bluetooth/host/libsubsys__bluetooth__host.a(gatt.c.obj)
                0x000000000002f390                bt_gatt_attr_write_ccc
 .text.sc_indicate.constprop.0
                0x000000000002f44c       0x58 zephyr/subsys/bluetooth/host/libsubsys__bluetooth__host.a(gatt.c.obj)
 .text.set_all_change_unaware
                0x000000000002f4a4       0x58 zephyr/subsys/bluetooth/host/libsubsys__bluetooth__host.a(gatt.c.obj)
 .text.sc_indicate_rsp
                0x000000000002f4fc       0x4c zephyr/subsys/bluetooth/host/libsubsys__bluetooth__host.a(gatt.c.obj)
 .text.bt_gatt_init
                0x000000000002f548       0xb4 zephyr/subsys/bluetooth/host/libsubsys__bluetooth__host.a(gatt.c.obj)
                0x000000000002f548                bt_gatt_init
 .text.bt_gatt_attr_get_handle
                0x000000000002f5fc       0x60 zephyr/subsys/bluetooth/host/libsubsys__bluetooth__host.a(gatt.c.obj)
                0x000000000002f5fc                bt_gatt_attr_get_handle
 .text.bt_gatt_foreach_attr_type
                0x000000000002f65c       0xb4 zephyr/subsys/bluetooth/host/libsubsys__bluetooth__host.a(gatt.c.obj)
                0x000000000002f65c                bt_gatt_foreach_attr_type
 .text.db_hash_gen
                0x000000000002f710       0x64 zephyr/subsys/bluetooth/host/libsubsys__bluetooth__host.a(gatt.c.obj)
 .text.db_hash_read
                0x000000000002f774       0x78 zephyr/subsys/bluetooth/host/libsubsys__bluetooth__host.a(gatt.c.obj)
 .text.do_db_hash
                0x000000000002f7ec       0x7c zephyr/subsys/bluetooth/host/libsubsys__bluetooth__host.a(gatt.c.obj)
 .text.db_hash_commit
                0x000000000002f868       0x18 zephyr/subsys/bluetooth/host/libsubsys__bluetooth__host.a(gatt.c.obj)
 .text.ccc_set_direct
                0x000000000002f880       0x98 zephyr/subsys/bluetooth/host/libsubsys__bluetooth__host.a(gatt.c.obj)
 .text.bt_gatt_attr_next
                0x000000000002f918       0x24 zephyr/subsys/bluetooth/host/libsubsys__bluetooth__host.a(gatt.c.obj)
                0x000000000002f918                bt_gatt_attr_next
 .text.gatt_indicate
                0x000000000002f93c       0xbc zephyr/subsys/bluetooth/host/libsubsys__bluetooth__host.a(gatt.c.obj)
 .text.bt_gatt_indicate
                0x000000000002f9f8       0xf0 zephyr/subsys/bluetooth/host/libsubsys__bluetooth__host.a(gatt.c.obj)
                0x000000000002f9f8                bt_gatt_indicate
 .text.sc_process
                0x000000000002fae8       0x5c zephyr/subsys/bluetooth/host/libsubsys__bluetooth__host.a(gatt.c.obj)
 .text.update_ccc
                0x000000000002fb44       0xec zephyr/subsys/bluetooth/host/libsubsys__bluetooth__host.a(gatt.c.obj)
 .text.bt_gatt_notify_cb
                0x000000000002fc30       0xe8 zephyr/subsys/bluetooth/host/libsubsys__bluetooth__host.a(gatt.c.obj)
                0x000000000002fc30                bt_gatt_notify_cb
 .text.notify_cb
                0x000000000002fd18      0x11c zephyr/subsys/bluetooth/host/libsubsys__bluetooth__host.a(gatt.c.obj)
 .text.bt_gatt_connected
                0x000000000002fe34       0x78 zephyr/subsys/bluetooth/host/libsubsys__bluetooth__host.a(gatt.c.obj)
                0x000000000002fe34                bt_gatt_connected
 .text.bt_gatt_att_max_mtu_changed
                0x000000000002feac       0x28 zephyr/subsys/bluetooth/host/libsubsys__bluetooth__host.a(gatt.c.obj)
                0x000000000002feac                bt_gatt_att_max_mtu_changed
 .text.bt_gatt_encrypt_change
                0x000000000002fed4       0x30 zephyr/subsys/bluetooth/host/libsubsys__bluetooth__host.a(gatt.c.obj)
                0x000000000002fed4                bt_gatt_encrypt_change
 .text.bt_gatt_store_ccc
                0x000000000002ff04       0x3c zephyr/subsys/bluetooth/host/libsubsys__bluetooth__host.a(gatt.c.obj)
                0x000000000002ff04                bt_gatt_store_ccc
 .text.bt_gatt_identity_resolved
                0x000000000002ff40       0x5c zephyr/subsys/bluetooth/host/libsubsys__bluetooth__host.a(gatt.c.obj)
 .text.bt_gatt_disconnected
                0x000000000002ff9c       0x78 zephyr/subsys/bluetooth/host/libsubsys__bluetooth__host.a(gatt.c.obj)
                0x000000000002ff9c                bt_gatt_disconnected
 .text.bt_smp_accept
                0x0000000000030014       0x24 zephyr/subsys/bluetooth/host/libsubsys__bluetooth__host.a(smp.c.obj)
 .text.smp_find
                0x0000000000030038       0x1c zephyr/subsys/bluetooth/host/libsubsys__bluetooth__host.a(smp.c.obj)
 .text.latch_auth_cb
                0x0000000000030054       0x3c zephyr/subsys/bluetooth/host/libsubsys__bluetooth__host.a(smp.c.obj)
 .text.get_io_capa
                0x0000000000030090       0x4c zephyr/subsys/bluetooth/host/libsubsys__bluetooth__host.a(smp.c.obj)
 .text.smp_init
                0x00000000000300dc       0x38 zephyr/subsys/bluetooth/host/libsubsys__bluetooth__host.a(smp.c.obj)
 .text.smp_dhkey_generate
                0x0000000000030114       0x2c zephyr/subsys/bluetooth/host/libsubsys__bluetooth__host.a(smp.c.obj)
 .text.smp_pairing_random
                0x0000000000030140      0x158 zephyr/subsys/bluetooth/host/libsubsys__bluetooth__host.a(smp.c.obj)
 .text.smp_send_pairing_confirm
                0x0000000000030298       0x78 zephyr/subsys/bluetooth/host/libsubsys__bluetooth__host.a(smp.c.obj)
 .text.smp_public_key_periph
                0x0000000000030310      0x138 zephyr/subsys/bluetooth/host/libsubsys__bluetooth__host.a(smp.c.obj)
 .text.smp_public_key
                0x0000000000030448       0x98 zephyr/subsys/bluetooth/host/libsubsys__bluetooth__host.a(smp.c.obj)
 .text.bt_smp_connected
                0x00000000000304e0       0x54 zephyr/subsys/bluetooth/host/libsubsys__bluetooth__host.a(smp.c.obj)
 .text.get_auth
                0x0000000000030534       0x68 zephyr/subsys/bluetooth/host/libsubsys__bluetooth__host.a(smp.c.obj)
 .text.smp_pairing_req
                0x000000000003059c      0x238 zephyr/subsys/bluetooth/host/libsubsys__bluetooth__host.a(smp.c.obj)
 .text.bt_smp_start_security
                0x00000000000307d4      0x18c zephyr/subsys/bluetooth/host/libsubsys__bluetooth__host.a(smp.c.obj)
                0x00000000000307d4                bt_smp_start_security
 .text.smp_pairing_complete
                0x0000000000030960      0x120 zephyr/subsys/bluetooth/host/libsubsys__bluetooth__host.a(smp.c.obj)
 .text.bt_smp_recv
                0x0000000000030a80       0x84 zephyr/subsys/bluetooth/host/libsubsys__bluetooth__host.a(smp.c.obj)
 .text.bt_smp_pkey_ready
                0x0000000000030b04       0x40 zephyr/subsys/bluetooth/host/libsubsys__bluetooth__host.a(smp.c.obj)
 .text.smp_ident_addr_info
                0x0000000000030b44      0x108 zephyr/subsys/bluetooth/host/libsubsys__bluetooth__host.a(smp.c.obj)
 .text.bt_smp_encrypt_change
                0x0000000000030c4c       0xec zephyr/subsys/bluetooth/host/libsubsys__bluetooth__host.a(smp.c.obj)
 .text.bt_smp_init
                0x0000000000030d38       0x38 zephyr/subsys/bluetooth/host/libsubsys__bluetooth__host.a(smp.c.obj)
                0x0000000000030d38                bt_smp_init
 .text.bt_keys_get_addr
                0x0000000000030d70       0x4c zephyr/subsys/bluetooth/host/libsubsys__bluetooth__host.a(keys.c.obj)
                0x0000000000030d70                bt_keys_get_addr
 .text.bt_foreach_bond
                0x0000000000030dbc       0x44 zephyr/subsys/bluetooth/host/libsubsys__bluetooth__host.a(keys.c.obj)
                0x0000000000030dbc                bt_foreach_bond
 .text.bt_keys_foreach_type
                0x0000000000030e00       0x20 zephyr/subsys/bluetooth/host/libsubsys__bluetooth__host.a(keys.c.obj)
                0x0000000000030e00                bt_keys_foreach_type
 .text.keys_commit
                0x0000000000030e20       0x14 zephyr/subsys/bluetooth/host/libsubsys__bluetooth__host.a(keys.c.obj)
 .text.bt_keys_find
                0x0000000000030e34       0x38 zephyr/subsys/bluetooth/host/libsubsys__bluetooth__host.a(keys.c.obj)
                0x0000000000030e34                bt_keys_find
 .text.bt_keys_find_irk
                0x0000000000030e6c       0x84 zephyr/subsys/bluetooth/host/libsubsys__bluetooth__host.a(keys.c.obj)
                0x0000000000030e6c                bt_keys_find_irk
 .text.bt_keys_find_addr
                0x0000000000030ef0       0x24 zephyr/subsys/bluetooth/host/libsubsys__bluetooth__host.a(keys.c.obj)
                0x0000000000030ef0                bt_keys_find_addr
 .text.bt_crypto_f5
                0x0000000000030f14       0xd0 zephyr/subsys/bluetooth/crypto/libsubsys__bluetooth__crypto.a(bt_crypto.c.obj)
                0x0000000000030f14                bt_crypto_f5
 .text.bt_crypto_g2
                0x0000000000030fe4       0x5c zephyr/subsys/bluetooth/crypto/libsubsys__bluetooth__crypto.a(bt_crypto.c.obj)
                0x0000000000030fe4                bt_crypto_g2
 .text.mem_init
                0x0000000000031040       0x4c zephyr/subsys/bluetooth/controller/libsubsys__bluetooth__controller.a(mem.c.obj)
                0x0000000000031040                mem_init
 .text.mem_acquire
                0x000000000003108c       0x2c zephyr/subsys/bluetooth/controller/libsubsys__bluetooth__controller.a(mem.c.obj)
                0x000000000003108c                mem_acquire
 .text.mem_release
                0x00000000000310b8       0x28 zephyr/subsys/bluetooth/controller/libsubsys__bluetooth__controller.a(mem.c.obj)
                0x00000000000310b8                mem_release
 .text.mem_get  0x00000000000310e0        0x8 zephyr/subsys/bluetooth/controller/libsubsys__bluetooth__controller.a(mem.c.obj)
                0x00000000000310e0                mem_get
 .text.mem_index_get
                0x00000000000310e8        0xc zephyr/subsys/bluetooth/controller/libsubsys__bluetooth__controller.a(mem.c.obj)
                0x00000000000310e8                mem_index_get
 .text.mem_rcopy
                0x00000000000310f4       0x1c zephyr/subsys/bluetooth/controller/libsubsys__bluetooth__controller.a(mem.c.obj)
                0x00000000000310f4                mem_rcopy
 .text.mem_nz   0x0000000000031110       0x18 zephyr/subsys/bluetooth/controller/libsubsys__bluetooth__controller.a(mem.c.obj)
                0x0000000000031110                mem_nz
 .text.memq_init
                0x0000000000031128        0x8 zephyr/subsys/bluetooth/controller/libsubsys__bluetooth__controller.a(memq.c.obj)
                0x0000000000031128                memq_init
 .text.memq_deinit
                0x0000000000031130       0x14 zephyr/subsys/bluetooth/controller/libsubsys__bluetooth__controller.a(memq.c.obj)
                0x0000000000031130                memq_deinit
 .text.memq_enqueue
                0x0000000000031144       0x14 zephyr/subsys/bluetooth/controller/libsubsys__bluetooth__controller.a(memq.c.obj)
                0x0000000000031144                memq_enqueue
 .text.memq_peek
                0x0000000000031158       0x10 zephyr/subsys/bluetooth/controller/libsubsys__bluetooth__controller.a(memq.c.obj)
                0x0000000000031158                memq_peek
 .text.memq_dequeue
                0x0000000000031168       0x20 zephyr/subsys/bluetooth/controller/libsubsys__bluetooth__controller.a(memq.c.obj)
                0x0000000000031168                memq_dequeue
 .text.mayfly_init
                0x0000000000031188       0x40 zephyr/subsys/bluetooth/controller/libsubsys__bluetooth__controller.a(mayfly.c.obj)
                0x0000000000031188                mayfly_init
 .text.mayfly_enable
                0x00000000000311c8       0x6c zephyr/subsys/bluetooth/controller/libsubsys__bluetooth__controller.a(mayfly.c.obj)
                0x00000000000311c8                mayfly_enable
 .text.mayfly_enqueue
                0x0000000000031234       0xbc zephyr/subsys/bluetooth/controller/libsubsys__bluetooth__controller.a(mayfly.c.obj)
                0x0000000000031234                mayfly_enqueue
 .text.mayfly_run
                0x00000000000312f0      0x174 zephyr/subsys/bluetooth/controller/libsubsys__bluetooth__controller.a(mayfly.c.obj)
                0x00000000000312f0                mayfly_run
 .text.util_ones_count_get
                0x0000000000031464       0x28 zephyr/subsys/bluetooth/controller/libsubsys__bluetooth__controller.a(util.c.obj)
                0x0000000000031464                util_ones_count_get
 .text.ticker_dequeue
                0x000000000003148c       0x74 zephyr/subsys/bluetooth/controller/libsubsys__bluetooth__controller.a(ticker.c.obj)
 .text.ticks_to_expire_prep
                0x0000000000031500       0x4c zephyr/subsys/bluetooth/controller/libsubsys__bluetooth__controller.a(ticker.c.obj)
 .text.start_us.constprop.0
                0x000000000003154c       0xac zephyr/subsys/bluetooth/controller/libsubsys__bluetooth__controller.a(ticker.c.obj)
 .text.ticker_job_list_insert
                0x00000000000315f8      0x214 zephyr/subsys/bluetooth/controller/libsubsys__bluetooth__controller.a(ticker.c.obj)
 .text.ticker_worker
                0x000000000003180c      0x2b8 zephyr/subsys/bluetooth/controller/libsubsys__bluetooth__controller.a(ticker.c.obj)
                0x000000000003180c                ticker_worker
 .text.ticker_job
                0x0000000000031ac4      0xae0 zephyr/subsys/bluetooth/controller/libsubsys__bluetooth__controller.a(ticker.c.obj)
                0x0000000000031ac4                ticker_job
 .text.ticker_init
                0x00000000000325a4       0x64 zephyr/subsys/bluetooth/controller/libsubsys__bluetooth__controller.a(ticker.c.obj)
                0x00000000000325a4                ticker_init
 .text.ticker_is_initialized
                0x0000000000032608       0x18 zephyr/subsys/bluetooth/controller/libsubsys__bluetooth__controller.a(ticker.c.obj)
                0x0000000000032608                ticker_is_initialized
 .text.ticker_trigger
                0x0000000000032620       0x34 zephyr/subsys/bluetooth/controller/libsubsys__bluetooth__controller.a(ticker.c.obj)
                0x0000000000032620                ticker_trigger
 .text.ticker_start
                0x0000000000032654       0x38 zephyr/subsys/bluetooth/controller/libsubsys__bluetooth__controller.a(ticker.c.obj)
                0x0000000000032654                ticker_start
 .text.ticker_start_ext
                0x000000000003268c       0x10 zephyr/subsys/bluetooth/controller/libsubsys__bluetooth__controller.a(ticker.c.obj)
                0x000000000003268c                ticker_start_ext
 .text.ticker_update_ext
                0x000000000003269c       0xb0 zephyr/subsys/bluetooth/controller/libsubsys__bluetooth__controller.a(ticker.c.obj)
                0x000000000003269c                ticker_update_ext
 .text.ticker_update
                0x000000000003274c       0x30 zephyr/subsys/bluetooth/controller/libsubsys__bluetooth__controller.a(ticker.c.obj)
                0x000000000003274c                ticker_update
 .text.ticker_stop
                0x000000000003277c       0x84 zephyr/subsys/bluetooth/controller/libsubsys__bluetooth__controller.a(ticker.c.obj)
                0x000000000003277c                ticker_stop
 .text.ticker_stop_abs
                0x0000000000032800       0x88 zephyr/subsys/bluetooth/controller/libsubsys__bluetooth__controller.a(ticker.c.obj)
                0x0000000000032800                ticker_stop_abs
 .text.ticker_ticks_now_get
                0x0000000000032888        0x4 zephyr/subsys/bluetooth/controller/libsubsys__bluetooth__controller.a(ticker.c.obj)
                0x0000000000032888                ticker_ticks_now_get
 .text.ticker_ticks_diff_get
                0x000000000003288c        0x8 zephyr/subsys/bluetooth/controller/libsubsys__bluetooth__controller.a(ticker.c.obj)
                0x000000000003288c                ticker_ticks_diff_get
 .text.ll_feat_get
                0x0000000000032894        0xc zephyr/subsys/bluetooth/controller/libsubsys__bluetooth__controller.a(ll_feat.c.obj)
                0x0000000000032894                ll_feat_get
 .text.ll_tx_pwr_lvl_get
                0x00000000000328a0       0x20 zephyr/subsys/bluetooth/controller/libsubsys__bluetooth__controller.a(ll_tx_pwr.c.obj)
                0x00000000000328a0                ll_tx_pwr_lvl_get
 .text.ll_tx_pwr_get
                0x00000000000328c0        0x8 zephyr/subsys/bluetooth/controller/libsubsys__bluetooth__controller.a(ll_tx_pwr.c.obj)
                0x00000000000328c0                ll_tx_pwr_get
 .text.ll_addr_set
                0x00000000000328c8       0x38 zephyr/subsys/bluetooth/controller/libsubsys__bluetooth__controller.a(ll_addr.c.obj)
                0x00000000000328c8                ll_addr_set
 .text.ll_addr_get
                0x0000000000032900       0x20 zephyr/subsys/bluetooth/controller/libsubsys__bluetooth__controller.a(ll_addr.c.obj)
                0x0000000000032900                ll_addr_get
 .text.ll_addr_read
                0x0000000000032920       0x28 zephyr/subsys/bluetooth/controller/libsubsys__bluetooth__controller.a(ll_addr.c.obj)
                0x0000000000032920                ll_addr_read
 .text.perform_lll_reset
                0x0000000000032948       0x94 zephyr/subsys/bluetooth/controller/libsubsys__bluetooth__controller.a(ull.c.obj)
 .text.ull_ticker_status_give
                0x00000000000329dc        0xc zephyr/subsys/bluetooth/controller/libsubsys__bluetooth__controller.a(ull.c.obj)
                0x00000000000329dc                ull_ticker_status_give
 .text.disabled_cb
                0x00000000000329e8        0x4 zephyr/subsys/bluetooth/controller/libsubsys__bluetooth__controller.a(ull.c.obj)
 .text.tx_cmplt_get
                0x00000000000329ec       0xb4 zephyr/subsys/bluetooth/controller/libsubsys__bluetooth__controller.a(ull.c.obj)
 .text.rx_replenish
                0x0000000000032aa0      0x110 zephyr/subsys/bluetooth/controller/libsubsys__bluetooth__controller.a(ull.c.obj)
 .text.rx_demux
                0x0000000000032bb0      0x2b0 zephyr/subsys/bluetooth/controller/libsubsys__bluetooth__controller.a(ull.c.obj)
 .text.ll_rx_get
                0x0000000000032e60       0xf4 zephyr/subsys/bluetooth/controller/libsubsys__bluetooth__controller.a(ull.c.obj)
                0x0000000000032e60                ll_rx_get
 .text.ll_rx_dequeue
                0x0000000000032f54      0x1a8 zephyr/subsys/bluetooth/controller/libsubsys__bluetooth__controller.a(ull.c.obj)
                0x0000000000032f54                ll_rx_dequeue
 .text.ll_rx_mem_release
                0x00000000000330fc      0x190 zephyr/subsys/bluetooth/controller/libsubsys__bluetooth__controller.a(ull.c.obj)
                0x00000000000330fc                ll_rx_mem_release
 .text.ll_rx_link_alloc
                0x000000000003328c        0xc zephyr/subsys/bluetooth/controller/libsubsys__bluetooth__controller.a(ull.c.obj)
                0x000000000003328c                ll_rx_link_alloc
 .text.ll_rx_link_release
                0x0000000000033298        0xc zephyr/subsys/bluetooth/controller/libsubsys__bluetooth__controller.a(ull.c.obj)
                0x0000000000033298                ll_rx_link_release
 .text.ll_rx_alloc
                0x00000000000332a4        0xc zephyr/subsys/bluetooth/controller/libsubsys__bluetooth__controller.a(ull.c.obj)
                0x00000000000332a4                ll_rx_alloc
 .text.ll_rx_release
                0x00000000000332b0        0xc zephyr/subsys/bluetooth/controller/libsubsys__bluetooth__controller.a(ull.c.obj)
                0x00000000000332b0                ll_rx_release
 .text.ll_rx_put
                0x00000000000332bc       0x14 zephyr/subsys/bluetooth/controller/libsubsys__bluetooth__controller.a(ull.c.obj)
                0x00000000000332bc                ll_rx_put
 .text.ll_rx_put_sched
                0x00000000000332d0       0x28 zephyr/subsys/bluetooth/controller/libsubsys__bluetooth__controller.a(ull.c.obj)
                0x00000000000332d0                ll_rx_put_sched
 .text.ll_pdu_rx_alloc_peek
                0x00000000000332f8       0x44 zephyr/subsys/bluetooth/controller/libsubsys__bluetooth__controller.a(ull.c.obj)
                0x00000000000332f8                ll_pdu_rx_alloc_peek
 .text.ll_pdu_rx_alloc
                0x000000000003333c       0x2c zephyr/subsys/bluetooth/controller/libsubsys__bluetooth__controller.a(ull.c.obj)
                0x000000000003333c                ll_pdu_rx_alloc
 .text.ll_tx_ack_put
                0x0000000000033368       0x64 zephyr/subsys/bluetooth/controller/libsubsys__bluetooth__controller.a(ull.c.obj)
                0x0000000000033368                ll_tx_ack_put
 .text.ll_timeslice_ticker_id_get
                0x00000000000333cc        0xc zephyr/subsys/bluetooth/controller/libsubsys__bluetooth__controller.a(ull.c.obj)
                0x00000000000333cc                ll_timeslice_ticker_id_get
 .text.ll_radio_state_abort
                0x00000000000333d8       0x40 zephyr/subsys/bluetooth/controller/libsubsys__bluetooth__controller.a(ull.c.obj)
                0x00000000000333d8                ll_radio_state_abort
 .text.ull_ticker_status_take
                0x0000000000033418       0x24 zephyr/subsys/bluetooth/controller/libsubsys__bluetooth__controller.a(ull.c.obj)
                0x0000000000033418                ull_ticker_status_take
 .text.ull_disable_mark
                0x000000000003343c       0x18 zephyr/subsys/bluetooth/controller/libsubsys__bluetooth__controller.a(ull.c.obj)
                0x000000000003343c                ull_disable_mark
 .text.ull_disable_unmark
                0x0000000000033454       0x18 zephyr/subsys/bluetooth/controller/libsubsys__bluetooth__controller.a(ull.c.obj)
                0x0000000000033454                ull_disable_unmark
 .text.ull_disable_mark_get
                0x000000000003346c        0xc zephyr/subsys/bluetooth/controller/libsubsys__bluetooth__controller.a(ull.c.obj)
                0x000000000003346c                ull_disable_mark_get
 .text.ull_update_mark
                0x0000000000033478       0x18 zephyr/subsys/bluetooth/controller/libsubsys__bluetooth__controller.a(ull.c.obj)
                0x0000000000033478                ull_update_mark
 .text.ull_update_unmark
                0x0000000000033490       0x18 zephyr/subsys/bluetooth/controller/libsubsys__bluetooth__controller.a(ull.c.obj)
                0x0000000000033490                ull_update_unmark
 .text.ull_update_mark_get
                0x00000000000334a8        0xc zephyr/subsys/bluetooth/controller/libsubsys__bluetooth__controller.a(ull.c.obj)
                0x00000000000334a8                ull_update_mark_get
 .text.ull_disable
                0x00000000000334b4       0x78 zephyr/subsys/bluetooth/controller/libsubsys__bluetooth__controller.a(ull.c.obj)
                0x00000000000334b4                ull_disable
 .text.ull_ticker_stop_with_mark
                0x000000000003352c       0xa4 zephyr/subsys/bluetooth/controller/libsubsys__bluetooth__controller.a(ull.c.obj)
                0x000000000003352c                ull_ticker_stop_with_mark
 .text.ull_pdu_rx_alloc_peek
                0x00000000000335d0       0x44 zephyr/subsys/bluetooth/controller/libsubsys__bluetooth__controller.a(ull.c.obj)
                0x00000000000335d0                ull_pdu_rx_alloc_peek
 .text.ull_pdu_rx_alloc
                0x0000000000033614       0x2c zephyr/subsys/bluetooth/controller/libsubsys__bluetooth__controller.a(ull.c.obj)
                0x0000000000033614                ull_pdu_rx_alloc
 .text.ull_rx_put
                0x0000000000033640       0x20 zephyr/subsys/bluetooth/controller/libsubsys__bluetooth__controller.a(ull.c.obj)
                0x0000000000033640                ull_rx_put
 .text.ull_rx_sched
                0x0000000000033660       0x10 zephyr/subsys/bluetooth/controller/libsubsys__bluetooth__controller.a(ull.c.obj)
                0x0000000000033660                ull_rx_sched
 .text.ull_rx_put_sched
                0x0000000000033670       0x30 zephyr/subsys/bluetooth/controller/libsubsys__bluetooth__controller.a(ull.c.obj)
                0x0000000000033670                ull_rx_put_sched
 .text.ull_prepare_enqueue
                0x00000000000336a0       0x74 zephyr/subsys/bluetooth/controller/libsubsys__bluetooth__controller.a(ull.c.obj)
                0x00000000000336a0                ull_prepare_enqueue
 .text.ull_prepare_dequeue_get
                0x0000000000033714       0x1c zephyr/subsys/bluetooth/controller/libsubsys__bluetooth__controller.a(ull.c.obj)
                0x0000000000033714                ull_prepare_dequeue_get
 .text.ull_prepare_dequeue_iter
                0x0000000000033730       0x40 zephyr/subsys/bluetooth/controller/libsubsys__bluetooth__controller.a(ull.c.obj)
                0x0000000000033730                ull_prepare_dequeue_iter
 .text.ull_prepare_dequeue
                0x0000000000033770       0xc8 zephyr/subsys/bluetooth/controller/libsubsys__bluetooth__controller.a(ull.c.obj)
                0x0000000000033770                ull_prepare_dequeue
 .text.ull_event_done_extra_get
                0x0000000000033838       0x20 zephyr/subsys/bluetooth/controller/libsubsys__bluetooth__controller.a(ull.c.obj)
                0x0000000000033838                ull_event_done_extra_get
 .text.ull_event_done
                0x0000000000033858       0x60 zephyr/subsys/bluetooth/controller/libsubsys__bluetooth__controller.a(ull.c.obj)
                0x0000000000033858                ull_event_done
 .text.ull_rxfifo_alloc
                0x00000000000338b8       0x88 zephyr/subsys/bluetooth/controller/libsubsys__bluetooth__controller.a(ull.c.obj)
                0x00000000000338b8                ull_rxfifo_alloc
 .text.init_reset
                0x0000000000033940       0xfc zephyr/subsys/bluetooth/controller/libsubsys__bluetooth__controller.a(ull.c.obj)
 .text.ll_init  0x0000000000033a3c       0xf4 zephyr/subsys/bluetooth/controller/libsubsys__bluetooth__controller.a(ull.c.obj)
                0x0000000000033a3c                ll_init
 .text.ll_reset
                0x0000000000033b30      0x12c zephyr/subsys/bluetooth/controller/libsubsys__bluetooth__controller.a(ull.c.obj)
                0x0000000000033b30                ll_reset
 .text.ll_deinit
                0x0000000000033c5c       0x10 zephyr/subsys/bluetooth/controller/libsubsys__bluetooth__controller.a(ull.c.obj)
                0x0000000000033c5c                ll_deinit
 .text.lll_prepare
                0x0000000000033c6c       0x14 zephyr/subsys/bluetooth/controller/libsubsys__bluetooth__controller.a(lll_common.c.obj)
                0x0000000000033c6c                lll_prepare
 .text.lll_resume
                0x0000000000033c80       0x4c zephyr/subsys/bluetooth/controller/libsubsys__bluetooth__controller.a(lll_common.c.obj)
                0x0000000000033c80                lll_resume
 .text.hci_driver_init
                0x0000000000033ccc       0x10 zephyr/subsys/bluetooth/controller/libsubsys__bluetooth__controller.a(hci_driver.c.obj)
 .text.hci_driver_send
                0x0000000000033cdc       0x6c zephyr/subsys/bluetooth/controller/libsubsys__bluetooth__controller.a(hci_driver.c.obj)
 .text.hci_driver_close
                0x0000000000033d48       0x20 zephyr/subsys/bluetooth/controller/libsubsys__bluetooth__controller.a(hci_driver.c.obj)
 .text.recv_thread
                0x0000000000033d68      0x120 zephyr/subsys/bluetooth/controller/libsubsys__bluetooth__controller.a(hci_driver.c.obj)
 .text.prio_recv_thread
                0x0000000000033e88       0xc8 zephyr/subsys/bluetooth/controller/libsubsys__bluetooth__controller.a(hci_driver.c.obj)
 .text.hci_driver_open
                0x0000000000033f50       0xa8 zephyr/subsys/bluetooth/controller/libsubsys__bluetooth__controller.a(hci_driver.c.obj)
 .text.hci_recv_fifo_reset
                0x0000000000033ff8       0x20 zephyr/subsys/bluetooth/controller/libsubsys__bluetooth__controller.a(hci_driver.c.obj)
                0x0000000000033ff8                hci_recv_fifo_reset
 .text.le_remote_feat_complete
                0x0000000000034018       0x78 zephyr/subsys/bluetooth/controller/libsubsys__bluetooth__controller.a(hci.c.obj)
 .text.hci_vendor_cmd_handle_common
                0x0000000000034090      0x194 zephyr/subsys/bluetooth/controller/libsubsys__bluetooth__controller.a(hci.c.obj)
                0x0000000000034090                hci_vendor_cmd_handle_common
 .text.hci_cmd_handle
                0x0000000000034224      0x8d0 zephyr/subsys/bluetooth/controller/libsubsys__bluetooth__controller.a(hci.c.obj)
                0x0000000000034224                hci_cmd_handle
 .text.hci_acl_handle
                0x0000000000034af4       0xbc zephyr/subsys/bluetooth/controller/libsubsys__bluetooth__controller.a(hci.c.obj)
                0x0000000000034af4                hci_acl_handle
 .text.hci_disconn_complete_encode
                0x0000000000034bb0       0x40 zephyr/subsys/bluetooth/controller/libsubsys__bluetooth__controller.a(hci.c.obj)
                0x0000000000034bb0                hci_disconn_complete_encode
 .text.hci_disconn_complete_process