Archive member included to satisfy reference by file (symbol)

app/libapp.a(stdlib.c.obj)    (--whole-archive)
app/libapp.a(activity.c.obj)  (--whole-archive)
app/libapp.a(behavior.c.obj)  (--whole-archive)
app/libapp.a(matrix_transform.c.obj)
                              (--whole-archive)
app/libapp.a(physical_layouts.c.obj)
                              (--whole-archive)
app/libapp.a(sensors.c.obj)   (--whole-archive)
app/libapp.a(event_manager.c.obj)
                              (--whole-archive)
app/libapp.a(ext_power_generic.c.obj)
                              (--whole-archive)
app/libapp.a(activity_state_changed.c.obj)
                              (--whole-archive)
app/libapp.a(position_state_changed.c.obj)
                              (--whole-archive)
app/libapp.a(sensor_event.c.obj)
                              (--whole-archive)
app/libapp.a(usb_conn_state_changed.c.obj)
                              (--whole-archive)
app/libapp.a(behavior_reset.c.obj)
                              (--whole-archive)
app/libapp.a(behavior_ext_power.c.obj)
                              (--whole-archive)
app/libapp.a(hid.c.obj)       (--whole-archive)
app/libapp.a(behavior_key_press.c.obj)
                              (--whole-archive)
app/libapp.a(behavior_caps_word.c.obj)
                              (--whole-archive)
app/libapp.a(behavior_key_repeat.c.obj)
                              (--whole-archive)
app/libapp.a(behavior_momentary_layer.c.obj)
                              (--whole-archive)
app/libapp.a(behavior_mod_morph.c.obj)
                              (--whole-archive)
app/libapp.a(behavior_outputs.c.obj)
                              (--whole-archive)
app/libapp.a(behavior_toggle_layer.c.obj)
                              (--whole-archive)
app/libapp.a(behavior_to_layer.c.obj)
                              (--whole-archive)
app/libapp.a(behavior_transparent.c.obj)
                              (--whole-archive)
app/libapp.a(behavior_none.c.obj)
                              (--whole-archive)
app/libapp.a(combo.c.obj)     (--whole-archive)
app/libapp.a(behavior_queue.c.obj)
                              (--whole-archive)
app/libapp.a(conditional_layer.c.obj)
                              (--whole-archive)
app/libapp.a(endpoints.c.obj)
                              (--whole-archive)
app/libapp.a(endpoint_changed.c.obj)
                              (--whole-archive)
app/libapp.a(hid_listener.c.obj)
                              (--whole-archive)
app/libapp.a(keymap.c.obj)    (--whole-archive)
app/libapp.a(layer_state_changed.c.obj)
                              (--whole-archive)
app/libapp.a(modifiers_state_changed.c.obj)
                              (--whole-archive)
app/libapp.a(keycode_state_changed.c.obj)
                              (--whole-archive)
app/libapp.a(usb.c.obj)       (--whole-archive)
app/libapp.a(usb_hid.c.obj)   (--whole-archive)
app/libapp.a(main.c.obj)      (--whole-archive)
app/libapp.a(reset_settings_nvs.c.obj)
                              (--whole-archive)
app/libapp.a(reset_settings_on_start.c.obj)
                              (--whole-archive)
zephyr/libzephyr.a(crc32c_sw.c.obj)
                              (--whole-archive)
zephyr/libzephyr.a(crc32_sw.c.obj)
                              (--whole-archive)
zephyr/libzephyr.a(crc16_sw.c.obj)
                              (--whole-archive)
zephyr/libzephyr.a(crc8_sw.c.obj)
                              (--whole-archive)
zephyr/libzephyr.a(crc7_sw.c.obj)
                              (--whole-archive)
zephyr/libzephyr.a(crc4_sw.c.obj)
                              (--whole-archive)
zephyr/libzephyr.a(cbprintf_packaged.c.obj)
                              (--whole-archive)
zephyr/libzephyr.a(dec.c.obj)
                              (--whole-archive)
zephyr/libzephyr.a(hex.c.obj)
                              (--whole-archive)
zephyr/libzephyr.a(printk.c.obj)
                              (--whole-archive)
zephyr/libzephyr.a(rb.c.obj)  (--whole-archive)
zephyr/libzephyr.a(sem.c.obj)
                              (--whole-archive)
zephyr/libzephyr.a(thread_entry.c.obj)
                              (--whole-archive)
zephyr/libzephyr.a(timeutil.c.obj)
                              (--whole-archive)
zephyr/libzephyr.a(heap.c.obj)
                              (--whole-archive)
zephyr/libzephyr.a(heap-validate.c.obj)
                              (--whole-archive)
zephyr/libzephyr.a(bitarray.c.obj)
                              (--whole-archive)
zephyr/libzephyr.a(multi_heap.c.obj)
                              (--whole-archive)
zephyr/libzephyr.a(onoff.c.obj)
                              (--whole-archive)
zephyr/libzephyr.a(notify.c.obj)
                              (--whole-archive)
zephyr/libzephyr.a(cbprintf_nano.c.obj)
                              (--whole-archive)
zephyr/libzephyr.a(assert.c.obj)
                              (--whole-archive)
zephyr/libzephyr.a(reboot.c.obj)
[...]
Memory Configuration

Name             Origin             Length             Attributes
FLASH            0x0000000000026000 0x00000000000c6000 xr
RAM              0x0000000020000000 0x0000000000040000 xw
IDT_LIST         0x00000000fffff7ff 0x0000000000000800 xw
*default*        0x0000000000000000 0xffffffffffffffff

Linker script and memory map

                0x000000000002df44                vfprintf = __i_vfprintf
                0x0000000000000000                vfscanf = __i_vfscanf
LOAD zephyr/CMakeFiles/zephyr_final.dir/misc/empty_file.c.obj
LOAD zephyr/CMakeFiles/zephyr_final.dir/isr_tables.c.obj
LOAD zephyr/CMakeFiles/offsets.dir/./arch/arm/core/offsets/offsets.c.obj
LOAD app/libapp.a
LOAD zephyr/libzephyr.a
LOAD zephyr/arch/common/libarch__common.a
LOAD zephyr/arch/arch/arm/core/libarch__arm__core.a
LOAD zephyr/arch/arch/arm/core/cortex_m/libarch__arm__core__cortex_m.a
LOAD zephyr/arch/arch/arm/core/mpu/libarch__arm__core__mpu.a
LOAD zephyr/lib/libc/picolibc/liblib__libc__picolibc.a
LOAD zephyr/lib/libc/common/liblib__libc__common.a
LOAD zephyr/soc/soc/arm/common/cortex_m/libsoc__arm__common__cortex_m.a
LOAD zephyr/soc/soc/arm/nordic_nrf/nrf52/libsoc__arm__nordic_nrf__nrf52.a
LOAD zephyr/subsys/usb/device/class/hid/libsubsys__usb__device__class__hid.a
LOAD zephyr/drivers/usb/device/libdrivers__usb__device.a
LOAD zephyr/drivers/clock_control/libdrivers__clock_control.a
LOAD zephyr/drivers/flash/libdrivers__flash.a
LOAD zephyr/drivers/gpio/libdrivers__gpio.a
LOAD zephyr/drivers/hwinfo/libdrivers__hwinfo.a
LOAD zephyr/drivers/kscan/libdrivers__kscan.a
LOAD zephyr/drivers/pinctrl/libdrivers__pinctrl.a
LOAD zephyr/drivers/timer/libdrivers__timer.a
LOAD modules/hal_nordic/nrfx/libmodules__hal_nordic__nrfx.a
LOAD zephyr/kernel/libkernel.a
LOAD /opt/zephyr-sdk-0.16.9/arm-zephyr-eabi/bin/../lib/gcc/arm-zephyr-eabi/12.2.0/thumb/v7e-m+fp/hard/libgcc.a
LOAD zephyr/arch/common/libisr_tables.a
LOAD /opt/zephyr-sdk-0.16.9/arm-zephyr-eabi/bin/../lib/gcc/../../picolibc/arm-zephyr-eabi/lib/thumb/v7e-m+fp/hard/libc.a
LOAD /opt/zephyr-sdk-0.16.9/arm-zephyr-eabi/bin/../lib/gcc/arm-zephyr-eabi/12.2.0/thumb/v7e-m+fp/hard/libgcc.a
                0x0000000000000020                _region_min_align = 0x20

.rel.plt        0x0000000000026000        0x0
 *(SORT_BY_ALIGNMENT(.rel.plt))
                [!provide]                        PROVIDE (__rel_iplt_start = .)
 *(SORT_BY_ALIGNMENT(.rel.iplt))
 .rel.iplt      0x0000000000026000        0x0 zephyr/CMakeFiles/zephyr_final.dir/isr_tables.c.obj
                [!provide]                        PROVIDE (__rel_iplt_end = .)

.rela.plt       0x0000000000000000        0x0
 *(SORT_BY_ALIGNMENT(.rela.plt))
                [!provide]                        PROVIDE (__rela_iplt_start = .)
 *(SORT_BY_ALIGNMENT(.rela.iplt))
                [!provide]                        PROVIDE (__rela_iplt_end = .)

.rel.dyn
 *(SORT_BY_ALIGNMENT(.rel.*))

.rela.dyn
 *(SORT_BY_ALIGNMENT(.rela.*))

/DISCARD/
 *(SORT_BY_ALIGNMENT(.plt))

/DISCARD/
 *(SORT_BY_ALIGNMENT(.iplt))
                0x0000000000026000                __rom_region_start = 0x26000

rom_start       0x0000000000026000      0x100
                0x0000000000026000                __rom_start_address = .
 FILL mask 0x00
                0x0000000000026000                . = (. + (0x0 - (. - __rom_start_address)))
                0x0000000000026000                . = ALIGN (0x4)
                0x0000000000026000                . = ALIGN (0x80)
                0x0000000000026000                . = ALIGN (0x100)
                0x0000000000026000                _vector_start = .
 *(SORT_BY_ALIGNMENT(.exc_vector_table))
 *(SORT_BY_ALIGNMENT(.exc_vector_table.*))
 .exc_vector_table._vector_table_section
                0x0000000000026000       0x40 zephyr/arch/arch/arm/core/cortex_m/libarch__arm__core__cortex_m.a(vector_table.S.obj)
                0x0000000000026000                _vector_table
 *(SORT_BY_ALIGNMENT(.vectors))
                0x0000000000026100                _vector_end = .
                0x0000000000026040                . = ALIGN (0x4)
 *(SORT_BY_ALIGNMENT(.gnu.linkonce.irq_vector_table*))
 .gnu.linkonce.irq_vector_table
                0x0000000000026040       0xc0 zephyr/CMakeFiles/zephyr_final.dir/isr_tables.c.obj
                0x0000000000026040                _irq_vector_table
                0x0000000000026100                _vector_end = .

text            0x0000000000026100     0xa6d8
                0x0000000000026100                __text_region_start = .
 *(SORT_BY_ALIGNMENT(.text))
 .text          0x0000000000026100       0x30 /opt/zephyr-sdk-0.16.9/arm-zephyr-eabi/bin/../lib/gcc/arm-zephyr-eabi/12.2.0/thumb/v7e-m+fp/hard/libgcc.a(_aeabi_uldivmod.o)
                0x0000000000026100                __aeabi_uldivmod
 .text          0x0000000000026130        0x4 /opt/zephyr-sdk-0.16.9/arm-zephyr-eabi/bin/../lib/gcc/arm-zephyr-eabi/12.2.0/thumb/v7e-m+fp/hard/libgcc.a(_dvmd_tls.o)
                0x0000000000026130                __aeabi_ldiv0
                0x0000000000026130                __aeabi_idiv0
 .text          0x0000000000026134      0x2a0 /opt/zephyr-sdk-0.16.9/arm-zephyr-eabi/bin/../lib/gcc/arm-zephyr-eabi/12.2.0/thumb/v7e-m+fp/hard/libgcc.a(_udivmoddi4.o)
                0x0000000000026134                __udivmoddi4
 .text          0x00000000000263d4       0x14 /opt/zephyr-sdk-0.16.9/arm-zephyr-eabi/bin/../lib/gcc/../../picolibc/arm-zephyr-eabi/lib/thumb/v7e-m+fp/hard/libc.a(strcmp.S.o)
                0x00000000000263d4                strcmp
 .text          0x00000000000263e8       0x10 /opt/zephyr-sdk-0.16.9/arm-zephyr-eabi/bin/../lib/gcc/../../picolibc/arm-zephyr-eabi/lib/thumb/v7e-m+fp/hard/libc.a(strlen.S.o)
                0x00000000000263e8                strlen
 *(SORT_BY_ALIGNMENT(.text.*))
 .text.work_queue_main
                0x00000000000263f8      0x140 zephyr/kernel/libkernel.a(work.c.obj)
 .text.activity_expiry_function
                0x0000000000026538        0xc app/libapp.a(activity.c.obj)
                0x0000000000026538                activity_expiry_function
 .text.activity_init
                0x0000000000026544       0x3c app/libapp.a(activity.c.obj)
 .text.raise_event
                0x0000000000026580        0xc app/libapp.a(activity.c.obj)
                0x0000000000026580                raise_event
 .text.set_state
                0x000000000002658c       0x18 app/libapp.a(activity.c.obj)
                0x000000000002658c                set_state
 .text.activity_work_handler
                0x00000000000265a4       0x38 app/libapp.a(activity.c.obj)
                0x00000000000265a4                activity_work_handler
 .text.activity_event_listener
                0x00000000000265dc       0x2c app/libapp.a(activity.c.obj)
 .text.z_impl_behavior_get_binding
                0x0000000000026608       0x58 app/libapp.a(behavior.c.obj)
                0x0000000000026608                z_impl_behavior_get_binding
 .text.zmk_physical_layouts_kscan_process_msgq
                0x0000000000026660       0x70 app/libapp.a(physical_layouts.c.obj)
 .text.zmk_physical_layout_kscan_callback
                0x00000000000266d0       0x38 app/libapp.a(physical_layouts.c.obj)
 .text.raise_zmk_physical_layout_selection_changed
                0x0000000000026708       0x20 app/libapp.a(physical_layouts.c.obj)
                0x0000000000026708                raise_zmk_physical_layout_selection_changed
 .text.zmk_physical_layouts_select_layout
                0x0000000000026728       0x68 app/libapp.a(physical_layouts.c.obj)
                0x0000000000026728                zmk_physical_layouts_select_layout
 .text.zmk_physical_layouts_select
                0x0000000000026790       0x24 app/libapp.a(physical_layouts.c.obj)
                0x0000000000026790                zmk_physical_layouts_select
 .text.physical_layouts_handle_set
                0x00000000000267b4       0x44 app/libapp.a(physical_layouts.c.obj)
 .text.zmk_physical_layouts_select_initial
                0x00000000000267f8        0xc app/libapp.a(physical_layouts.c.obj)
                0x00000000000267f8                zmk_physical_layouts_select_initial
 .text.zmk_physical_layouts_init
                0x0000000000026804       0x1c app/libapp.a(physical_layouts.c.obj)
 .text.zmk_event_manager_handle_from
                0x0000000000026820       0x48 app/libapp.a(event_manager.c.obj)
                0x0000000000026820                zmk_event_manager_handle_from
 .text.ext_power_save_state_work
                0x0000000000026868       0x2c app/libapp.a(ext_power_generic.c.obj)
 .text.ext_power_generic_init
                0x0000000000026894       0xa4 app/libapp.a(ext_power_generic.c.obj)
 .text.ext_power_settings_commit
                0x0000000000026938       0x2c app/libapp.a(ext_power_generic.c.obj)
 .text.ext_power_save_state
                0x0000000000026964       0x18 app/libapp.a(ext_power_generic.c.obj)
                0x0000000000026964                ext_power_save_state
 .text.ext_power_settings_set
                0x000000000002697c       0x58 app/libapp.a(ext_power_generic.c.obj)
 .text.raise_zmk_activity_state_changed
                0x00000000000269d4       0x20 app/libapp.a(activity_state_changed.c.obj)
                0x00000000000269d4                raise_zmk_activity_state_changed
 .text.raise_zmk_position_state_changed
                0x00000000000269f4       0x38 app/libapp.a(position_state_changed.c.obj)
                0x00000000000269f4                raise_zmk_position_state_changed
 .text.as_zmk_position_state_changed
                0x0000000000026a2c       0x14 app/libapp.a(position_state_changed.c.obj)
                0x0000000000026a2c                as_zmk_position_state_changed
 .text.raise_zmk_usb_conn_state_changed
                0x0000000000026a40       0x20 app/libapp.a(usb_conn_state_changed.c.obj)
                0x0000000000026a40                raise_zmk_usb_conn_state_changed
 .text.on_keymap_binding_pressed
                0x0000000000026a60       0x58 app/libapp.a(behavior_ext_power.c.obj)
 .text.on_keymap_binding_convert_central_state_dependent_params
                0x0000000000026ab8       0x40 app/libapp.a(behavior_ext_power.c.obj)
 .text.zmk_hid_register_mod
                0x0000000000026af8       0x4c app/libapp.a(hid.c.obj)
                0x0000000000026af8                zmk_hid_register_mod
 .text.zmk_hid_unregister_mod
                0x0000000000026b44       0x5c app/libapp.a(hid.c.obj)
                0x0000000000026b44                zmk_hid_unregister_mod
 .text.zmk_hid_mod_is_pressed
                0x0000000000026ba0       0x18 app/libapp.a(hid.c.obj)
                0x0000000000026ba0                zmk_hid_mod_is_pressed
 .text.zmk_hid_implicit_modifiers_press
                0x0000000000026bb8       0x34 app/libapp.a(hid.c.obj)
                0x0000000000026bb8                zmk_hid_implicit_modifiers_press
 .text.zmk_hid_implicit_modifiers_release
                0x0000000000026bec       0x30 app/libapp.a(hid.c.obj)
                0x0000000000026bec                zmk_hid_implicit_modifiers_release
 .text.zmk_hid_keyboard_press
                0x0000000000026c1c       0x30 app/libapp.a(hid.c.obj)
                0x0000000000026c1c                zmk_hid_keyboard_press
 .text.zmk_hid_keyboard_release
                0x0000000000026c4c       0x38 app/libapp.a(hid.c.obj)
                0x0000000000026c4c                zmk_hid_keyboard_release
 .text.zmk_hid_keyboard_is_pressed
                0x0000000000026c84       0x30 app/libapp.a(hid.c.obj)
                0x0000000000026c84                zmk_hid_keyboard_is_pressed
 .text.zmk_hid_keyboard_clear
                0x0000000000026cb4       0x10 app/libapp.a(hid.c.obj)
                0x0000000000026cb4                zmk_hid_keyboard_clear
 .text.zmk_hid_consumer_press
                0x0000000000026cc4       0x34 app/libapp.a(hid.c.obj)
                0x0000000000026cc4                zmk_hid_consumer_press
 .text.zmk_hid_consumer_release
                0x0000000000026cf8       0x28 app/libapp.a(hid.c.obj)
                0x0000000000026cf8                zmk_hid_consumer_release
 .text.zmk_hid_consumer_clear
                0x0000000000026d20       0x10 app/libapp.a(hid.c.obj)
                0x0000000000026d20                zmk_hid_consumer_clear
 .text.zmk_hid_consumer_is_pressed
                0x0000000000026d30       0x24 app/libapp.a(hid.c.obj)
                0x0000000000026d30                zmk_hid_consumer_is_pressed
 .text.zmk_hid_get_keyboard_report
                0x0000000000026d54        0x8 app/libapp.a(hid.c.obj)
                0x0000000000026d54                zmk_hid_get_keyboard_report
 .text.zmk_hid_get_consumer_report
                0x0000000000026d5c        0x8 app/libapp.a(hid.c.obj)
                0x0000000000026d5c                zmk_hid_get_consumer_report
 .text.zmk_endpoints_init
                0x0000000000026d64       0x3c app/libapp.a(endpoints.c.obj)
 .text.endpoints_save_preferred_work
                0x0000000000026da0       0x14 app/libapp.a(endpoints.c.obj)
 .text.zmk_endpoint_instance_to_str
                0x0000000000026db4       0x3c app/libapp.a(endpoints.c.obj)
                0x0000000000026db4                zmk_endpoint_instance_to_str
 .text.zmk_endpoints_send_report
                0x0000000000026df0       0x2c app/libapp.a(endpoints.c.obj)
                0x0000000000026df0                zmk_endpoints_send_report
 .text.zmk_endpoints_clear_current
                0x0000000000026e1c       0x28 app/libapp.a(endpoints.c.obj)
                0x0000000000026e1c                zmk_endpoints_clear_current
 .text.update_current_endpoint
                0x0000000000026e44       0x50 app/libapp.a(endpoints.c.obj)
 .text.endpoints_handle_set
                0x0000000000026e94       0x3c app/libapp.a(endpoints.c.obj)
 .text.raise_zmk_endpoint_changed
                0x0000000000026ed0       0x2c app/libapp.a(endpoint_changed.c.obj)
                0x0000000000026ed0                raise_zmk_endpoint_changed
 .text.set_layer_state
                0x0000000000026efc       0x5c app/libapp.a(keymap.c.obj)
 .text.zmk_keymap_position_state_changed
                0x0000000000026f58       0x48 app/libapp.a(keymap.c.obj)
                0x0000000000026f58                zmk_keymap_position_state_changed
 .text.raise_zmk_layer_state_changed
                0x0000000000026fa0       0x2c app/libapp.a(layer_state_changed.c.obj)
                0x0000000000026fa0                raise_zmk_layer_state_changed
 .text.raise_zmk_keycode_state_changed
                0x0000000000026fcc       0x38 app/libapp.a(keycode_state_changed.c.obj)
                0x0000000000026fcc                raise_zmk_keycode_state_changed
 .text.as_zmk_keycode_state_changed
                0x0000000000027004       0x14 app/libapp.a(keycode_state_changed.c.obj)
                0x0000000000027004                as_zmk_keycode_state_changed
 .text.zmk_usb_init
                0x0000000000027018       0x18 app/libapp.a(usb.c.obj)
 .text.zmk_usb_get_status
                0x0000000000027030        0xc app/libapp.a(usb.c.obj)
                0x0000000000027030                zmk_usb_get_status
 .text.zmk_usb_get_conn_state
                0x000000000002703c       0x28 app/libapp.a(usb.c.obj)
                0x000000000002703c                zmk_usb_get_conn_state
 .text.usb_status_cb
                0x0000000000027064       0x40 app/libapp.a(usb.c.obj)
                0x0000000000027064                usb_status_cb
 .text.zmk_usb_is_hid_ready
                0x00000000000270a4       0x1c app/libapp.a(usb.c.obj)
                0x00000000000270a4                zmk_usb_is_hid_ready
 .text.zmk_usb_hid_init
                0x00000000000270c0       0x38 app/libapp.a(usb_hid.c.obj)
 .text.zmk_usb_hid_send_report
                0x00000000000270f8       0x5c app/libapp.a(usb_hid.c.obj)
 .text.in_ready_cb
                0x0000000000027154        0xc app/libapp.a(usb_hid.c.obj)
 .text.crc8_ccitt
                0x0000000000027160       0x2c zephyr/libzephyr.a(crc8_sw.c.obj)
                0x0000000000027160                crc8_ccitt
 .text.char_out
                0x000000000002718c        0xc zephyr/libzephyr.a(printk.c.obj)
 .text.vprintk  0x0000000000027198       0x30 zephyr/libzephyr.a(printk.c.obj)
                0x0000000000027198                vprintk
 .text.z_thread_entry
                0x00000000000271c8       0x34 zephyr/libzephyr.a(thread_entry.c.obj)
                0x00000000000271c8                z_thread_entry
 .text.process_event
                0x00000000000271fc      0x21c zephyr/libzephyr.a(onoff.c.obj)
 .text.sys_reboot
                0x0000000000027418       0x30 zephyr/libzephyr.a(reboot.c.obj)
                0x0000000000027418                sys_reboot
 .text.z_arm_platform_init
                0x0000000000027448        0x4 zephyr/libzephyr.a(soc_nrf_common.S.obj)
                0x0000000000027448                z_arm_platform_init
 .text.nvs_recover_last_ate
                0x000000000002744c       0x64 zephyr/libzephyr.a(nvs.c.obj)
 .text.nvs_mount
                0x00000000000274b0      0x2c0 zephyr/libzephyr.a(nvs.c.obj)
                0x00000000000274b0                nvs_mount
 .text.nvs_write
                0x0000000000027770      0x1a4 zephyr/libzephyr.a(nvs.c.obj)
                0x0000000000027770                nvs_write
 .text.mem_attr_get_regions
                0x0000000000027914        0xc zephyr/libzephyr.a(mem_attr.c.obj)
                0x0000000000027914                mem_attr_get_regions
 .text.flash_area_open
                0x0000000000027920       0x50 zephyr/libzephyr.a(flash_map.c.obj)
                0x0000000000027920                flash_area_open
 .text.flash_area_get_sectors
                0x0000000000027970       0x60 zephyr/libzephyr.a(flash_map_layout.c.obj)
                0x0000000000027970                flash_area_get_sectors
 .text.class_handler
                0x00000000000279d0       0x40 zephyr/libzephyr.a(usb_device.c.obj)
 .text.custom_handler
                0x0000000000027a10       0x60 zephyr/libzephyr.a(usb_device.c.obj)
 .text.vendor_handler
                0x0000000000027a70       0x3c zephyr/libzephyr.a(usb_device.c.obj)
 .text.disable_endpoint
                0x0000000000027aac       0x2c zephyr/libzephyr.a(usb_device.c.obj)
 .text.usb_reset_alt_setting
                0x0000000000027ad8       0x10 zephyr/libzephyr.a(usb_device.c.obj)
 .text.is_ep_valid.part.0
                0x0000000000027ae8       0x38 zephyr/libzephyr.a(usb_device.c.obj)
 .text.usb_handle_request.constprop.0
                0x0000000000027b20       0x2c zephyr/libzephyr.a(usb_device.c.obj)
 .text.forward_status_cb
                0x0000000000027b4c       0xac zephyr/libzephyr.a(usb_device.c.obj)
 .text.usb_halt_endpoint_req.isra.0
                0x0000000000027bf8       0x50 zephyr/libzephyr.a(usb_device.c.obj)
 .text.set_endpoint
                0x0000000000027c48       0x84 zephyr/libzephyr.a(usb_device.c.obj)
 .text.usb_handle_standard_request
                0x0000000000027ccc      0x2ec zephyr/libzephyr.a(usb_device.c.obj)
 .text.usb_data_to_host
                0x0000000000027fb8       0x60 zephyr/libzephyr.a(usb_device.c.obj)
 .text.usb_handle_control_transfer
                0x0000000000028018       0xdc zephyr/libzephyr.a(usb_device.c.obj)
 .text.usb_wakeup_request
                0x00000000000280f4       0x18 zephyr/libzephyr.a(usb_device.c.obj)
                0x00000000000280f4                usb_wakeup_request
 .text.usb_set_config
                0x000000000002810c       0x2c zephyr/libzephyr.a(usb_device.c.obj)
                0x000000000002810c                usb_set_config
 .text.usb_device_init
                0x0000000000028138       0x28 zephyr/libzephyr.a(usb_device.c.obj)
 .text.usb_enable
                0x0000000000028160      0x124 zephyr/libzephyr.a(usb_device.c.obj)
                0x0000000000028160                usb_enable
 .text.usb_update_sn_string_descriptor
                0x0000000000028284       0x88 zephyr/libzephyr.a(usb_descriptor.c.obj)
                0x0000000000028284                usb_update_sn_string_descriptor
 .text.usb_get_device_descriptor
                0x000000000002830c      0x1d8 zephyr/libzephyr.a(usb_descriptor.c.obj)
                0x000000000002830c                usb_get_device_descriptor
 .text.usb_ep_get_transfer
                0x00000000000284e4       0x2c zephyr/libzephyr.a(usb_transfer.c.obj)
 .text.usb_transfer_work
                0x0000000000028510      0x104 zephyr/libzephyr.a(usb_transfer.c.obj)
 .text.usb_cancel_transfer
                0x0000000000028614       0x3c zephyr/libzephyr.a(usb_transfer.c.obj)
                0x0000000000028614                usb_cancel_transfer
 .text.usb_cancel_transfers
                0x0000000000028650       0x48 zephyr/libzephyr.a(usb_transfer.c.obj)
                0x0000000000028650                usb_cancel_transfers
 .text.usb_transfer_init
                0x0000000000028698       0x34 zephyr/libzephyr.a(usb_transfer.c.obj)
                0x0000000000028698                usb_transfer_init
 .text.settings_save_one
                0x00000000000286cc       0x4c zephyr/libzephyr.a(settings_store.c.obj)
                0x00000000000286cc                settings_save_one
 .text.settings_src_register
                0x0000000000028718       0x1c zephyr/libzephyr.a(settings_store.c.obj)
                0x0000000000028718                settings_src_register
 .text.settings_dst_register
                0x0000000000028734        0xc zephyr/libzephyr.a(settings_store.c.obj)
                0x0000000000028734                settings_dst_register
 .text.settings_load_subtree
                0x0000000000028740       0x4c zephyr/libzephyr.a(settings_store.c.obj)
                0x0000000000028740                settings_load_subtree
 .text.settings_store_init
                0x000000000002878c       0x10 zephyr/libzephyr.a(settings_store.c.obj)
                0x000000000002878c                settings_store_init
 .text.settings_init
                0x000000000002879c       0x10 zephyr/libzephyr.a(settings.c.obj)
                0x000000000002879c                settings_init
 .text.settings_parse_and_lookup
                0x00000000000287ac       0x98 zephyr/libzephyr.a(settings.c.obj)
                0x00000000000287ac                settings_parse_and_lookup
 .text.settings_commit_subtree
                0x0000000000028844       0x70 zephyr/libzephyr.a(settings.c.obj)
                0x0000000000028844                settings_commit_subtree
 .text.settings_subsys_init
                0x00000000000288b4       0x3c zephyr/libzephyr.a(settings_init.c.obj)
                0x00000000000288b4                settings_subsys_init
 .text.settings_nvs_load
                0x00000000000288f0       0xbc zephyr/libzephyr.a(settings_nvs.c.obj)
 .text.settings_backend_init
                0x00000000000289ac       0x84 zephyr/libzephyr.a(settings_nvs.c.obj)
                0x00000000000289ac                settings_backend_init
 .text.z_SysNmiOnReset
                0x0000000000028a30        0x8 zephyr/arch/arch/arm/core/libarch__arm__core.a(nmi_on_reset.S.obj)
                0x0000000000028a30                z_SysNmiOnReset
 .text.arch_tls_stack_setup
                0x0000000000028a38       0x5c zephyr/arch/arch/arm/core/libarch__arm__core.a(tls.c.obj)
                0x0000000000028a38                arch_tls_stack_setup
 .text._HandlerModeExit
                0x0000000000028a94       0x1c zephyr/arch/arch/arm/core/cortex_m/libarch__arm__core__cortex_m.a(exc_exit.S.obj)
                0x0000000000028a94                z_arm_exc_exit
                0x0000000000028a94                z_arm_int_exit
 .text.usage_fault.constprop.0
                0x0000000000028ab0       0x54 zephyr/arch/arch/arm/core/cortex_m/libarch__arm__core__cortex_m.a(fault.c.obj)
 .text.bus_fault.constprop.0
                0x0000000000028b04       0x6c zephyr/arch/arch/arm/core/cortex_m/libarch__arm__core__cortex_m.a(fault.c.obj)
 .text.mem_manage_fault.constprop.0
                0x0000000000028b70       0x78 zephyr/arch/arch/arm/core/cortex_m/libarch__arm__core__cortex_m.a(fault.c.obj)
 .text.z_arm_fault
                0x0000000000028be8      0x118 zephyr/arch/arch/arm/core/cortex_m/libarch__arm__core__cortex_m.a(fault.c.obj)
                0x0000000000028be8                z_arm_fault
 .text.z_arm_fault_init
                0x0000000000028d00       0x10 zephyr/arch/arch/arm/core/cortex_m/libarch__arm__core__cortex_m.a(fault.c.obj)
                0x0000000000028d00                z_arm_fault_init
 .text.__fault  0x0000000000028d10       0x14 zephyr/arch/arch/arm/core/cortex_m/libarch__arm__core__cortex_m.a(fault_s.S.obj)
                0x0000000000028d10                z_arm_bus_fault
                0x0000000000028d10                z_arm_usage_fault
                0x0000000000028d10                z_arm_mpu_fault
                0x0000000000028d10                z_arm_exc_spurious
                0x0000000000028d10                z_arm_debug_monitor
                0x0000000000028d10                z_arm_hard_fault
 .text.z_arm_interrupt_init
                0x0000000000028d24       0x18 zephyr/arch/arch/arm/core/cortex_m/libarch__arm__core__cortex_m.a(irq_init.c.obj)
                0x0000000000028d24                z_arm_interrupt_init
 .text._reset_section
                0x0000000000028d3c       0x30 zephyr/arch/arch/arm/core/cortex_m/libarch__arm__core__cortex_m.a(reset.S.obj)
                0x0000000000028d3c                z_arm_reset
                0x0000000000028d3c                __start
 .text.z_impl_k_thread_abort
                0x0000000000028d6c       0x2c zephyr/arch/arch/arm/core/cortex_m/libarch__arm__core__cortex_m.a(thread_abort.c.obj)
                0x0000000000028d6c                z_impl_k_thread_abort
 .text.arch_swap
                0x0000000000028d98       0x34 zephyr/arch/arch/arm/core/cortex_m/libarch__arm__core__cortex_m.a(swap.c.obj)
                0x0000000000028d98                arch_swap
 .text.z_arm_pendsv
                0x0000000000028dcc       0x94 zephyr/arch/arch/arm/core/cortex_m/libarch__arm__core__cortex_m.a(swap_helper.S.obj)
                0x0000000000028dcc                z_arm_pendsv
 .text.z_arm_svc
                0x0000000000028e60       0x20 zephyr/arch/arch/arm/core/cortex_m/libarch__arm__core__cortex_m.a(swap_helper.S.obj)
                0x0000000000028e60                z_arm_svc
 .text.arch_irq_enable
                0x0000000000028e80       0x1c zephyr/arch/arch/arm/core/cortex_m/libarch__arm__core__cortex_m.a(irq_manage.c.obj)
                0x0000000000028e80                arch_irq_enable
 .text.arch_irq_disable
                0x0000000000028e9c       0x28 zephyr/arch/arch/arm/core/cortex_m/libarch__arm__core__cortex_m.a(irq_manage.c.obj)
                0x0000000000028e9c                arch_irq_disable
 .text.arch_irq_is_enabled
                0x0000000000028ec4       0x1c zephyr/arch/arch/arm/core/cortex_m/libarch__arm__core__cortex_m.a(irq_manage.c.obj)
                0x0000000000028ec4                arch_irq_is_enabled
 .text.z_arm_irq_priority_set
                0x0000000000028ee0       0x30 zephyr/arch/arch/arm/core/cortex_m/libarch__arm__core__cortex_m.a(irq_manage.c.obj)
                0x0000000000028ee0                z_arm_irq_priority_set
 .text.z_arm_prep_c
                0x0000000000028f10       0x5c zephyr/arch/arch/arm/core/cortex_m/libarch__arm__core__cortex_m.a(prep_c.c.obj)
                0x0000000000028f10                z_arm_prep_c
 .text.arch_new_thread
                0x0000000000028f6c       0x40 zephyr/arch/arch/arm/core/cortex_m/libarch__arm__core__cortex_m.a(thread.c.obj)
                0x0000000000028f6c                arch_new_thread
 .text.arch_float_disable
                0x0000000000028fac       0x4c zephyr/arch/arch/arm/core/cortex_m/libarch__arm__core__cortex_m.a(thread.c.obj)
                0x0000000000028fac                arch_float_disable
 .text.arch_switch_to_main_thread
                0x0000000000028ff8       0x48 zephyr/arch/arch/arm/core/cortex_m/libarch__arm__core__cortex_m.a(thread.c.obj)
                0x0000000000028ff8                arch_switch_to_main_thread
 .text.z_arm_cpu_idle_init
                0x0000000000029040        0xc zephyr/arch/arch/arm/core/cortex_m/libarch__arm__core__cortex_m.a(cpu_idle.S.obj)
                0x0000000000029040                z_arm_cpu_idle_init
 .text.arch_cpu_idle
                0x000000000002904c       0x1c zephyr/arch/arch/arm/core/cortex_m/libarch__arm__core__cortex_m.a(cpu_idle.S.obj)
                0x000000000002904c                arch_cpu_idle
 .text.arch_cpu_atomic_idle
                0x0000000000029068       0x18 zephyr/arch/arch/arm/core/cortex_m/libarch__arm__core__cortex_m.a(cpu_idle.S.obj)
                0x0000000000029068                arch_cpu_atomic_idle
 .text._isr_wrapper
                0x0000000000029080       0x28 zephyr/arch/arch/arm/core/cortex_m/libarch__arm__core__cortex_m.a(isr_wrapper.S.obj)
                0x0000000000029080                _isr_wrapper
 .text.z_arm_configure_static_mpu_regions
                0x00000000000290a8       0x18 zephyr/arch/arch/arm/core/mpu/libarch__arm__core__mpu.a(arm_core_mpu.c.obj)
                0x00000000000290a8                z_arm_configure_static_mpu_regions
 .text.region_init
                0x00000000000290c0       0x28 zephyr/arch/arch/arm/core/mpu/libarch__arm__core__mpu.a(arm_mpu.c.obj)
 .text.arm_core_mpu_enable
                0x00000000000290e8       0x18 zephyr/arch/arch/arm/core/mpu/libarch__arm__core__mpu.a(arm_mpu.c.obj)
                0x00000000000290e8                arm_core_mpu_enable
 .text.arm_core_mpu_disable
                0x0000000000029100       0x14 zephyr/arch/arch/arm/core/mpu/libarch__arm__core__mpu.a(arm_mpu.c.obj)
                0x0000000000029100                arm_core_mpu_disable
 .text.arm_core_mpu_configure_static_mpu_regions
                0x0000000000029114       0x14 zephyr/arch/arch/arm/core/mpu/libarch__arm__core__mpu.a(arm_mpu.c.obj)
                0x0000000000029114                arm_core_mpu_configure_static_mpu_regions
 .text.z_arm_mpu_init
                0x0000000000029128      0x124 zephyr/arch/arch/arm/core/mpu/libarch__arm__core__mpu.a(arm_mpu.c.obj)
                0x0000000000029128                z_arm_mpu_init
 .text._exit    0x000000000002924c       0x10 zephyr/lib/libc/picolibc/liblib__libc__picolibc.a(libc-hooks.c.obj)
                0x000000000002924c                _exit
 .text.__chk_fail
                0x000000000002925c       0x18 zephyr/lib/libc/picolibc/liblib__libc__picolibc.a(libc-hooks.c.obj)
                0x000000000002925c                __chk_fail
 .text.malloc_prepare
                0x0000000000029274       0x24 zephyr/lib/libc/common/liblib__libc__common.a(malloc.c.obj)
 .text.nordicsemi_nrf52_init
                0x0000000000029298       0x18 zephyr/soc/soc/arm/nordic_nrf/nrf52/libsoc__arm__nordic_nrf__nrf52.a(soc.c.obj)
 .text.sys_arch_reboot
                0x00000000000292b0       0x2c zephyr/soc/soc/arm/nordic_nrf/nrf52/libsoc__arm__nordic_nrf__nrf52.a(soc.c.obj)
                0x00000000000292b0                sys_arch_reboot
 .text.arch_busy_wait
                0x00000000000292dc       0x14 zephyr/soc/soc/arm/nordic_nrf/nrf52/libsoc__arm__nordic_nrf__nrf52.a(soc.c.obj)
                0x00000000000292dc                arch_busy_wait
 .text.hid_int_in
                0x00000000000292f0       0x2c zephyr/subsys/usb/device/class/hid/libsubsys__usb__device__class__hid.a(core.c.obj)
 .text.hid_custom_handle_req
                0x000000000002931c       0x78 zephyr/subsys/usb/device/class/hid/libsubsys__usb__device__class__hid.a(core.c.obj)
 .text.hid_class_handle_req
                0x0000000000029394       0x60 zephyr/subsys/usb/device/class/hid/libsubsys__usb__device__class__hid.a(core.c.obj)
 .text.hid_status_cb
                0x00000000000293f4       0x48 zephyr/subsys/usb/device/class/hid/libsubsys__usb__device__class__hid.a(core.c.obj)
 .text.usb_hid_register_device
                0x000000000002943c       0x2c zephyr/subsys/usb/device/class/hid/libsubsys__usb__device__class__hid.a(core.c.obj)
                0x000000000002943c                usb_hid_register_device
 .text.endpoint_ctx
                0x0000000000029468       0x60 zephyr/drivers/usb/device/libdrivers__usb__device.a(usb_dc_nrfx.c.obj)
 .text.usbd_work_schedule
                0x00000000000294c8       0x10 zephyr/drivers/usb/device/libdrivers__usb__device.a(usb_dc_nrfx.c.obj)
 .text.usbd_evt_put
                0x00000000000294d8        0xc zephyr/drivers/usb/device/libdrivers__usb__device.a(usb_dc_nrfx.c.obj)
 .text.usbd_evt_get
                0x00000000000294e4       0x10 zephyr/drivers/usb/device/libdrivers__usb__device.a(usb_dc_nrfx.c.obj)
 .text.usb_init
                0x00000000000294f4       0x70 zephyr/drivers/usb/device/libdrivers__usb__device.a(usb_dc_nrfx.c.obj)
 .text.hfxo_stop.constprop.0.isra.0
                0x0000000000029564       0x40 zephyr/drivers/usb/device/libdrivers__usb__device.a(usb_dc_nrfx.c.obj)
 .text.eps_ctx_init
                0x00000000000295a4       0x68 zephyr/drivers/usb/device/libdrivers__usb__device.a(usb_dc_nrfx.c.obj)
 .text.usbd_evt_flush
                0x000000000002960c       0x1c zephyr/drivers/usb/device/libdrivers__usb__device.a(usb_dc_nrfx.c.obj)
 .text.usbd_evt_alloc
                0x0000000000029628       0x44 zephyr/drivers/usb/device/libdrivers__usb__device.a(usb_dc_nrfx.c.obj)
 .text.usb_dc_power_event_handler
                0x000000000002966c       0x34 zephyr/drivers/usb/device/libdrivers__usb__device.a(usb_dc_nrfx.c.obj)
 .text.usbd_event_transfer_data
                0x00000000000296a0       0xa8 zephyr/drivers/usb/device/libdrivers__usb__device.a(usb_dc_nrfx.c.obj)
 .text.usbd_event_handler
                0x0000000000029748      0x11c zephyr/drivers/usb/device/libdrivers__usb__device.a(usb_dc_nrfx.c.obj)
 .text.usbd_work_handler
                0x0000000000029864      0x2e0 zephyr/drivers/usb/device/libdrivers__usb__device.a(usb_dc_nrfx.c.obj)
 .text.usb_dc_attach
                0x0000000000029b44       0x64 zephyr/drivers/usb/device/libdrivers__usb__device.a(usb_dc_nrfx.c.obj)
                0x0000000000029b44                usb_dc_attach
 .text.usb_dc_set_address
                0x0000000000029ba8       0x24 zephyr/drivers/usb/device/libdrivers__usb__device.a(usb_dc_nrfx.c.obj)
                0x0000000000029ba8                usb_dc_set_address
 .text.usb_dc_ep_configure
                0x0000000000029bcc       0x48 zephyr/drivers/usb/device/libdrivers__usb__device.a(usb_dc_nrfx.c.obj)
                0x0000000000029bcc                usb_dc_ep_configure
 .text.usb_dc_ep_set_stall
                0x0000000000029c14       0x50 zephyr/drivers/usb/device/libdrivers__usb__device.a(usb_dc_nrfx.c.obj)
                0x0000000000029c14                usb_dc_ep_set_stall
 .text.usb_dc_ep_clear_stall
                0x0000000000029c64       0x40 zephyr/drivers/usb/device/libdrivers__usb__device.a(usb_dc_nrfx.c.obj)
                0x0000000000029c64                usb_dc_ep_clear_stall
 .text.usb_dc_ep_is_stalled
                0x0000000000029ca4       0x38 zephyr/drivers/usb/device/libdrivers__usb__device.a(usb_dc_nrfx.c.obj)
                0x0000000000029ca4                usb_dc_ep_is_stalled
 .text.usb_dc_ep_enable
                0x0000000000029cdc       0x54 zephyr/drivers/usb/device/libdrivers__usb__device.a(usb_dc_nrfx.c.obj)
                0x0000000000029cdc                usb_dc_ep_enable
 .text.usb_dc_ep_write
                0x0000000000029d30       0xf8 zephyr/drivers/usb/device/libdrivers__usb__device.a(usb_dc_nrfx.c.obj)
                0x0000000000029d30                usb_dc_ep_write
 .text.usb_dc_ep_read_wait
                0x0000000000029e28       0x90 zephyr/drivers/usb/device/libdrivers__usb__device.a(usb_dc_nrfx.c.obj)
                0x0000000000029e28                usb_dc_ep_read_wait
 .text.usb_dc_ep_read_continue
                0x0000000000029eb8       0x84 zephyr/drivers/usb/device/libdrivers__usb__device.a(usb_dc_nrfx.c.obj)
                0x0000000000029eb8                usb_dc_ep_read_continue
 .text.usb_dc_ep_set_callback
                0x0000000000029f3c       0x28 zephyr/drivers/usb/device/libdrivers__usb__device.a(usb_dc_nrfx.c.obj)
                0x0000000000029f3c                usb_dc_ep_set_callback
 .text.usb_dc_set_status_callback
                0x0000000000029f64        0xc zephyr/drivers/usb/device/libdrivers__usb__device.a(usb_dc_nrfx.c.obj)
                0x0000000000029f64                usb_dc_set_status_callback
 .text.usb_dc_ep_mps
                0x0000000000029f70       0x24 zephyr/drivers/usb/device/libdrivers__usb__device.a(usb_dc_nrfx.c.obj)
                0x0000000000029f70                usb_dc_ep_mps
 .text.onoff_stop
                0x0000000000029f94       0x30 zephyr/drivers/clock_control/libdrivers__clock_control.a(clock_control_nrf.c.obj)
 .text.onoff_start
                0x0000000000029fc4       0x44 zephyr/drivers/clock_control/libdrivers__clock_control.a(clock_control_nrf.c.obj)
 .text.clk_init
                0x000000000002a008       0x58 zephyr/drivers/clock_control/libdrivers__clock_control.a(clock_control_nrf.c.obj)
 .text.clkstarted_handle.constprop.0
                0x000000000002a060       0x34 zephyr/drivers/clock_control/libdrivers__clock_control.a(clock_control_nrf.c.obj)
 .text.clock_event_handler
                0x000000000002a094       0x1c zephyr/drivers/clock_control/libdrivers__clock_control.a(clock_control_nrf.c.obj)
 .text.generic_hfclk_start
                0x000000000002a0b0       0x64 zephyr/drivers/clock_control/libdrivers__clock_control.a(clock_control_nrf.c.obj)
 .text.api_blocking_start
                0x000000000002a114       0x34 zephyr/drivers/clock_control/libdrivers__clock_control.a(clock_control_nrf.c.obj)
 .text.generic_hfclk_stop
                0x000000000002a148       0x34 zephyr/drivers/clock_control/libdrivers__clock_control.a(clock_control_nrf.c.obj)
 .text.z_nrf_clock_control_get_onoff
                0x000000000002a17c       0x10 zephyr/drivers/clock_control/libdrivers__clock_control.a(clock_control_nrf.c.obj)
                0x000000000002a17c                z_nrf_clock_control_get_onoff
 .text.z_nrf_clock_control_lf_on
                0x000000000002a18c       0xfc zephyr/drivers/clock_control/libdrivers__clock_control.a(clock_control_nrf.c.obj)
                0x000000000002a18c                z_nrf_clock_control_lf_on
 .text.flash_nrf_pages_layout
                0x000000000002a288       0x10 zephyr/drivers/flash/libdrivers__flash.a(soc_flash_nrf.c.obj)
 .text.flash_nrf_get_parameters
                0x000000000002a298        0x8 zephyr/drivers/flash/libdrivers__flash.a(soc_flash_nrf.c.obj)
 .text.nrf_flash_init
                0x000000000002a2a0       0x28 zephyr/drivers/flash/libdrivers__flash.a(soc_flash_nrf.c.obj)
 .text.restore_pofwarn.part.0
                0x000000000002a2c8       0x2c zephyr/drivers/flash/libdrivers__flash.a(soc_flash_nrf.c.obj)
 .text.suspend_pofwarn
                0x000000000002a2f4       0x58 zephyr/drivers/flash/libdrivers__flash.a(soc_flash_nrf.c.obj)
 .text.flash_nrf_erase
                0x000000000002a34c       0x88 zephyr/drivers/flash/libdrivers__flash.a(soc_flash_nrf.c.obj)
 .text.flash_nrf_write
                0x000000000002a3d4       0x8c zephyr/drivers/flash/libdrivers__flash.a(soc_flash_nrf.c.obj)
 .text.gpio_nrfx_pin_interrupt_configure
                0x000000000002a460       0xe4 zephyr/drivers/gpio/libdrivers__gpio.a(gpio_nrfx.c.obj)
 .text.gpio_nrfx_init
                0x000000000002a544       0x38 zephyr/drivers/gpio/libdrivers__gpio.a(gpio_nrfx.c.obj)
 .text.nrfx_gpio_handler
                0x000000000002a57c       0x4c zephyr/drivers/gpio/libdrivers__gpio.a(gpio_nrfx.c.obj)
 .text.gpio_nrfx_pin_configure
                0x000000000002a5c8      0x128 zephyr/drivers/gpio/libdrivers__gpio.a(gpio_nrfx.c.obj)
 .text.kscan_mock_init_0
                0x000000000002a6f0       0x18 zephyr/drivers/kscan/libdrivers__kscan.a(kscan_mock.c.obj)
 .text.compare_int_lock
                0x000000000002a708       0x48 zephyr/drivers/timer/libdrivers__timer.a(nrf_rtc_timer.c.obj)
 .text.sys_clock_timeout_handler
                0x000000000002a750       0x48 zephyr/drivers/timer/libdrivers__timer.a(nrf_rtc_timer.c.obj)
 .text.compare_int_unlock
                0x000000000002a798       0x5c zephyr/drivers/timer/libdrivers__timer.a(nrf_rtc_timer.c.obj)
 .text.z_nrf_rtc_timer_read
                0x000000000002a7f4       0x44 zephyr/drivers/timer/libdrivers__timer.a(nrf_rtc_timer.c.obj)
                0x000000000002a7f4                z_nrf_rtc_timer_read
 .text.compare_set
                0x000000000002a838      0x130 zephyr/drivers/timer/libdrivers__timer.a(nrf_rtc_timer.c.obj)
 .text.sys_clock_driver_init
                0x000000000002a968       0x90 zephyr/drivers/timer/libdrivers__timer.a(nrf_rtc_timer.c.obj)
 .text.rtc_nrf_isr
                0x000000000002a9f8       0xd4 zephyr/drivers/timer/libdrivers__timer.a(nrf_rtc_timer.c.obj)
                0x000000000002a9f8                rtc_nrf_isr
 .text.sys_clock_set_timeout
                0x000000000002aacc       0x5c zephyr/drivers/timer/libdrivers__timer.a(nrf_rtc_timer.c.obj)
                0x000000000002aacc                sys_clock_set_timeout
 .text.sys_clock_elapsed
                0x000000000002ab28       0x14 zephyr/drivers/timer/libdrivers__timer.a(nrf_rtc_timer.c.obj)
                0x000000000002ab28                sys_clock_elapsed
 .text.sys_clock_disable
                0x000000000002ab3c       0x30 zephyr/drivers/timer/libdrivers__timer.a(nrf_rtc_timer.c.obj)
                0x000000000002ab3c                sys_clock_disable
 .text.nrf52_errata_98
                0x000000000002ab6c       0x24 modules/hal_nordic/nrfx/libmodules__hal_nordic__nrfx.a(system_nrf52840.c.obj)
 .text.SystemInit
                0x000000000002ab90      0x178 modules/hal_nordic/nrfx/libmodules__hal_nordic__nrfx.a(system_nrf52840.c.obj)
                0x000000000002ab90                SystemInit
 .text.nrfx_flag32_alloc
                0x000000000002ad08       0x48 modules/hal_nordic/nrfx/libmodules__hal_nordic__nrfx.a(nrfx_flag32_allocator.c.obj)
                0x000000000002ad08                nrfx_flag32_alloc
 .text.nrfx_flag32_free
                0x000000000002ad50       0x40 modules/hal_nordic/nrfx/libmodules__hal_nordic__nrfx.a(nrfx_flag32_allocator.c.obj)
                0x000000000002ad50                nrfx_flag32_free
 .text.clock_stop
                0x000000000002ad90       0xc4 modules/hal_nordic/nrfx/libmodules__hal_nordic__nrfx.a(nrfx_clock.c.obj)
 .text.nrfx_clock_init
                0x000000000002ae54       0x20 modules/hal_nordic/nrfx/libmodules__hal_nordic__nrfx.a(nrfx_clock.c.obj)
                0x000000000002ae54                nrfx_clock_init
 .text.nrfx_clock_enable
                0x000000000002ae74       0x30 modules/hal_nordic/nrfx/libmodules__hal_nordic__nrfx.a(nrfx_clock.c.obj)
                0x000000000002ae74                nrfx_clock_enable
 .text.nrfx_clock_start
                0x000000000002aea4       0xa8 modules/hal_nordic/nrfx/libmodules__hal_nordic__nrfx.a(nrfx_clock.c.obj)
                0x000000000002aea4                nrfx_clock_start
 .text.nrfx_clock_irq_handler
                0x000000000002af4c       0x68 modules/hal_nordic/nrfx/libmodules__hal_nordic__nrfx.a(nrfx_clock.c.obj)
                0x000000000002af4c                nrfx_clock_irq_handler
 .text.nrf_gpio_pin_port_decode
                0x000000000002afb4       0x20 modules/hal_nordic/nrfx/libmodules__hal_nordic__nrfx.a(nrfx_gpiote.c.obj)
 .text.get_pin_idx
                0x000000000002afd4       0x14 modules/hal_nordic/nrfx/libmodules__hal_nordic__nrfx.a(nrfx_gpiote.c.obj)
 .text.call_handler.constprop.0
                0x000000000002afe8       0x40 modules/hal_nordic/nrfx/libmodules__hal_nordic__nrfx.a(nrfx_gpiote.c.obj)
 .text.release_handler.constprop.0
                0x000000000002b028       0x58 modules/hal_nordic/nrfx/libmodules__hal_nordic__nrfx.a(nrfx_gpiote.c.obj)
 .text.pin_te_get.constprop.0
                0x000000000002b080       0x18 modules/hal_nordic/nrfx/libmodules__hal_nordic__nrfx.a(nrfx_gpiote.c.obj)
 .text.pin_in_use_by_te.constprop.0
                0x000000000002b098       0x18 modules/hal_nordic/nrfx/libmodules__hal_nordic__nrfx.a(nrfx_gpiote.c.obj)
 .text.latch_pending_read_and_check
                0x000000000002b0b0       0x40 modules/hal_nordic/nrfx/libmodules__hal_nordic__nrfx.a(nrfx_gpiote.c.obj)
 .text.__nrfy_internal_gpiote_events_process.constprop.0
                0x000000000002b0f0       0x5c modules/hal_nordic/nrfx/libmodules__hal_nordic__nrfx.a(nrfx_gpiote.c.obj)
 .text.pin_is_input.constprop.0
                0x000000000002b14c       0x1c modules/hal_nordic/nrfx/libmodules__hal_nordic__nrfx.a(nrfx_gpiote.c.obj)
 .text.pin_trigger_disable.constprop.0
                0x000000000002b168       0x4c modules/hal_nordic/nrfx/libmodules__hal_nordic__nrfx.a(nrfx_gpiote.c.obj)
 .text.pin_uninit.constprop.0
                0x000000000002b1b4       0x80 modules/hal_nordic/nrfx/libmodules__hal_nordic__nrfx.a(nrfx_gpiote.c.obj)
 .text.nrfx_gpiote_input_configure
                0x000000000002b234      0x170 modules/hal_nordic/nrfx/libmodules__hal_nordic__nrfx.a(nrfx_gpiote.c.obj)
                0x000000000002b234                nrfx_gpiote_input_configure
 .text.nrfx_gpiote_output_configure
                0x000000000002b3a4       0xf0 modules/hal_nordic/nrfx/libmodules__hal_nordic__nrfx.a(nrfx_gpiote.c.obj)
                0x000000000002b3a4                nrfx_gpiote_output_configure
 .text.nrfx_gpiote_global_callback_set
                0x000000000002b494        0xc modules/hal_nordic/nrfx/libmodules__hal_nordic__nrfx.a(nrfx_gpiote.c.obj)
                0x000000000002b494                nrfx_gpiote_global_callback_set
 .text.nrfx_gpiote_channel_get
                0x000000000002b4a0       0x30 modules/hal_nordic/nrfx/libmodules__hal_nordic__nrfx.a(nrfx_gpiote.c.obj)
                0x000000000002b4a0                nrfx_gpiote_channel_get
 .text.nrfx_gpiote_init
                0x000000000002b4d0       0x70 modules/hal_nordic/nrfx/libmodules__hal_nordic__nrfx.a(nrfx_gpiote.c.obj)
                0x000000000002b4d0                nrfx_gpiote_init
 .text.nrfx_gpiote_is_init
                0x000000000002b540       0x14 modules/hal_nordic/nrfx/libmodules__hal_nordic__nrfx.a(nrfx_gpiote.c.obj)
                0x000000000002b540                nrfx_gpiote_is_init
 .text.nrfx_gpiote_channel_free
                0x000000000002b554        0xc modules/hal_nordic/nrfx/libmodules__hal_nordic__nrfx.a(nrfx_gpiote.c.obj)
                0x000000000002b554                nrfx_gpiote_channel_free
 .text.nrfx_gpiote_channel_alloc
                0x000000000002b560        0xc modules/hal_nordic/nrfx/libmodules__hal_nordic__nrfx.a(nrfx_gpiote.c.obj)
                0x000000000002b560                nrfx_gpiote_channel_alloc
 .text.nrfx_gpiote_trigger_enable
                0x000000000002b56c       0xac modules/hal_nordic/nrfx/libmodules__hal_nordic__nrfx.a(nrfx_gpiote.c.obj)
                0x000000000002b56c                nrfx_gpiote_trigger_enable
 .text.nrfx_gpiote_0_irq_handler
                0x000000000002b618      0x1bc modules/hal_nordic/nrfx/libmodules__hal_nordic__nrfx.a(nrfx_gpiote.c.obj)
                0x000000000002b618                nrfx_gpiote_0_irq_handler
 .text.nvmc_word_write
                0x000000000002b7d4       0x18 modules/hal_nordic/nrfx/libmodules__hal_nordic__nrfx.a(nrfx_nvmc.c.obj)
 .text.nrfx_nvmc_page_erase
                0x000000000002b7ec       0x40 modules/hal_nordic/nrfx/libmodules__hal_nordic__nrfx.a(nrfx_nvmc.c.obj)
                0x000000000002b7ec                nrfx_nvmc_page_erase
 .text.nrfx_nvmc_word_write
                0x000000000002b82c       0x1c modules/hal_nordic/nrfx/libmodules__hal_nordic__nrfx.a(nrfx_nvmc.c.obj)
                0x000000000002b82c                nrfx_nvmc_word_write
 .text.nrfx_power_init
                0x000000000002b848       0x74 modules/hal_nordic/nrfx/libmodules__hal_nordic__nrfx.a(nrfx_power.c.obj)
                0x000000000002b848                nrfx_power_init
 .text.nrfx_power_usbevt_uninit
                0x000000000002b8bc       0x18 modules/hal_nordic/nrfx/libmodules__hal_nordic__nrfx.a(nrfx_power.c.obj)
                0x000000000002b8bc                nrfx_power_usbevt_uninit
 .text.nrfx_power_usbevt_init
                0x000000000002b8d4       0x14 modules/hal_nordic/nrfx/libmodules__hal_nordic__nrfx.a(nrfx_power.c.obj)
                0x000000000002b8d4                nrfx_power_usbevt_init
 .text.nrfx_power_irq_handler
                0x000000000002b8e8       0xa0 modules/hal_nordic/nrfx/libmodules__hal_nordic__nrfx.a(nrfx_power.c.obj)
                0x000000000002b8e8                nrfx_power_irq_handler
 .text.nrf52_errata_187
                0x000000000002b988       0x28 modules/hal_nordic/nrfx/libmodules__hal_nordic__nrfx.a(nrfx_usbd.c.obj)
 .text.ep_state_access
                0x000000000002b9b0       0x1c modules/hal_nordic/nrfx/libmodules__hal_nordic__nrfx.a(nrfx_usbd.c.obj)
 .text.ev_usbreset_handler
                0x000000000002b9cc       0x2c modules/hal_nordic/nrfx/libmodules__hal_nordic__nrfx.a(nrfx_usbd.c.obj)
 .text.ev_usbevent_handler
                0x000000000002b9f8       0x74 modules/hal_nordic/nrfx/libmodules__hal_nordic__nrfx.a(nrfx_usbd.c.obj)
 .text.usbd_errata_187_211_begin
                0x000000000002ba6c       0x40 modules/hal_nordic/nrfx/libmodules__hal_nordic__nrfx.a(nrfx_usbd.c.obj)
 .text.usbd_errata_187_211_end
                0x000000000002baac       0x40 modules/hal_nordic/nrfx/libmodules__hal_nordic__nrfx.a(nrfx_usbd.c.obj)
 .text.nrfx_usbd_feeder_flash
                0x000000000002baec       0x38 modules/hal_nordic/nrfx/libmodules__hal_nordic__nrfx.a(nrfx_usbd.c.obj)
                0x000000000002baec                nrfx_usbd_feeder_flash
 .text.nrfx_usbd_feeder_flash_zlp
                0x000000000002bb24       0x40 modules/hal_nordic/nrfx/libmodules__hal_nordic__nrfx.a(nrfx_usbd.c.obj)
                0x000000000002bb24                nrfx_usbd_feeder_flash_zlp
 .text.ev_sof_handler
                0x000000000002bb64       0x44 modules/hal_nordic/nrfx/libmodules__hal_nordic__nrfx.a(nrfx_usbd.c.obj)
 .text.atomic_and.constprop.0.isra.0
                0x000000000002bba8       0x20 modules/hal_nordic/nrfx/libmodules__hal_nordic__nrfx.a(nrfx_usbd.c.obj)
 .text.usbd_dma_pending_clear
                0x000000000002bbc8       0x24 modules/hal_nordic/nrfx/libmodules__hal_nordic__nrfx.a(nrfx_usbd.c.obj)
 .text.nrf_usbd_ep0in_dma_handler
                0x000000000002bbec       0x2c modules/hal_nordic/nrfx/libmodules__hal_nordic__nrfx.a(nrfx_usbd.c.obj)
 .text.usbd_ep_data_handler
                0x000000000002bc18       0x8c modules/hal_nordic/nrfx/libmodules__hal_nordic__nrfx.a(nrfx_usbd.c.obj)
 .text.ev_setup_data_handler
                0x000000000002bca4       0x1c modules/hal_nordic/nrfx/libmodules__hal_nordic__nrfx.a(nrfx_usbd.c.obj)
 .text.ev_dma_epout8_handler
                0x000000000002bcc0       0x40 modules/hal_nordic/nrfx/libmodules__hal_nordic__nrfx.a(nrfx_usbd.c.obj)
 .text.ev_dma_epin8_handler
                0x000000000002bd00       0x50 modules/hal_nordic/nrfx/libmodules__hal_nordic__nrfx.a(nrfx_usbd.c.obj)
 .text.nrfx_usbd_uninit
                0x000000000002bd50       0x14 modules/hal_nordic/nrfx/libmodules__hal_nordic__nrfx.a(nrfx_usbd.c.obj)
                0x000000000002bd50                nrfx_usbd_uninit
 .text.nrfx_usbd_enable
                0x000000000002bd64      0x158 modules/hal_nordic/nrfx/libmodules__hal_nordic__nrfx.a(nrfx_usbd.c.obj)
                0x000000000002bd64                nrfx_usbd_enable
 .text.nrfx_usbd_start
                0x000000000002bebc       0x3c modules/hal_nordic/nrfx/libmodules__hal_nordic__nrfx.a(nrfx_usbd.c.obj)
                0x000000000002bebc                nrfx_usbd_start
 .text.nrfx_usbd_is_enabled
                0x000000000002bef8       0x14 modules/hal_nordic/nrfx/libmodules__hal_nordic__nrfx.a(nrfx_usbd.c.obj)
                0x000000000002bef8                nrfx_usbd_is_enabled
 .text.nrfx_usbd_suspend
                0x000000000002bf0c       0x58 modules/hal_nordic/nrfx/libmodules__hal_nordic__nrfx.a(nrfx_usbd.c.obj)
                0x000000000002bf0c                nrfx_usbd_suspend
 .text.nrfx_usbd_wakeup_req
                0x000000000002bf64       0x74 modules/hal_nordic/nrfx/libmodules__hal_nordic__nrfx.a(nrfx_usbd.c.obj)
                0x000000000002bf64                nrfx_usbd_wakeup_req
 .text.nrfx_usbd_init
                0x000000000002bfd8       0x84 modules/hal_nordic/nrfx/libmodules__hal_nordic__nrfx.a(nrfx_usbd.c.obj)
                0x000000000002bfd8                nrfx_usbd_init
 .text.nrfx_usbd_ep_transfer
                0x000000000002c05c       0xf4 modules/hal_nordic/nrfx/libmodules__hal_nordic__nrfx.a(nrfx_usbd.c.obj)
                0x000000000002c05c                nrfx_usbd_ep_transfer
 .text.nrfx_usbd_epout_size_get
                0x000000000002c150       0x28 modules/hal_nordic/nrfx/libmodules__hal_nordic__nrfx.a(nrfx_usbd.c.obj)
                0x000000000002c150                nrfx_usbd_epout_size_get
 .text.usbd_dmareq_process
                0x000000000002c178      0x1c0 modules/hal_nordic/nrfx/libmodules__hal_nordic__nrfx.a(nrfx_usbd.c.obj)
 .text.ev_epdata_handler
                0x000000000002c338       0x44 modules/hal_nordic/nrfx/libmodules__hal_nordic__nrfx.a(nrfx_usbd.c.obj)
 .text.nrf_usbd_epout_dma_handler
                0x000000000002c37c       0x64 modules/hal_nordic/nrfx/libmodules__hal_nordic__nrfx.a(nrfx_usbd.c.obj)
 .text.nrfx_usbd_ep_stall
                0x000000000002c3e0       0x10 modules/hal_nordic/nrfx/libmodules__hal_nordic__nrfx.a(nrfx_usbd.c.obj)
                0x000000000002c3e0                nrfx_usbd_ep_stall
 .text.nrfx_usbd_ep_stall_check
                0x000000000002c3f0       0x34 modules/hal_nordic/nrfx/libmodules__hal_nordic__nrfx.a(nrfx_usbd.c.obj)
                0x000000000002c3f0                nrfx_usbd_ep_stall_check
 .text.nrfx_usbd_ep_dtoggle_clear
                0x000000000002c424       0x18 modules/hal_nordic/nrfx/libmodules__hal_nordic__nrfx.a(nrfx_usbd.c.obj)
                0x000000000002c424                nrfx_usbd_ep_dtoggle_clear
 .text.nrfx_usbd_setup_get
                0x000000000002c43c       0x44 modules/hal_nordic/nrfx/libmodules__hal_nordic__nrfx.a(nrfx_usbd.c.obj)
                0x000000000002c43c                nrfx_usbd_setup_get
 .text.nrfx_usbd_setup_data_clear
                0x000000000002c480       0x10 modules/hal_nordic/nrfx/libmodules__hal_nordic__nrfx.a(nrfx_usbd.c.obj)
                0x000000000002c480                nrfx_usbd_setup_data_clear
 .text.ev_dma_epout0_handler
                0x000000000002c490       0x50 modules/hal_nordic/nrfx/libmodules__hal_nordic__nrfx.a(nrfx_usbd.c.obj)
 .text.nrfx_usbd_setup_clear
                0x000000000002c4e0       0x10 modules/hal_nordic/nrfx/libmodules__hal_nordic__nrfx.a(nrfx_usbd.c.obj)
                0x000000000002c4e0                nrfx_usbd_setup_clear
 .text.nrfx_usbd_setup_stall
                0x000000000002c4f0       0x10 modules/hal_nordic/nrfx/libmodules__hal_nordic__nrfx.a(nrfx_usbd.c.obj)
                0x000000000002c4f0                nrfx_usbd_setup_stall
 .text.nrfx_usbd_last_setup_dir_get
                0x000000000002c500        0xc modules/hal_nordic/nrfx/libmodules__hal_nordic__nrfx.a(nrfx_usbd.c.obj)
                0x000000000002c500                nrfx_usbd_last_setup_dir_get
 .text.nrfx_usbd_transfer_out_drop
                0x000000000002c50c       0x54 modules/hal_nordic/nrfx/libmodules__hal_nordic__nrfx.a(nrfx_usbd.c.obj)
                0x000000000002c50c                nrfx_usbd_transfer_out_drop
 .text.usbd_ep_abort
                0x000000000002c560       0xf4 modules/hal_nordic/nrfx/libmodules__hal_nordic__nrfx.a(nrfx_usbd.c.obj)
 .text.ev_setup_handler
                0x000000000002c654       0x68 modules/hal_nordic/nrfx/libmodules__hal_nordic__nrfx.a(nrfx_usbd.c.obj)
 .text.nrfx_usbd_irq_handler
                0x000000000002c6bc       0x7c modules/hal_nordic/nrfx/libmodules__hal_nordic__nrfx.a(nrfx_usbd.c.obj)
                0x000000000002c6bc                nrfx_usbd_irq_handler
 .text.nrfx_usbd_stop
                0x000000000002c738       0x80 modules/hal_nordic/nrfx/libmodules__hal_nordic__nrfx.a(nrfx_usbd.c.obj)
                0x000000000002c738                nrfx_usbd_stop
 .text.nrfx_usbd_disable
                0x000000000002c7b8       0x60 modules/hal_nordic/nrfx/libmodules__hal_nordic__nrfx.a(nrfx_usbd.c.obj)
                0x000000000002c7b8                nrfx_usbd_disable
 .text.nrfx_usbd_ep_disable
                0x000000000002c818       0x58 modules/hal_nordic/nrfx/libmodules__hal_nordic__nrfx.a(nrfx_usbd.c.obj)
                0x000000000002c818                nrfx_usbd_ep_disable
 .text.nrfx_usbd_ep_enable
                0x000000000002c870       0xa8 modules/hal_nordic/nrfx/libmodules__hal_nordic__nrfx.a(nrfx_usbd.c.obj)
                0x000000000002c870                nrfx_usbd_ep_enable
 .text.nrfx_usbd_ep_stall_clear
                0x000000000002c918       0x20 modules/hal_nordic/nrfx/libmodules__hal_nordic__nrfx.a(nrfx_usbd.c.obj)
                0x000000000002c918                nrfx_usbd_ep_stall_clear
 .text.z_impl_device_get_binding
                0x000000000002c938       0x54 zephyr/kernel/libkernel.a(device.c.obj)
                0x000000000002c938                z_impl_device_get_binding
 .text.z_fatal_error
                0x000000000002c98c       0x30 zephyr/kernel/libkernel.a(fatal.c.obj)
                0x000000000002c98c                z_fatal_error
 .text.z_sys_init_run_level
                0x000000000002c9bc       0x48 zephyr/kernel/libkernel.a(init.c.obj)
 .text.bg_thread_main
                0x000000000002ca04       0x34 zephyr/kernel/libkernel.a(init.c.obj)
 .text.z_bss_zero
                0x000000000002ca38       0x18 zephyr/kernel/libkernel.a(init.c.obj)
                0x000000000002ca38                z_bss_zero
 .text.z_init_cpu
                0x000000000002ca50       0x84 zephyr/kernel/libkernel.a(init.c.obj)
                0x000000000002ca50                z_init_cpu
 .text.z_cstart
                0x000000000002cad4       0xdc zephyr/kernel/libkernel.a(init.c.obj)
                0x000000000002cad4                z_cstart
 .text.init_mem_slab_obj_core_list
                0x000000000002cbb0       0x24 zephyr/kernel/libkernel.a(mem_slab.c.obj)
 .text.k_mem_slab_alloc
                0x000000000002cbd4       0x5c zephyr/kernel/libkernel.a(mem_slab.c.obj)
                0x000000000002cbd4                k_mem_slab_alloc
 .text.z_setup_new_thread
                0x000000000002cc30       0x7c zephyr/kernel/libkernel.a(thread.c.obj)
                0x000000000002cc30                z_setup_new_thread
 .text.z_impl_k_thread_create
                0x000000000002ccac       0x58 zephyr/kernel/libkernel.a(thread.c.obj)
                0x000000000002ccac                z_impl_k_thread_create
 .text.z_init_static_threads
                0x000000000002cd04       0x98 zephyr/kernel/libkernel.a(thread.c.obj)
                0x000000000002cd04                z_init_static_threads
 .text.z_impl_k_msgq_put
                0x000000000002cd9c       0xa0 zephyr/kernel/libkernel.a(msg_q.c.obj)
                0x000000000002cd9c                z_impl_k_msgq_put
 .text.z_impl_k_msgq_get
                0x000000000002ce3c       0xb4 zephyr/kernel/libkernel.a(msg_q.c.obj)
                0x000000000002ce3c                z_impl_k_msgq_get
 .text.z_impl_k_mutex_lock
                0x000000000002cef0       0xf4 zephyr/kernel/libkernel.a(mutex.c.obj)
                0x000000000002cef0                z_impl_k_mutex_lock
 .text.z_impl_k_mutex_unlock
                0x000000000002cfe4       0x78 zephyr/kernel/libkernel.a(mutex.c.obj)
                0x000000000002cfe4                z_impl_k_mutex_unlock
 .text.z_impl_k_queue_get
                0x000000000002d05c       0x68 zephyr/kernel/libkernel.a(queue.c.obj)
                0x000000000002d05c                z_impl_k_queue_get
 .text.z_impl_k_sem_give
                0x000000000002d0c4       0x48 zephyr/kernel/libkernel.a(sem.c.obj)
                0x000000000002d0c4                z_impl_k_sem_give
 .text.z_impl_k_sem_take
                0x000000000002d10c       0x50 zephyr/kernel/libkernel.a(sem.c.obj)
                0x000000000002d10c                z_impl_k_sem_take
 .text.k_sys_work_q_init
                0x000000000002d15c       0x34 zephyr/kernel/libkernel.a(system_work_q.c.obj)
 .text.submit_to_queue_locked
                0x000000000002d190       0xb4 zephyr/kernel/libkernel.a(work.c.obj)
 .text.k_work_submit
                0x000000000002d244        0xc zephyr/kernel/libkernel.a(work.c.obj)
                0x000000000002d244                k_work_submit
 .text.k_work_queue_start
                0x000000000002d250       0x70 zephyr/kernel/libkernel.a(work.c.obj)
                0x000000000002d250                k_work_queue_start
 .text.k_work_schedule_for_queue
                0x000000000002d2c0       0x54 zephyr/kernel/libkernel.a(work.c.obj)
                0x000000000002d2c0                k_work_schedule_for_queue
 .text.k_work_schedule
                0x000000000002d314        0xc zephyr/kernel/libkernel.a(work.c.obj)
                0x000000000002d314                k_work_schedule
 .text.k_work_reschedule_for_queue
                0x000000000002d320       0x5c zephyr/kernel/libkernel.a(work.c.obj)
                0x000000000002d320                k_work_reschedule_for_queue
 .text.k_work_reschedule
                0x000000000002d37c        0xc zephyr/kernel/libkernel.a(work.c.obj)
                0x000000000002d37c                k_work_reschedule
 .text.sliceable
                0x000000000002d388       0x3c zephyr/kernel/libkernel.a(sched.c.obj)
 .text.slice_timeout
                0x000000000002d3c4       0x20 zephyr/kernel/libkernel.a(sched.c.obj)
 .text.z_reset_time_slice
                0x000000000002d3e4       0x50 zephyr/kernel/libkernel.a(sched.c.obj)
                0x000000000002d3e4                z_reset_time_slice
 .text.update_cache
                0x000000000002d434       0x3c zephyr/kernel/libkernel.a(sched.c.obj)
 .text.move_thread_to_end_of_prio_q
                0x000000000002d470       0x74 zephyr/kernel/libkernel.a(sched.c.obj)
 .text.ready_thread
                0x000000000002d4e4       0x68 zephyr/kernel/libkernel.a(sched.c.obj)
 .text.unready_thread
                0x000000000002d54c       0x30 zephyr/kernel/libkernel.a(sched.c.obj)
 .text.pend_locked
                0x000000000002d57c       0x30 zephyr/kernel/libkernel.a(sched.c.obj)
 .text.z_time_slice
                0x000000000002d5ac       0x60 zephyr/kernel/libkernel.a(sched.c.obj)
                0x000000000002d5ac                z_time_slice
 .text.z_pend_curr
                0x000000000002d60c       0x3c zephyr/kernel/libkernel.a(sched.c.obj)
                0x000000000002d60c                z_pend_curr
 .text.z_set_prio
                0x000000000002d648       0x8c zephyr/kernel/libkernel.a(sched.c.obj)
                0x000000000002d648                z_set_prio
 .text.z_reschedule
                0x000000000002d6d4       0x24 zephyr/kernel/libkernel.a(sched.c.obj)
                0x000000000002d6d4                z_reschedule
 .text.z_sched_start
                0x000000000002d6f8       0x3c zephyr/kernel/libkernel.a(sched.c.obj)
                0x000000000002d6f8                z_sched_start
 .text.z_impl_k_thread_suspend
                0x000000000002d734       0x64 zephyr/kernel/libkernel.a(sched.c.obj)
                0x000000000002d734                z_impl_k_thread_suspend
 .text.k_sched_lock
                0x000000000002d798       0x28 zephyr/kernel/libkernel.a(sched.c.obj)
                0x000000000002d798                k_sched_lock
 .text.k_sched_unlock
                0x000000000002d7c0       0x38 zephyr/kernel/libkernel.a(sched.c.obj)
                0x000000000002d7c0                k_sched_unlock
 .text.z_sched_init
                0x000000000002d7f8       0x10 zephyr/kernel/libkernel.a(sched.c.obj)
                0x000000000002d7f8                z_sched_init
 .text.z_impl_k_yield
                0x000000000002d808       0x7c zephyr/kernel/libkernel.a(sched.c.obj)
                0x000000000002d808                z_impl_k_yield
 .text.z_tick_sleep
                0x000000000002d884       0x88 zephyr/kernel/libkernel.a(sched.c.obj)
 .text.z_impl_k_sleep
                0x000000000002d90c       0x34 zephyr/kernel/libkernel.a(sched.c.obj)
                0x000000000002d90c                z_impl_k_sleep
 .text.z_impl_k_usleep
                0x000000000002d940       0x34 zephyr/kernel/libkernel.a(sched.c.obj)
                0x000000000002d940                z_impl_k_usleep
 .text.z_impl_k_sched_current_thread_query
                0x000000000002d974        0xc zephyr/kernel/libkernel.a(sched.c.obj)
                0x000000000002d974                z_impl_k_sched_current_thread_query
 .text.z_thread_abort
                0x000000000002d980       0xc8 zephyr/kernel/libkernel.a(sched.c.obj)
                0x000000000002d980                z_thread_abort
 .text.z_sched_wait
                0x000000000002da48       0x24 zephyr/kernel/libkernel.a(sched.c.obj)
                0x000000000002da48                z_sched_wait
 .text.z_data_copy
                0x000000000002da6c       0x34 zephyr/kernel/libkernel.a(xip.c.obj)
                0x000000000002da6c                z_data_copy
 .text.elapsed  0x000000000002daa0       0x14 zephyr/kernel/libkernel.a(timeout.c.obj)
 .text.next_timeout
                0x000000000002dab4       0x40 zephyr/kernel/libkernel.a(timeout.c.obj)
 .text.remove_timeout
                0x000000000002daf4       0x38 zephyr/kernel/libkernel.a(timeout.c.obj)
 .text.z_add_timeout
                0x000000000002db2c       0xec zephyr/kernel/libkernel.a(timeout.c.obj)
                0x000000000002db2c                z_add_timeout
 .text.sys_clock_announce
                0x000000000002dc18       0xd4 zephyr/kernel/libkernel.a(timeout.c.obj)
                0x000000000002dc18                sys_clock_announce
 .text.sys_clock_tick_get
                0x000000000002dcec       0x34 zephyr/kernel/libkernel.a(timeout.c.obj)
                0x000000000002dcec                sys_clock_tick_get
 .text.z_timer_expiration_handler
                0x000000000002dd20       0xe4 zephyr/kernel/libkernel.a(timer.c.obj)
                0x000000000002dd20                z_timer_expiration_handler
 .text.z_impl_k_timer_start
                0x000000000002de04       0x5c zephyr/kernel/libkernel.a(timer.c.obj)
                0x000000000002de04                z_impl_k_timer_start
 .text.z_thread_aligned_alloc
                0x000000000002de60       0x40 zephyr/kernel/libkernel.a(mempool.c.obj)
                0x000000000002de60                z_thread_aligned_alloc
 .text.boot_banner
                0x000000000002dea0        0xc zephyr/kernel/libkernel.a(banner.c.obj)
                0x000000000002dea0                boot_banner
 .text.statics_init
                0x000000000002deac       0x24 zephyr/kernel/libkernel.a(kheap.c.obj)
 .text.exit     0x000000000002ded0       0x1c /opt/zephyr-sdk-0.16.9/arm-zephyr-eabi/bin/../lib/gcc/../../picolibc/arm-zephyr-eabi/lib/thumb/v7e-m+fp/hard/libc.a(libc_stdlib_pico-exit.c.o)
                0x000000000002ded0                exit
 .text.snprintf
                0x000000000002deec       0x58 /opt/zephyr-sdk-0.16.9/arm-zephyr-eabi/bin/../lib/gcc/../../picolibc/arm-zephyr-eabi/lib/thumb/v7e-m+fp/hard/libc.a(libc_tinystdio_snprintf.c.o)
                0x000000000002deec                snprintf
 .text.__i_vfprintf
                0x000000000002df44      0x49c /opt/zephyr-sdk-0.16.9/arm-zephyr-eabi/bin/../lib/gcc/../../picolibc/arm-zephyr-eabi/lib/thumb/v7e-m+fp/hard/libc.a(libc_tinystdio_vfiprintf.c.o)
                0x000000000002df44                __i_vfprintf
 .text.__libc_fini_array
                0x000000000002e3e0       0x2c /opt/zephyr-sdk-0.16.9/arm-zephyr-eabi/bin/../lib/gcc/../../picolibc/arm-zephyr-eabi/lib/thumb/v7e-m+fp/hard/libc.a(libc_misc_fini.c.o)
                0x000000000002e3e0                __libc_fini_array
 .text._OffsetAbsSyms
                0x000000000002e40c        0x2 zephyr/CMakeFiles/offsets.dir/./arch/arm/core/offsets/offsets.c.obj
                0x000000000002e40c                _OffsetAbsSyms
 .text.zmk_behavior_get_binding
                0x000000000002e40e        0x4 app/libapp.a(behavior.c.obj)
                0x000000000002e40e                zmk_behavior_get_binding
 .text.invoke_locally
                0x000000000002e412       0x84 app/libapp.a(behavior.c.obj)
 .text.zmk_behavior_invoke_binding
                0x000000000002e496       0x84 app/libapp.a(behavior.c.obj)
                0x000000000002e496                zmk_behavior_invoke_binding
 .text.zmk_matrix_transform_row_column_to_position
                0x000000000002e51a       0x34 app/libapp.a(matrix_transform.c.obj)
                0x000000000002e51a                zmk_matrix_transform_row_column_to_position
 .text.zmk_physical_layouts_get_position_map
                0x000000000002e54e       0x1a app/libapp.a(physical_layouts.c.obj)
                0x000000000002e54e                zmk_physical_layouts_get_position_map
 .text.zmk_event_manager_raise
                0x000000000002e568        0x6 app/libapp.a(event_manager.c.obj)
                0x000000000002e568                zmk_event_manager_raise
 .text.gpio_pin_set
                0x000000000002e56e       0x20 app/libapp.a(ext_power_generic.c.obj)
 .text.ext_power_generic_get
                0x000000000002e58e        0x6 app/libapp.a(ext_power_generic.c.obj)
 .text.ext_power_generic_enable
                0x000000000002e594       0x38 app/libapp.a(ext_power_generic.c.obj)
 .text.ext_power_generic_disable
                0x000000000002e5cc       0x38 app/libapp.a(ext_power_generic.c.obj)
 .text.on_keymap_binding_pressed
                0x000000000002e604       0x18 app/libapp.a(behavior_reset.c.obj)
 .text.ext_power_enable
                0x000000000002e61c        0xe app/libapp.a(behavior_ext_power.c.obj)
 .text.ext_power_disable
                0x000000000002e62a        0xe app/libapp.a(behavior_ext_power.c.obj)
 .text.ext_power_get
                0x000000000002e638        0xe app/libapp.a(behavior_ext_power.c.obj)
 .text.on_keymap_binding_released
                0x000000000002e646        0xc app/libapp.a(behavior_ext_power.c.obj)
 .text.zmk_hid_register_mods
                0x000000000002e652       0x22 app/libapp.a(hid.c.obj)
                0x000000000002e652                zmk_hid_register_mods
 .text.zmk_hid_unregister_mods
                0x000000000002e674       0x22 app/libapp.a(hid.c.obj)
                0x000000000002e674                zmk_hid_unregister_mods
 .text.zmk_hid_press
                0x000000000002e696       0x1e app/libapp.a(hid.c.obj)
                0x000000000002e696                zmk_hid_press
 .text.zmk_hid_release
                0x000000000002e6b4       0x1e app/libapp.a(hid.c.obj)
                0x000000000002e6b4                zmk_hid_release
 .text.zmk_hid_is_pressed
                0x000000000002e6d2       0x1c app/libapp.a(hid.c.obj)
                0x000000000002e6d2                zmk_hid_is_pressed
 .text.raise_zmk_keycode_state_changed_from_encoded
                0x000000000002e6ee       0x5e app/libapp.a(behavior_key_press.c.obj)
 .text.on_keymap_binding_released
                0x000000000002e74c       0x14 app/libapp.a(behavior_key_press.c.obj)
 .text.on_keymap_binding_pressed
                0x000000000002e760       0x14 app/libapp.a(behavior_key_press.c.obj)
 .text.mo_keymap_binding_released
                0x000000000002e774        0xe app/libapp.a(behavior_momentary_layer.c.obj)
 .text.mo_keymap_binding_pressed
                0x000000000002e782        0xe app/libapp.a(behavior_momentary_layer.c.obj)
 .text.zmk_endpoint_instance_eq
                0x000000000002e790       0x38 app/libapp.a(endpoints.c.obj)
                0x000000000002e790                zmk_endpoint_instance_eq
 .text.endpoint_listener
                0x000000000002e7c8        0xa app/libapp.a(endpoints.c.obj)
 .text.hid_listener
                0x000000000002e7d2       0x92 app/libapp.a(hid_listener.c.obj)
                0x000000000002e7d2                hid_listener
 .text.keymap_init
                0x000000000002e864        0x4 app/libapp.a(keymap.c.obj)
                0x000000000002e864                keymap_init
 .text.zmk_keymap_layer_active_with_state
                0x000000000002e868       0x14 app/libapp.a(keymap.c.obj)
                0x000000000002e868                zmk_keymap_layer_active_with_state
 .text.zmk_keymap_layer_activate
                0x000000000002e87c        0x6 app/libapp.a(keymap.c.obj)
                0x000000000002e87c                zmk_keymap_layer_activate
 .text.zmk_keymap_layer_deactivate
                0x000000000002e882        0x6 app/libapp.a(keymap.c.obj)
                0x000000000002e882                zmk_keymap_layer_deactivate
 .text.zmk_keymap_apply_position_state
                0x000000000002e888       0x2c app/libapp.a(keymap.c.obj)
                0x000000000002e888                zmk_keymap_apply_position_state
 .text.keymap_listener
                0x000000000002e8b4       0x26 app/libapp.a(keymap.c.obj)
                0x000000000002e8b4                keymap_listener
 .text.raise_usb_status_changed_event
                0x000000000002e8da        0xe app/libapp.a(usb.c.obj)
 .text.set_report_cb
                0x000000000002e8e8       0x16 app/libapp.a(usb_hid.c.obj)
 .text.get_report_cb
                0x000000000002e8fe       0x3e app/libapp.a(usb_hid.c.obj)
 .text.zmk_usb_hid_send_keyboard_report
                0x000000000002e93c       0x10 app/libapp.a(usb_hid.c.obj)
                0x000000000002e93c                zmk_usb_hid_send_keyboard_report
 .text.zmk_usb_hid_send_consumer_report
                0x000000000002e94c       0x10 app/libapp.a(usb_hid.c.obj)
                0x000000000002e94c                zmk_usb_hid_send_consumer_report
 .text.main     0x000000000002e95c        0xe app/libapp.a(main.c.obj)
                0x000000000002e95c                main
 .text.zmk_settings_erase
                0x000000000002e96a       0x26 app/libapp.a(reset_settings_nvs.c.obj)
                0x000000000002e96a                zmk_settings_erase
 .text.arch_printk_char_out
                0x000000000002e990        0x4 zephyr/libzephyr.a(printk.c.obj)
                0x000000000002e990                arch_printk_char_out
 .text.printk   0x000000000002e994       0x1a zephyr/libzephyr.a(printk.c.obj)
                0x000000000002e994                printk
 .text.chunk_size
                0x000000000002e9ae        0xa zephyr/libzephyr.a(heap.c.obj)
 .text.free_list_add
                0x000000000002e9b8       0x4e zephyr/libzephyr.a(heap.c.obj)
 .text.free_list_remove_bidx
                0x000000000002ea06       0x3a zephyr/libzephyr.a(heap.c.obj)
 .text.free_list_remove
                0x000000000002ea40       0x1a zephyr/libzephyr.a(heap.c.obj)
 .text.alloc_chunk
                0x000000000002ea5a       0x6e zephyr/libzephyr.a(heap.c.obj)
 .text.merge_chunks
                0x000000000002eac8       0x2c zephyr/libzephyr.a(heap.c.obj)
 .text.split_chunks
                0x000000000002eaf4       0x34 zephyr/libzephyr.a(heap.c.obj)
 .text.free_chunk
                0x000000000002eb28       0x62 zephyr/libzephyr.a(heap.c.obj)
 .text.sys_heap_free
                0x000000000002eb8a       0x1e zephyr/libzephyr.a(heap.c.obj)
                0x000000000002eb8a                sys_heap_free
 .text.sys_heap_alloc
                0x000000000002eba8       0x52 zephyr/libzephyr.a(heap.c.obj)
                0x000000000002eba8                sys_heap_alloc
 .text.sys_heap_aligned_alloc
                0x000000000002ebfa       0xd0 zephyr/libzephyr.a(heap.c.obj)
                0x000000000002ebfa                sys_heap_aligned_alloc
 .text.sys_heap_init
                0x000000000002ecca       0x7a zephyr/libzephyr.a(heap.c.obj)
                0x000000000002ecca                sys_heap_init
 .text.sys_slist_find_and_remove
                0x000000000002ed44       0x36 zephyr/libzephyr.a(onoff.c.obj)
 .text.process_recheck
                0x000000000002ed7a       0x38 zephyr/libzephyr.a(onoff.c.obj)
 .text.validate_args
                0x000000000002edb2       0x20 zephyr/libzephyr.a(onoff.c.obj)
 .text.notify_one
                0x000000000002edd2       0x2c zephyr/libzephyr.a(onoff.c.obj)
 .text.transition_complete
                0x000000000002edfe       0x1e zephyr/libzephyr.a(onoff.c.obj)
 .text.onoff_manager_init
                0x000000000002ee1c       0x26 zephyr/libzephyr.a(onoff.c.obj)
                0x000000000002ee1c                onoff_manager_init
 .text.onoff_request
                0x000000000002ee42       0xb0 zephyr/libzephyr.a(onoff.c.obj)
                0x000000000002ee42                onoff_request
 .text.onoff_release
                0x000000000002eef2       0x4a zephyr/libzephyr.a(onoff.c.obj)
                0x000000000002eef2                onoff_release
 .text.onoff_cancel
                0x000000000002ef3c       0x38 zephyr/libzephyr.a(onoff.c.obj)
                0x000000000002ef3c                onoff_cancel
 .text.sys_notify_validate
                0x000000000002ef74       0x22 zephyr/libzephyr.a(notify.c.obj)
                0x000000000002ef74                sys_notify_validate
 .text.sys_notify_finalize
                0x000000000002ef96       0x1a zephyr/libzephyr.a(notify.c.obj)
                0x000000000002ef96                sys_notify_finalize
 .text._ConfigAbsSyms
                0x000000000002efb0        0x2 zephyr/libzephyr.a(configs.c.obj)
                0x000000000002efb0                _ConfigAbsSyms
 .text.nvs_flash_rd
                0x000000000002efb2       0x1c zephyr/libzephyr.a(nvs.c.obj)
 .text.nvs_sector_advance
                0x000000000002efce       0x1a zephyr/libzephyr.a(nvs.c.obj)
 .text.nvs_flash_block_cmp
                0x000000000002efe8       0x54 zephyr/libzephyr.a(nvs.c.obj)
 .text.nvs_ate_crc8_update
                0x000000000002f03c       0x12 zephyr/libzephyr.a(nvs.c.obj)
 .text.nvs_flash_cmp_const
                0x000000000002f04e       0x4a zephyr/libzephyr.a(nvs.c.obj)
 .text.nvs_flash_erase_sector
                0x000000000002f098       0x34 zephyr/libzephyr.a(nvs.c.obj)
 .text.nvs_al_size.isra.0
                0x000000000002f0cc       0x14 zephyr/libzephyr.a(nvs.c.obj)
 .text.nvs_ate_valid
                0x000000000002f0e0       0x34 zephyr/libzephyr.a(nvs.c.obj)
 .text.nvs_close_ate_valid
                0x000000000002f114       0x3c zephyr/libzephyr.a(nvs.c.obj)
 .text.nvs_prev_ate
                0x000000000002f150       0x94 zephyr/libzephyr.a(nvs.c.obj)
 .text.nvs_flash_al_wrt
                0x000000000002f1e4       0x74 zephyr/libzephyr.a(nvs.c.obj)
 .text.nvs_flash_ate_wrt
                0x000000000002f258       0x22 zephyr/libzephyr.a(nvs.c.obj)
 .text.nvs_add_gc_done_ate
                0x000000000002f27a       0x2e zephyr/libzephyr.a(nvs.c.obj)
 .text.nvs_gc   0x000000000002f2a8      0x19a zephyr/libzephyr.a(nvs.c.obj)
 .text.nvs_delete
                0x000000000002f442        0x8 zephyr/libzephyr.a(nvs.c.obj)
                0x000000000002f442                nvs_delete
 .text.nvs_read_hist
                0x000000000002f44a       0xc0 zephyr/libzephyr.a(nvs.c.obj)
                0x000000000002f44a                nvs_read_hist
 .text.nvs_read
                0x000000000002f50a        0xe zephyr/libzephyr.a(nvs.c.obj)
                0x000000000002f50a                nvs_read
 .text.flash_area_close
                0x000000000002f518        0x2 zephyr/libzephyr.a(flash_map.c.obj)
                0x000000000002f518                flash_area_close
 .text.flash_area_erase
                0x000000000002f51a       0x2c zephyr/libzephyr.a(flash_map.c.obj)
                0x000000000002f51a                flash_area_erase
 .text.get_sectors_cb
                0x000000000002f546       0x44 zephyr/libzephyr.a(flash_map_layout.c.obj)
 .text.get_ep_bm_from_addr
                0x000000000002f58a       0x1c zephyr/libzephyr.a(usb_device.c.obj)
 .text.usb_write
                0x000000000002f5a6       0x30 zephyr/libzephyr.a(usb_device.c.obj)
                0x000000000002f5a6                usb_write
 .text.usb_get_dev_data_by_cfg
                0x000000000002f5d6       0x18 zephyr/libzephyr.a(usb_descriptor.c.obj)
                0x000000000002f5d6                usb_get_dev_data_by_cfg
 .text.usb_get_dev_data_by_iface
                0x000000000002f5ee       0x1c zephyr/libzephyr.a(usb_descriptor.c.obj)
                0x000000000002f5ee                usb_get_dev_data_by_iface
 .text.usb_get_dev_data_by_ep
                0x000000000002f60a       0x2c zephyr/libzephyr.a(usb_descriptor.c.obj)
                0x000000000002f60a                usb_get_dev_data_by_ep
 .text.settings_load
                0x000000000002f636        0x6 zephyr/libzephyr.a(settings_store.c.obj)
                0x000000000002f636                settings_load
 .text.settings_name_steq
                0x000000000002f63c       0x48 zephyr/libzephyr.a(settings.c.obj)
                0x000000000002f63c                settings_name_steq
 .text.settings_call_set_handler
                0x000000000002f684       0x6a zephyr/libzephyr.a(settings.c.obj)
                0x000000000002f684                settings_call_set_handler
 .text.settings_nvs_storage_get
                0x000000000002f6ee        0x4 zephyr/libzephyr.a(settings_nvs.c.obj)
 .text.settings_nvs_read_fn
                0x000000000002f6f2       0x18 zephyr/libzephyr.a(settings_nvs.c.obj)
 .text.settings_nvs_save
                0x000000000002f70a      0x11c zephyr/libzephyr.a(settings_nvs.c.obj)
 .text.settings_nvs_backend_init
                0x000000000002f826       0x42 zephyr/libzephyr.a(settings_nvs.c.obj)
                0x000000000002f826                settings_nvs_backend_init
 .text.z_arm_fatal_error
                0x000000000002f868        0x4 zephyr/arch/arch/arm/core/libarch__arm__core.a(fatal.c.obj)
                0x000000000002f868                z_arm_fatal_error
 .text.z_do_kernel_oops
                0x000000000002f86c        0x8 zephyr/arch/arch/arm/core/libarch__arm__core.a(fatal.c.obj)
                0x000000000002f86c                z_do_kernel_oops
 .text.z_arm_nmi
                0x000000000002f874        0xe zephyr/arch/arch/arm/core/libarch__arm__core.a(nmi.c.obj)
                0x000000000002f874                z_arm_nmi
 .text.z_irq_spurious
                0x000000000002f882        0x8 zephyr/arch/arch/arm/core/cortex_m/libarch__arm__core__cortex_m.a(irq_manage.c.obj)
                0x000000000002f882                z_irq_spurious
 .text.size_to_mpu_rasr_size
                0x000000000002f88a       0x20 zephyr/arch/arch/arm/core/mpu/libarch__arm__core__mpu.a(arm_mpu.c.obj)
 .text.mpu_configure_regions
                0x000000000002f8aa       0x5c zephyr/arch/arch/arm/core/mpu/libarch__arm__core__mpu.a(arm_mpu.c.obj)
 .text.hid_interface_config
                0x000000000002f906        0x4 zephyr/subsys/usb/device/class/hid/libsubsys__usb__device__class__hid.a(core.c.obj)
 .text.usb_hid_device_init
                0x000000000002f90a        0x4 zephyr/subsys/usb/device/class/hid/libsubsys__usb__device__class__hid.a(core.c.obj)
 .text.usb_hid_init
                0x000000000002f90e       0x14 zephyr/subsys/usb/device/class/hid/libsubsys__usb__device__class__hid.a(core.c.obj)
                0x000000000002f90e                usb_hid_init
 .text.hid_int_ep_write
                0x000000000002f922       0x20 zephyr/subsys/usb/device/class/hid/libsubsys__usb__device__class__hid.a(core.c.obj)
                0x000000000002f922                hid_int_ep_write
 .text.ep_ctx_reset
                0x000000000002f942       0x26 zephyr/drivers/usb/device/libdrivers__usb__device.a(usb_dc_nrfx.c.obj)
 .text.k_mutex_lock.constprop.0.isra.0
                0x000000000002f968        0x4 zephyr/drivers/usb/device/libdrivers__usb__device.a(usb_dc_nrfx.c.obj)
 .text.k_mutex_unlock.isra.0
                0x000000000002f96c        0x4 zephyr/drivers/usb/device/libdrivers__usb__device.a(usb_dc_nrfx.c.obj)
 .text.usb_dc_ep_check_cap
                0x000000000002f970       0x2a zephyr/drivers/usb/device/libdrivers__usb__device.a(usb_dc_nrfx.c.obj)
                0x000000000002f970                usb_dc_ep_check_cap
 .text.usb_dc_ep_disable
                0x000000000002f99a       0x32 zephyr/drivers/usb/device/libdrivers__usb__device.a(usb_dc_nrfx.c.obj)
                0x000000000002f99a                usb_dc_ep_disable
 .text.usb_dc_ep_read
                0x000000000002f9cc       0x1e zephyr/drivers/usb/device/libdrivers__usb__device.a(usb_dc_nrfx.c.obj)
                0x000000000002f9cc                usb_dc_ep_read
 .text.usb_dc_wakeup_request
                0x000000000002f9ea       0x12 zephyr/drivers/usb/device/libdrivers__usb__device.a(usb_dc_nrfx.c.obj)
                0x000000000002f9ea                usb_dc_wakeup_request
 .text.get_status
                0x000000000002f9fc       0x12 zephyr/drivers/clock_control/libdrivers__clock_control.a(clock_control_nrf.c.obj)
 .text.set_on_state
                0x000000000002fa0e       0x26 zephyr/drivers/clock_control/libdrivers__clock_control.a(clock_control_nrf.c.obj)
 .text.stop     0x000000000002fa34       0x54 zephyr/drivers/clock_control/libdrivers__clock_control.a(clock_control_nrf.c.obj)
 .text.api_stop
                0x000000000002fa88        0x6 zephyr/drivers/clock_control/libdrivers__clock_control.a(clock_control_nrf.c.obj)
 .text.async_start
                0x000000000002fa8e       0x5e zephyr/drivers/clock_control/libdrivers__clock_control.a(clock_control_nrf.c.obj)
 .text.api_start
                0x000000000002faec        0xe zephyr/drivers/clock_control/libdrivers__clock_control.a(clock_control_nrf.c.obj)
 .text.onoff_started_callback
                0x000000000002fafa       0x14 zephyr/drivers/clock_control/libdrivers__clock_control.a(clock_control_nrf.c.obj)
 .text.lfclk_start
                0x000000000002fb0e        0x6 zephyr/drivers/clock_control/libdrivers__clock_control.a(clock_control_nrf.c.obj)
 .text.lfclk_stop
                0x000000000002fb14        0x6 zephyr/drivers/clock_control/libdrivers__clock_control.a(clock_control_nrf.c.obj)
 .text.blocking_start_callback
                0x000000000002fb1a        0x6 zephyr/drivers/clock_control/libdrivers__clock_control.a(clock_control_nrf.c.obj)
 .text.is_regular_addr_valid
                0x000000000002fb20       0x22 zephyr/drivers/flash/libdrivers__flash.a(soc_flash_nrf.c.obj)
 .text.flash_nrf_read
                0x000000000002fb42       0x28 zephyr/drivers/flash/libdrivers__flash.a(soc_flash_nrf.c.obj)
 .text.flash_get_page_info
                0x000000000002fb6a       0x66 zephyr/drivers/flash/libdrivers__flash.a(flash_page_layout.c.obj)
 .text.z_impl_flash_get_page_info_by_offs
                0x000000000002fbd0        0x8 zephyr/drivers/flash/libdrivers__flash.a(flash_page_layout.c.obj)
                0x000000000002fbd0                z_impl_flash_get_page_info_by_offs
 .text.flash_page_foreach
                0x000000000002fbd8       0x58 zephyr/drivers/flash/libdrivers__flash.a(flash_page_layout.c.obj)
                0x000000000002fbd8                flash_page_foreach
 .text.gpio_nrfx_port_get_raw
                0x000000000002fc30        0xe zephyr/drivers/gpio/libdrivers__gpio.a(gpio_nrfx.c.obj)
 .text.gpio_nrfx_port_set_masked_raw
                0x000000000002fc3e       0x18 zephyr/drivers/gpio/libdrivers__gpio.a(gpio_nrfx.c.obj)
 .text.gpio_nrfx_port_set_bits_raw
                0x000000000002fc56        0xc zephyr/drivers/gpio/libdrivers__gpio.a(gpio_nrfx.c.obj)
 .text.gpio_nrfx_port_clear_bits_raw
                0x000000000002fc62        0xc zephyr/drivers/gpio/libdrivers__gpio.a(gpio_nrfx.c.obj)
 .text.gpio_nrfx_port_toggle_bits
                0x000000000002fc6e       0x1a zephyr/drivers/gpio/libdrivers__gpio.a(gpio_nrfx.c.obj)
 .text.gpio_nrfx_manage_callback
                0x000000000002fc88       0x52 zephyr/drivers/gpio/libdrivers__gpio.a(gpio_nrfx.c.obj)
 .text.z_impl_hwinfo_get_device_id
                0x000000000002fcda       0x28 zephyr/drivers/hwinfo/libdrivers__hwinfo.a(hwinfo_nrf.c.obj)
                0x000000000002fcda                z_impl_hwinfo_get_device_id
 .text.kscan_mock_configure
                0x000000000002fd02       0x12 zephyr/drivers/kscan/libdrivers__kscan.a(kscan_mock.c.obj)
 .text.kscan_mock_disable_callback
                0x000000000002fd14        0xe zephyr/drivers/kscan/libdrivers__kscan.a(kscan_mock.c.obj)
 .text.kscan_mock_work_handler_0
                0x000000000002fd22       0x12 zephyr/drivers/kscan/libdrivers__kscan.a(kscan_mock.c.obj)
 .text.kscan_mock_enable_callback_0
                0x000000000002fd34       0x10 zephyr/drivers/kscan/libdrivers__kscan.a(kscan_mock.c.obj)
 .text.event_clear
                0x000000000002fd44       0x18 zephyr/drivers/timer/libdrivers__timer.a(nrf_rtc_timer.c.obj)
 .text.nrfx_isr
                0x000000000002fd5c        0x2 modules/hal_nordic/nrfx/libmodules__hal_nordic__nrfx.a(nrfx_glue.c.obj)
                0x000000000002fd5c                nrfx_isr
 .text.nrfx_busy_wait
                0x000000000002fd5e        0x4 modules/hal_nordic/nrfx/libmodules__hal_nordic__nrfx.a(nrfx_glue.c.obj)
                0x000000000002fd5e                nrfx_busy_wait
 .text.nrfx_clock_stop
                0x000000000002fd62        0x4 modules/hal_nordic/nrfx/libmodules__hal_nordic__nrfx.a(nrfx_clock.c.obj)
                0x000000000002fd62                nrfx_clock_stop
 .text.nrf_gpio_reconfigure
                0x000000000002fd66       0x92 modules/hal_nordic/nrfx/libmodules__hal_nordic__nrfx.a(nrfx_gpiote.c.obj)
 .text.nrf_gpio_cfg_sense_set
                0x000000000002fdf8       0x1e modules/hal_nordic/nrfx/libmodules__hal_nordic__nrfx.a(nrfx_gpiote.c.obj)
 .text.nrfx_gpiote_pin_uninit
                0x000000000002fe16        0x4 modules/hal_nordic/nrfx/libmodules__hal_nordic__nrfx.a(nrfx_gpiote.c.obj)
                0x000000000002fe16                nrfx_gpiote_pin_uninit
 .text.nrfx_gpiote_trigger_disable
                0x000000000002fe1a        0x4 modules/hal_nordic/nrfx/libmodules__hal_nordic__nrfx.a(nrfx_gpiote.c.obj)
                0x000000000002fe1a                nrfx_gpiote_trigger_disable
 .text.nrfx_nvmc_flash_size_get
                0x000000000002fe1e        0xc modules/hal_nordic/nrfx/libmodules__hal_nordic__nrfx.a(nrfx_nvmc.c.obj)
                0x000000000002fe1e                nrfx_nvmc_flash_size_get
 .text.nrfx_nvmc_flash_page_size_get
                0x000000000002fe2a        0x8 modules/hal_nordic/nrfx/libmodules__hal_nordic__nrfx.a(nrfx_nvmc.c.obj)
                0x000000000002fe2a                nrfx_nvmc_flash_page_size_get
 .text.nrfx_nvmc_flash_page_count_get
                0x000000000002fe32        0x8 modules/hal_nordic/nrfx/libmodules__hal_nordic__nrfx.a(nrfx_nvmc.c.obj)
                0x000000000002fe32                nrfx_nvmc_flash_page_count_get
 .text.nrf_power_event_get_and_clear.constprop.0
                0x000000000002fe3a       0x18 modules/hal_nordic/nrfx/libmodules__hal_nordic__nrfx.a(nrfx_power.c.obj)
 .text.nrfx_power_usbevt_enable
                0x000000000002fe52        0xe modules/hal_nordic/nrfx/libmodules__hal_nordic__nrfx.a(nrfx_power.c.obj)
                0x000000000002fe52                nrfx_power_usbevt_enable
 .text.nrfx_power_usbevt_disable
                0x000000000002fe60        0xe modules/hal_nordic/nrfx/libmodules__hal_nordic__nrfx.a(nrfx_power.c.obj)
                0x000000000002fe60                nrfx_power_usbevt_disable
 .text.nrfx_power_clock_irq_handler
                0x000000000002fe6e        0xe modules/hal_nordic/nrfx/libmodules__hal_nordic__nrfx.a(nrfx_power.c.obj)
                0x000000000002fe6e                nrfx_power_clock_irq_handler
 .text.nrfx_usbd_consumer
                0x000000000002fe7c       0x32 modules/hal_nordic/nrfx/libmodules__hal_nordic__nrfx.a(nrfx_usbd.c.obj)
                0x000000000002fe7c                nrfx_usbd_consumer
 .text.nrfx_usbd_feeder_ram
                0x000000000002feae       0x22 modules/hal_nordic/nrfx/libmodules__hal_nordic__nrfx.a(nrfx_usbd.c.obj)
                0x000000000002feae                nrfx_usbd_feeder_ram
 .text.nrfx_usbd_feeder_ram_zlp
                0x000000000002fed0       0x28 modules/hal_nordic/nrfx/libmodules__hal_nordic__nrfx.a(nrfx_usbd.c.obj)
                0x000000000002fed0                nrfx_usbd_feeder_ram_zlp
 .text.ep2bit   0x000000000002fef8       0x10 modules/hal_nordic/nrfx/libmodules__hal_nordic__nrfx.a(nrfx_usbd.c.obj)
 .text.ev_started_handler
                0x000000000002ff08        0x2 modules/hal_nordic/nrfx/libmodules__hal_nordic__nrfx.a(nrfx_usbd.c.obj)
 .text.nrf_usbd_epin_dma_handler
                0x000000000002ff0a       0x30 modules/hal_nordic/nrfx/libmodules__hal_nordic__nrfx.a(nrfx_usbd.c.obj)
 .text.ev_dma_epin7_handler
                0x000000000002ff3a        0x6 modules/hal_nordic/nrfx/libmodules__hal_nordic__nrfx.a(nrfx_usbd.c.obj)
 .text.ev_dma_epin6_handler
                0x000000000002ff40        0x6 modules/hal_nordic/nrfx/libmodules__hal_nordic__nrfx.a(nrfx_usbd.c.obj)
 .text.ev_dma_epin5_handler
                0x000000000002ff46        0x6 modules/hal_nordic/nrfx/libmodules__hal_nordic__nrfx.a(nrfx_usbd.c.obj)
 .text.ev_dma_epin4_handler
                0x000000000002ff4c        0x6 modules/hal_nordic/nrfx/libmodules__hal_nordic__nrfx.a(nrfx_usbd.c.obj)
 .text.ev_dma_epin3_handler
                0x000000000002ff52        0x6 modules/hal_nordic/nrfx/libmodules__hal_nordic__nrfx.a(nrfx_usbd.c.obj)
 .text.ev_dma_epin2_handler
                0x000000000002ff58        0x6 modules/hal_nordic/nrfx/libmodules__hal_nordic__nrfx.a(nrfx_usbd.c.obj)